Archive member included to satisfy reference by file (symbol)

/usr/lib/gcc/arm-none-eabi/9.2.1/../../../arm-none-eabi/lib/thumb/v7e-m+fp/hard/libm.a(lib_a-s_fmax.o)
                              src/built-in.o (fmax)
/usr/lib/gcc/arm-none-eabi/9.2.1/../../../arm-none-eabi/lib/thumb/v7e-m+fp/hard/libm.a(lib_a-s_fmin.o)
                              src/built-in.o (fmin)
/usr/lib/gcc/arm-none-eabi/9.2.1/../../../arm-none-eabi/lib/thumb/v7e-m+fp/hard/libm.a(lib_a-s_fpclassify.o)
                              /usr/lib/gcc/arm-none-eabi/9.2.1/../../../arm-none-eabi/lib/thumb/v7e-m+fp/hard/libm.a(lib_a-s_fmax.o) (__fpclassifyd)
/usr/lib/gcc/arm-none-eabi/9.2.1/../../../arm-none-eabi/lib/thumb/v7e-m+fp/hard/libm.a(lib_a-sf_atan.o)
                              src/built-in.o (atanf)
/usr/lib/gcc/arm-none-eabi/9.2.1/../../../arm-none-eabi/lib/thumb/v7e-m+fp/hard/libm.a(lib_a-sf_cos.o)
                              src/built-in.o (cosf)
/usr/lib/gcc/arm-none-eabi/9.2.1/../../../arm-none-eabi/lib/thumb/v7e-m+fp/hard/libm.a(lib_a-sf_fabs.o)
                              /usr/lib/gcc/arm-none-eabi/9.2.1/../../../arm-none-eabi/lib/thumb/v7e-m+fp/hard/libm.a(lib_a-sf_atan.o) (fabsf)
/usr/lib/gcc/arm-none-eabi/9.2.1/../../../arm-none-eabi/lib/thumb/v7e-m+fp/hard/libm.a(lib_a-sf_fmax.o)
                              src/built-in.o (fmaxf)
/usr/lib/gcc/arm-none-eabi/9.2.1/../../../arm-none-eabi/lib/thumb/v7e-m+fp/hard/libm.a(lib_a-sf_fmin.o)
                              src/built-in.o (fminf)
/usr/lib/gcc/arm-none-eabi/9.2.1/../../../arm-none-eabi/lib/thumb/v7e-m+fp/hard/libm.a(lib_a-sf_fpclassify.o)
                              /usr/lib/gcc/arm-none-eabi/9.2.1/../../../arm-none-eabi/lib/thumb/v7e-m+fp/hard/libm.a(lib_a-sf_fmax.o) (__fpclassifyf)
/usr/lib/gcc/arm-none-eabi/9.2.1/../../../arm-none-eabi/lib/thumb/v7e-m+fp/hard/libm.a(lib_a-sf_sin.o)
                              src/built-in.o (sinf)
/usr/lib/gcc/arm-none-eabi/9.2.1/../../../arm-none-eabi/lib/thumb/v7e-m+fp/hard/libm.a(lib_a-sf_tan.o)
                              src/built-in.o (tanf)
/usr/lib/gcc/arm-none-eabi/9.2.1/../../../arm-none-eabi/lib/thumb/v7e-m+fp/hard/libm.a(lib_a-wf_acos.o)
                              src/built-in.o (acosf)
/usr/lib/gcc/arm-none-eabi/9.2.1/../../../arm-none-eabi/lib/thumb/v7e-m+fp/hard/libm.a(lib_a-wf_asin.o)
                              src/built-in.o (asinf)
/usr/lib/gcc/arm-none-eabi/9.2.1/../../../arm-none-eabi/lib/thumb/v7e-m+fp/hard/libm.a(lib_a-wf_atan2.o)
                              src/built-in.o (atan2f)
/usr/lib/gcc/arm-none-eabi/9.2.1/../../../arm-none-eabi/lib/thumb/v7e-m+fp/hard/libm.a(lib_a-wf_log10.o)
                              vendor/built-in.o (log10f)
/usr/lib/gcc/arm-none-eabi/9.2.1/../../../arm-none-eabi/lib/thumb/v7e-m+fp/hard/libm.a(lib_a-wf_pow.o)
                              src/built-in.o (powf)
/usr/lib/gcc/arm-none-eabi/9.2.1/../../../arm-none-eabi/lib/thumb/v7e-m+fp/hard/libm.a(lib_a-ef_acos.o)
                              /usr/lib/gcc/arm-none-eabi/9.2.1/../../../arm-none-eabi/lib/thumb/v7e-m+fp/hard/libm.a(lib_a-wf_acos.o) (__ieee754_acosf)
/usr/lib/gcc/arm-none-eabi/9.2.1/../../../arm-none-eabi/lib/thumb/v7e-m+fp/hard/libm.a(lib_a-ef_asin.o)
                              /usr/lib/gcc/arm-none-eabi/9.2.1/../../../arm-none-eabi/lib/thumb/v7e-m+fp/hard/libm.a(lib_a-wf_asin.o) (__ieee754_asinf)
/usr/lib/gcc/arm-none-eabi/9.2.1/../../../arm-none-eabi/lib/thumb/v7e-m+fp/hard/libm.a(lib_a-ef_atan2.o)
                              /usr/lib/gcc/arm-none-eabi/9.2.1/../../../arm-none-eabi/lib/thumb/v7e-m+fp/hard/libm.a(lib_a-wf_atan2.o) (__ieee754_atan2f)
/usr/lib/gcc/arm-none-eabi/9.2.1/../../../arm-none-eabi/lib/thumb/v7e-m+fp/hard/libm.a(lib_a-ef_log10.o)
                              /usr/lib/gcc/arm-none-eabi/9.2.1/../../../arm-none-eabi/lib/thumb/v7e-m+fp/hard/libm.a(lib_a-wf_log10.o) (__ieee754_log10f)
/usr/lib/gcc/arm-none-eabi/9.2.1/../../../arm-none-eabi/lib/thumb/v7e-m+fp/hard/libm.a(lib_a-ef_pow.o)
                              /usr/lib/gcc/arm-none-eabi/9.2.1/../../../arm-none-eabi/lib/thumb/v7e-m+fp/hard/libm.a(lib_a-wf_pow.o) (__ieee754_powf)
/usr/lib/gcc/arm-none-eabi/9.2.1/../../../arm-none-eabi/lib/thumb/v7e-m+fp/hard/libm.a(lib_a-ef_rem_pio2.o)
                              /usr/lib/gcc/arm-none-eabi/9.2.1/../../../arm-none-eabi/lib/thumb/v7e-m+fp/hard/libm.a(lib_a-sf_cos.o) (__ieee754_rem_pio2f)
/usr/lib/gcc/arm-none-eabi/9.2.1/../../../arm-none-eabi/lib/thumb/v7e-m+fp/hard/libm.a(lib_a-ef_sqrt.o)
                              /usr/lib/gcc/arm-none-eabi/9.2.1/../../../arm-none-eabi/lib/thumb/v7e-m+fp/hard/libm.a(lib_a-ef_acos.o) (__ieee754_sqrtf)
/usr/lib/gcc/arm-none-eabi/9.2.1/../../../arm-none-eabi/lib/thumb/v7e-m+fp/hard/libm.a(lib_a-kf_cos.o)
                              /usr/lib/gcc/arm-none-eabi/9.2.1/../../../arm-none-eabi/lib/thumb/v7e-m+fp/hard/libm.a(lib_a-sf_cos.o) (__kernel_cosf)
[...]
Memory Configuration

Name             Origin             Length             Attributes
RAM              0x0000000020000000 0x0000000000020000 xrw
CCMRAM           0x0000000010000000 0x0000000000010000 xrw
FLASH            0x0000000008004000 0x00000000000fc000 xr
FLASHPATCH       0x0000000000000000 0x0000000000000000 r
ENDFLASH         0x0000000000000000 0x0000000000000000 xr
FLASHB1          0x0000000000000000 0x0000000000000000 xr
EXTMEMB0         0x0000000000000000 0x0000000000000000 xr
EXTMEMB1         0x0000000000000000 0x0000000000000000 xr
EXTMEMB2         0x0000000000000000 0x0000000000000000 xr
EXTMEMB3         0x0000000000000000 0x0000000000000000 xr
*default*        0x0000000000000000 0xffffffffffffffff

Linker script and memory map

LOAD src/built-in.o
LOAD vendor/built-in.o
LOAD app_api/built-in.o
LOAD /usr/lib/gcc/arm-none-eabi/9.2.1/../../../arm-none-eabi/lib/thumb/v7e-m+fp/hard/libm.a
                0x0000000000000400                __Stack_Size = 0x400
                [!provide]                        PROVIDE (_Stack_Size = __Stack_Size)
                0x000000002001fbff                __Stack_Init = (_estack - __Stack_Size)
                [!provide]                        PROVIDE (_Stack_Init = __Stack_Init)
                0x0000000000000100                _Minimum_Stack_Size = 0x100
                [!provide]                        PROVIDE (Undefined_Handler = 0x0)
                [!provide]                        PROVIDE (SWI_Handler = 0x0)
                [!provide]                        PROVIDE (IRQ_Handler = 0x0)
                [!provide]                        PROVIDE (Prefetch_Handler = 0x0)
                [!provide]                        PROVIDE (Abort_Handler = 0x0)
                [!provide]                        PROVIDE (FIQ_Handler = 0x0)
                [!provide]                        PROVIDE (NMIException = 0x0)
                [!provide]                        PROVIDE (NMI_Handler = 0x0)
                [!provide]                        PROVIDE (HardFaultException = 0x0)
                [!provide]                        PROVIDE (HardFault_Handler = 0x0)
                [!provide]                        PROVIDE (MemManageException = 0x0)
                [!provide]                        PROVIDE (MemManage_Handler = 0x0)
                [!provide]                        PROVIDE (BusFaultException = 0x0)
                [!provide]                        PROVIDE (BusFault_Handler = 0x0)
                [!provide]                        PROVIDE (UsageFaultException = 0x0)
                [!provide]                        PROVIDE (UsageFault_Handler = 0x0)
                [!provide]                        PROVIDE (SVCHandler = 0x0)
                [!provide]                        PROVIDE (SVC_Handler = 0x0)
                [!provide]                        PROVIDE (DebugMonitor = 0x0)
                [!provide]                        PROVIDE (DebugMon_Handler = 0x0)
                [!provide]                        PROVIDE (PendSVC = 0x0)
                [!provide]                        PROVIDE (PendSV_Handler = 0x0)
                [!provide]                        PROVIDE (SysTickHandler = 0x0)
                [!provide]                        PROVIDE (SysTick_Handler = 0x0)
                [!provide]                        PROVIDE (WWDG_IRQHandler = 0x0)
                [!provide]                        PROVIDE (PVD_IRQHandler = 0x0)
                [!provide]                        PROVIDE (TAMPER_IRQHandler = 0x0)
                [!provide]                        PROVIDE (RTC_IRQHandler = 0x0)
                [!provide]                        PROVIDE (FLASH_IRQHandler = 0x0)
                [!provide]                        PROVIDE (RCC_IRQHandler = 0x0)
                [!provide]                        PROVIDE (EXTI0_IRQHandler = 0x0)
                [!provide]                        PROVIDE (EXTI1_IRQHandler = 0x0)
                [!provide]                        PROVIDE (EXTI2_IRQHandler = 0x0)
                [!provide]                        PROVIDE (EXTI3_IRQHandler = 0x0)
                [!provide]                        PROVIDE (EXTI4_IRQHandler = 0x0)
                [!provide]                        PROVIDE (DMAChannel1_IRQHandler = 0x0)
                [!provide]                        PROVIDE (DMAChannel2_IRQHandler = 0x0)
                [!provide]                        PROVIDE (DMAChannel3_IRQHandler = 0x0)
                [!provide]                        PROVIDE (DMAChannel4_IRQHandler = 0x0)
                [!provide]                        PROVIDE (DMAChannel5_IRQHandler = 0x0)
                [!provide]                        PROVIDE (DMAChannel6_IRQHandler = 0x0)
                [!provide]                        PROVIDE (DMAChannel7_IRQHandler = 0x0)
                [!provide]                        PROVIDE (DMA1_Channel1_IRQHandler = 0x0)
                [!provide]                        PROVIDE (DMA1_Channel2_IRQHandler = 0x0)
                [!provide]                        PROVIDE (DMA1_Channel3_IRQHandler = 0x0)
                [!provide]                        PROVIDE (DMA1_Channel4_IRQHandler = 0x0)
                [!provide]                        PROVIDE (DMA1_Channel5_IRQHandler = 0x0)
                [!provide]                        PROVIDE (DMA1_Channel6_IRQHandler = 0x0)
                [!provide]                        PROVIDE (DMA1_Channel7_IRQHandler = 0x0)
                [!provide]                        PROVIDE (ADC_IRQHandler = 0x0)
                [!provide]                        PROVIDE (ADC1_2_IRQHandler = 0x0)
                [!provide]                        PROVIDE (USB_HP_CAN_TX_IRQHandler = 0x0)
                [!provide]                        PROVIDE (USB_HP_CAN1_TX_IRQHandler = 0x0)
                [!provide]                        PROVIDE (USB_LP_CAN_RX0_IRQHandler = 0x0)
                [!provide]                        PROVIDE (USB_LP_CAN1_RX0_IRQHandler = 0x0)
                [!provide]                        PROVIDE (CAN_RX1_IRQHandler = 0x0)
                [!provide]                        PROVIDE (CAN1_RX1_IRQHandler = 0x0)
                [!provide]                        PROVIDE (CAN_SCE_IRQHandler = 0x0)
                [!provide]                        PROVIDE (CAN1_SCE_IRQHandler = 0x0)
                [!provide]                        PROVIDE (EXTI9_5_IRQHandler = 0x0)
                [!provide]                        PROVIDE (TIM1_BRK_IRQHandler = 0x0)
                [!provide]                        PROVIDE (TIM1_UP_IRQHandler = 0x0)
                [!provide]                        PROVIDE (TIM1_TRG_COM_IRQHandler = 0x0)
                [!provide]                        PROVIDE (TIM1_CC_IRQHandler = 0x0)
                [!provide]                        PROVIDE (TIM2_IRQHandler = 0x0)
                [!provide]                        PROVIDE (TIM3_IRQHandler = 0x0)
                [!provide]                        PROVIDE (TIM4_IRQHandler = 0x0)
                [!provide]                        PROVIDE (I2C1_EV_IRQHandler = 0x0)
                [!provide]                        PROVIDE (I2C1_ER_IRQHandler = 0x0)
                [!provide]                        PROVIDE (I2C2_EV_IRQHandler = 0x0)
                [!provide]                        PROVIDE (I2C2_ER_IRQHandler = 0x0)
                [!provide]                        PROVIDE (SPI1_IRQHandler = 0x0)
                [!provide]                        PROVIDE (SPI2_IRQHandler = 0x0)
                [!provide]                        PROVIDE (USART1_IRQHandler = 0x0)
                [!provide]                        PROVIDE (USART2_IRQHandler = 0x0)
                [!provide]                        PROVIDE (USART3_IRQHandler = 0x0)
                [!provide]                        PROVIDE (EXTI15_10_IRQHandler = 0x0)
                [!provide]                        PROVIDE (RTCAlarm_IRQHandler = 0x0)
                [!provide]                        PROVIDE (USBWakeUp_IRQHandler = 0x0)
                [!provide]                        PROVIDE (TIM8_BRK_IRQHandler = 0x0)
                [!provide]                        PROVIDE (TIM8_UP_IRQHandler = 0x0)
                [!provide]                        PROVIDE (TIM8_TRG_COM_IRQHandler = 0x0)
                [!provide]                        PROVIDE (TIM8_CC_IRQHandler = 0x0)
                [!provide]                        PROVIDE (ADC3_IRQHandler = 0x0)
                [!provide]                        PROVIDE (FSMC_IRQHandler = 0x0)
                [!provide]                        PROVIDE (SDIO_IRQHandler = 0x0)
                [!provide]                        PROVIDE (TIM5_IRQHandler = 0x0)
                [!provide]                        PROVIDE (SPI3_IRQHandler = 0x0)
                [!provide]                        PROVIDE (UART4_IRQHandler = 0x0)
                [!provide]                        PROVIDE (UART5_IRQHandler = 0x0)
                [!provide]                        PROVIDE (TIM6_IRQHandler = 0x0)
                [!provide]                        PROVIDE (TIM7_IRQHandler = 0x0)
                [!provide]                        PROVIDE (DMA2_Channel1_IRQHandler = 0x0)
                [!provide]                        PROVIDE (DMA2_Channel2_IRQHandler = 0x0)
                [!provide]                        PROVIDE (DMA2_Channel3_IRQHandler = 0x0)
                [!provide]                        PROVIDE (DMA2_Channel4_5_IRQHandler = 0x0)
                0x0000000042000000                PERIPH_BB_BASE = 0x42000000
                0x0000000022000000                SRAM_BB_BASE = 0x22000000
                0x0000000020000000                SRAM_BASE = 0x20000000
                0x0000000040000000                PERIPH_BASE = 0x40000000
                [!provide]                        PROVIDE (FLASH_BASE = 0x40022000)
                [!provide]                        PROVIDE (OB_BASE = 0x1ffff800)
                0x0000000040000000                APB1PERIPH_BASE = PERIPH_BASE
                0x0000000040010000                APB2PERIPH_BASE = (PERIPH_BASE + 0x10000)
                0x0000000040020000                AHBPERIPH_BASE = (PERIPH_BASE + 0x20000)
                [!provide]                        PROVIDE (TIM2 = (APB1PERIPH_BASE + 0x0))
                [!provide]                        PROVIDE (TIM3 = (APB1PERIPH_BASE + 0x400))
                [!provide]                        PROVIDE (TIM4 = (APB1PERIPH_BASE + 0x800))
                [!provide]                        PROVIDE (RTC = (APB1PERIPH_BASE + 0x2800))
                [!provide]                        PROVIDE (WWDG = (APB1PERIPH_BASE + 0x2c00))
                [!provide]                        PROVIDE (IWDG = (APB1PERIPH_BASE + 0x3000))
                [!provide]                        PROVIDE (SPI2 = (APB1PERIPH_BASE + 0x3800))
                [!provide]                        PROVIDE (USART2 = (APB1PERIPH_BASE + 0x4400))
                [!provide]                        PROVIDE (USART3 = (APB1PERIPH_BASE + 0x4800))
                [!provide]                        PROVIDE (I2C1 = (APB1PERIPH_BASE + 0x5400))
                [!provide]                        PROVIDE (I2C2 = (APB1PERIPH_BASE + 0x5800))
                [!provide]                        PROVIDE (CAN = (APB1PERIPH_BASE + 0x6400))
                [!provide]                        PROVIDE (BKP = (APB1PERIPH_BASE + 0x6c00))
                [!provide]                        PROVIDE (PWR = (APB1PERIPH_BASE + 0x7000))
                [!provide]                        PROVIDE (AFIO = (APB2PERIPH_BASE + 0x0))
                [!provide]                        PROVIDE (EXTI = (APB2PERIPH_BASE + 0x400))
                [!provide]                        PROVIDE (GPIOA = (APB2PERIPH_BASE + 0x800))
                [!provide]                        PROVIDE (GPIOB = (APB2PERIPH_BASE + 0xc00))
                [!provide]                        PROVIDE (GPIOC = (APB2PERIPH_BASE + 0x1000))
                [!provide]                        PROVIDE (GPIOD = (APB2PERIPH_BASE + 0x1400))
                [!provide]                        PROVIDE (GPIOE = (APB2PERIPH_BASE + 0x1800))
                [!provide]                        PROVIDE (ADC1 = (APB2PERIPH_BASE + 0x2400))
                [!provide]                        PROVIDE (ADC2 = (APB2PERIPH_BASE + 0x2800))
                [!provide]                        PROVIDE (TIM1 = (APB2PERIPH_BASE + 0x2c00))
                [!provide]                        PROVIDE (SPI1 = (APB2PERIPH_BASE + 0x3000))
                [!provide]                        PROVIDE (USART1 = (APB2PERIPH_BASE + 0x3800))
                [!provide]                        PROVIDE (DMA = (AHBPERIPH_BASE + 0x0))
                [!provide]                        PROVIDE (DMA_Channel1 = (AHBPERIPH_BASE + 0x8))
                [!provide]                        PROVIDE (DMA_Channel2 = (AHBPERIPH_BASE + 0x1c))
                [!provide]                        PROVIDE (DMA_Channel3 = (AHBPERIPH_BASE + 0x30))
                [!provide]                        PROVIDE (DMA_Channel4 = (AHBPERIPH_BASE + 0x44))
                [!provide]                        PROVIDE (DMA_Channel5 = (AHBPERIPH_BASE + 0x58))
                [!provide]                        PROVIDE (DMA_Channel6 = (AHBPERIPH_BASE + 0x6c))
                [!provide]                        PROVIDE (DMA_Channel7 = (AHBPERIPH_BASE + 0x80))
                [!provide]                        PROVIDE (RCC = (AHBPERIPH_BASE + 0x1000))
                0x00000000e000e000                SCS_BASE = 0xe000e000
                [!provide]                        PROVIDE (SysTick = (SCS_BASE + 0x10))
                [!provide]                        PROVIDE (NVIC = (SCS_BASE + 0x100))
                [!provide]                        PROVIDE (SCB = (SCS_BASE + 0xd00))
                0x000000002001ffff                _estack = 0x2001ffff

.isr_vector     0x0000000008004000      0x188
                0x0000000008004000                . = ALIGN (0x4)
 *(.isr_vector)
 .isr_vector    0x0000000008004000      0x188 src/built-in.o
                0x0000000008004000                g_pfnVectors
                0x0000000008004188                . = ALIGN (0x4)

.flashtext      0x0000000008004188        0x0
                0x0000000008004188                . = ALIGN (0x4)
 *(.flashtext)
                0x0000000008004188                . = ALIGN (0x4)

.text           0x00000000080041c0    0x2af30
                0x00000000080041c0                . = ALIGN (0x4)
                0x00000000080041c0                _stext = .
 *(.text)
 .text          0x00000000080041c0      0x19c /usr/lib/gcc/arm-none-eabi/9.2.1/../../../arm-none-eabi/lib/thumb/v7e-m+fp/hard/libm.a(lib_a-sf_atan.o)
                0x00000000080041c0                atanf
 .text          0x000000000800435c       0x90 /usr/lib/gcc/arm-none-eabi/9.2.1/../../../arm-none-eabi/lib/thumb/v7e-m+fp/hard/libm.a(lib_a-sf_cos.o)
                0x000000000800435c                cosf
 .text          0x00000000080043ec       0x10 /usr/lib/gcc/arm-none-eabi/9.2.1/../../../arm-none-eabi/lib/thumb/v7e-m+fp/hard/libm.a(lib_a-sf_fabs.o)
                0x00000000080043ec                fabsf
 .text          0x00000000080043fc       0x3c /usr/lib/gcc/arm-none-eabi/9.2.1/../../../arm-none-eabi/lib/thumb/v7e-m+fp/hard/libm.a(lib_a-sf_fmax.o)
                0x00000000080043fc                fmaxf
 .text          0x0000000008004438       0x3c /usr/lib/gcc/arm-none-eabi/9.2.1/../../../arm-none-eabi/lib/thumb/v7e-m+fp/hard/libm.a(lib_a-sf_fmin.o)
                0x0000000008004438                fminf
 .text          0x0000000008004474       0x38 /usr/lib/gcc/arm-none-eabi/9.2.1/../../../arm-none-eabi/lib/thumb/v7e-m+fp/hard/libm.a(lib_a-sf_fpclassify.o)
                0x0000000008004474                __fpclassifyf
 .text          0x00000000080044ac       0x94 /usr/lib/gcc/arm-none-eabi/9.2.1/../../../arm-none-eabi/lib/thumb/v7e-m+fp/hard/libm.a(lib_a-sf_sin.o)
                0x00000000080044ac                sinf
 .text          0x0000000008004540       0x5c /usr/lib/gcc/arm-none-eabi/9.2.1/../../../arm-none-eabi/lib/thumb/v7e-m+fp/hard/libm.a(lib_a-sf_tan.o)
                0x0000000008004540                tanf
 .text          0x000000000800459c       0x64 /usr/lib/gcc/arm-none-eabi/9.2.1/../../../arm-none-eabi/lib/thumb/v7e-m+fp/hard/libm.a(lib_a-wf_acos.o)
                0x000000000800459c                acosf
 .text          0x0000000008004600       0x64 /usr/lib/gcc/arm-none-eabi/9.2.1/../../../arm-none-eabi/lib/thumb/v7e-m+fp/hard/libm.a(lib_a-wf_asin.o)
                0x0000000008004600                asinf
 .text          0x0000000008004664        0x4 /usr/lib/gcc/arm-none-eabi/9.2.1/../../../arm-none-eabi/lib/thumb/v7e-m+fp/hard/libm.a(lib_a-wf_atan2.o)
                0x0000000008004664                atan2f
 .text          0x0000000008004668      0x140 /usr/lib/gcc/arm-none-eabi/9.2.1/../../../arm-none-eabi/lib/thumb/v7e-m+fp/hard/libm.a(lib_a-wf_pow.o)
                0x0000000008004668                powf
 .text          0x00000000080047a8      0x240 /usr/lib/gcc/arm-none-eabi/9.2.1/../../../arm-none-eabi/lib/thumb/v7e-m+fp/hard/libm.a(lib_a-ef_acos.o)
                0x00000000080047a8                __ieee754_acosf
 .text          0x00000000080049e8      0x1f8 /usr/lib/gcc/arm-none-eabi/9.2.1/../../../arm-none-eabi/lib/thumb/v7e-m+fp/hard/libm.a(lib_a-ef_asin.o)
                0x00000000080049e8                __ieee754_asinf
 .text          0x0000000008004be0      0x17c /usr/lib/gcc/arm-none-eabi/9.2.1/../../../arm-none-eabi/lib/thumb/v7e-m+fp/hard/libm.a(lib_a-ef_atan2.o)
                0x0000000008004be0                __ieee754_atan2f
 .text          0x0000000008004d5c      0x614 /usr/lib/gcc/arm-none-eabi/9.2.1/../../../arm-none-eabi/lib/thumb/v7e-m+fp/hard/libm.a(lib_a-ef_pow.o)
                0x0000000008004d5c                __ieee754_powf
 .text          0x0000000008005370      0x298 /usr/lib/gcc/arm-none-eabi/9.2.1/../../../arm-none-eabi/lib/thumb/v7e-m+fp/hard/libm.a(lib_a-ef_rem_pio2.o)
                0x0000000008005370                __ieee754_rem_pio2f
 .text          0x0000000008005608        0x8 /usr/lib/gcc/arm-none-eabi/9.2.1/../../../arm-none-eabi/lib/thumb/v7e-m+fp/hard/libm.a(lib_a-ef_sqrt.o)
                0x0000000008005608                __ieee754_sqrtf
 .text          0x0000000008005610      0x104 /usr/lib/gcc/arm-none-eabi/9.2.1/../../../arm-none-eabi/lib/thumb/v7e-m+fp/hard/libm.a(lib_a-kf_cos.o)
                0x0000000008005610                __kernel_cosf
 .text          0x0000000008005714      0x664 /usr/lib/gcc/arm-none-eabi/9.2.1/../../../arm-none-eabi/lib/thumb/v7e-m+fp/hard/libm.a(lib_a-kf_rem_pio2.o)
                0x0000000008005714                __kernel_rem_pio2f
 .text          0x0000000008005d78       0x90 /usr/lib/gcc/arm-none-eabi/9.2.1/../../../arm-none-eabi/lib/thumb/v7e-m+fp/hard/libm.a(lib_a-kf_sin.o)
                0x0000000008005d78                __kernel_sinf
 .text          0x0000000008005e08      0x1c8 /usr/lib/gcc/arm-none-eabi/9.2.1/../../../arm-none-eabi/lib/thumb/v7e-m+fp/hard/libm.a(lib_a-kf_tan.o)
                0x0000000008005e08                __kernel_tanf
 .text          0x0000000008005fd0       0x14 /usr/lib/gcc/arm-none-eabi/9.2.1/../../../arm-none-eabi/lib/thumb/v7e-m+fp/hard/libm.a(lib_a-sf_finite.o)
                0x0000000008005fd0                finitef
 .text          0x0000000008005fe4       0x88 /usr/lib/gcc/arm-none-eabi/9.2.1/../../../arm-none-eabi/lib/thumb/v7e-m+fp/hard/libm.a(lib_a-sf_floor.o)
                0x0000000008005fe4                floorf
 .text          0x000000000800606c        0xc /usr/lib/gcc/arm-none-eabi/9.2.1/../../../arm-none-eabi/lib/thumb/v7e-m+fp/hard/libm.a(lib_a-sf_nan.o)
                0x000000000800606c                nanf
 .text          0x0000000008006078       0xb8 /usr/lib/gcc/arm-none-eabi/9.2.1/../../../arm-none-eabi/lib/thumb/v7e-m+fp/hard/libm.a(lib_a-sf_rint.o)
                0x0000000008006078                rintf
 .text          0x0000000008006130       0xe4 /usr/lib/gcc/arm-none-eabi/9.2.1/../../../arm-none-eabi/lib/thumb/v7e-m+fp/hard/libm.a(lib_a-sf_scalbn.o)
                0x0000000008006130                scalbnf
 .text          0x0000000008006214        0xc /usr/lib/gcc/arm-none-eabi/9.2.1/../../../arm-none-eabi/lib/thumb/v7e-m+fp/hard/libc.a(lib_a-errno.o)
                0x0000000008006214                __errno
 .text          0x0000000008006220       0x60 /usr/lib/gcc/arm-none-eabi/9.2.1/../../../arm-none-eabi/lib/thumb/v7e-m+fp/hard/libc.a(lib_a-memcmp.o)
                0x0000000008006220                memcmp
 .text          0x0000000008006280      0x134 /usr/lib/gcc/arm-none-eabi/9.2.1/../../../arm-none-eabi/lib/thumb/v7e-m+fp/hard/libc.a(lib_a-memcpy.o)
                0x0000000008006280                memcpy
 .text          0x00000000080063b4       0xa0 /usr/lib/gcc/arm-none-eabi/9.2.1/../../../arm-none-eabi/lib/thumb/v7e-m+fp/hard/libc.a(lib_a-memset.o)
                0x00000000080063b4                memset
 .text          0x0000000008006454       0x40 /usr/lib/gcc/arm-none-eabi/9.2.1/../../../arm-none-eabi/lib/thumb/v7e-m+fp/hard/libc.a(lib_a-strcat.o)
                0x0000000008006454                strcat
 .text          0x0000000008006494       0xc8 /usr/lib/gcc/arm-none-eabi/9.2.1/../../../arm-none-eabi/lib/thumb/v7e-m+fp/hard/libc.a(lib_a-strchr.o)
                0x0000000008006494                strchr
 *fill*         0x000000000800655c        0x4 
 .text          0x0000000008006560      0x2dc /usr/lib/gcc/arm-none-eabi/9.2.1/../../../arm-none-eabi/lib/thumb/v7e-m+fp/hard/libc.a(lib_a-strcmp.o)
                0x0000000008006568                strcmp
 .text          0x000000000800683c       0xbc /usr/lib/gcc/arm-none-eabi/9.2.1/../../../arm-none-eabi/lib/thumb/v7e-m+fp/hard/libc.a(lib_a-strcpy.o)
                0x000000000800683c                strcpy
 *fill*         0x00000000080068f8        0x8 
 .text          0x0000000008006900       0xdc /usr/lib/gcc/arm-none-eabi/9.2.1/../../../arm-none-eabi/lib/thumb/v7e-m+fp/hard/libc.a(lib_a-strlen.o)
                0x0000000008006900                strlen
 .text          0x00000000080069dc       0xa4 /usr/lib/gcc/arm-none-eabi/9.2.1/../../../arm-none-eabi/lib/thumb/v7e-m+fp/hard/libc.a(lib_a-strncmp.o)
                0x00000000080069dc                strncmp
 .text          0x0000000008006a80       0x74 /usr/lib/gcc/arm-none-eabi/9.2.1/../../../arm-none-eabi/lib/thumb/v7e-m+fp/hard/libc.a(lib_a-strncpy.o)
                0x0000000008006a80                strncpy
 .text          0x0000000008006af4       0x10 /usr/lib/gcc/arm-none-eabi/9.2.1/../../../arm-none-eabi/lib/thumb/v7e-m+fp/hard/libc.a(lib_a-strtok.o)
                0x0000000008006af4                strtok
 .text          0x0000000008006b04       0x70 /usr/lib/gcc/arm-none-eabi/9.2.1/../../../arm-none-eabi/lib/thumb/v7e-m+fp/hard/libc.a(lib_a-strtok_r.o)
                0x0000000008006b04                __strtok_r
                0x0000000008006b6c                strtok_r
 .text          0x0000000008006b74      0x168 /usr/lib/gcc/arm-none-eabi/9.2.1/../../../arm-none-eabi/lib/thumb/v7e-m+fp/hard/libc.a(lib_a-strtol.o)
                0x0000000008006ca8                _strtol_r
                0x0000000008006cac                strtol_l
                0x0000000008006cc4                strtol
 .text          0x0000000008006cdc      0x378 /usr/lib/gcc/arm-none-eabi/9.2.1/thumb/v7e-m+fp/hard/libgcc.a(_arm_addsubdf3.o)
                0x0000000008006cdc                __aeabi_drsub
                0x0000000008006ce4                __aeabi_dsub
                0x0000000008006ce4                __subdf3
                0x0000000008006ce8                __adddf3
                0x0000000008006ce8                __aeabi_dadd
                0x0000000008006f60                __aeabi_ui2d
                0x0000000008006f60                __floatunsidf
                0x0000000008006f80                __aeabi_i2d
                0x0000000008006f80                __floatsidf
                0x0000000008006fa4                __extendsfdf2
                0x0000000008006fa4                __aeabi_f2d
                0x0000000008006fe8                __aeabi_ul2d
                0x0000000008006fe8                __floatundidf
                0x0000000008006ff8                __floatdidf
                0x0000000008006ff8                __aeabi_l2d
 .text          0x0000000008007054      0x424 /usr/lib/gcc/arm-none-eabi/9.2.1/thumb/v7e-m+fp/hard/libgcc.a(_arm_muldivdf3.o)
                0x0000000008007054                __aeabi_dmul
                0x0000000008007054                __muldf3
                0x00000000080072a8                __aeabi_ddiv
                0x00000000080072a8                __divdf3
 .text          0x0000000008007478      0x110 /usr/lib/gcc/arm-none-eabi/9.2.1/thumb/v7e-m+fp/hard/libgcc.a(_arm_cmpdf2.o)
                0x0000000008007478                __gtdf2
                0x0000000008007478                __gedf2
                0x0000000008007480                __ltdf2
                0x0000000008007480                __ledf2
                0x0000000008007488                __cmpdf2
                0x0000000008007488                __nedf2
                0x0000000008007488                __eqdf2
                0x0000000008007504                __aeabi_cdrcmple
                0x0000000008007514                __aeabi_cdcmple
                0x0000000008007514                __aeabi_cdcmpeq
                0x0000000008007524                __aeabi_dcmpeq
                0x0000000008007538                __aeabi_dcmplt
                0x000000000800754c                __aeabi_dcmple
                0x0000000008007560                __aeabi_dcmpge
                0x0000000008007574                __aeabi_dcmpgt
 .text          0x0000000008007588       0x40 /usr/lib/gcc/arm-none-eabi/9.2.1/thumb/v7e-m+fp/hard/libgcc.a(_arm_fixunsdfsi.o)
                0x0000000008007588                __aeabi_d2uiz
                0x0000000008007588                __fixunsdfsi
 .text          0x00000000080075c8       0xa0 /usr/lib/gcc/arm-none-eabi/9.2.1/thumb/v7e-m+fp/hard/libgcc.a(_arm_truncdfsf2.o)
                0x00000000080075c8                __aeabi_d2f
                0x00000000080075c8                __truncdfsf2
 .text          0x0000000008007668      0x21c /usr/lib/gcc/arm-none-eabi/9.2.1/thumb/v7e-m+fp/hard/libgcc.a(_arm_addsubsf3.o)
                0x0000000008007668                __aeabi_frsub
                0x0000000008007670                __aeabi_fsub
                0x0000000008007670                __subsf3
                0x0000000008007674                __aeabi_fadd
                0x0000000008007674                __addsf3
                0x00000000080077d4                __aeabi_ui2f
                0x00000000080077d4                __floatunsisf
                0x00000000080077dc                __floatsisf
                0x00000000080077dc                __aeabi_i2f
                0x00000000080077f8                __floatundisf
                0x00000000080077f8                __aeabi_ul2f
                0x0000000008007808                __floatdisf
                0x0000000008007808                __aeabi_l2f
 .text          0x0000000008007884       0x30 /usr/lib/gcc/arm-none-eabi/9.2.1/thumb/v7e-m+fp/hard/libgcc.a(_aeabi_uldivmod.o)
                0x0000000008007884                __aeabi_uldivmod
 .text          0x00000000080078b4       0x28 /usr/lib/gcc/arm-none-eabi/9.2.1/thumb/v7e-m+fp/hard/libgcc.a(_popcountsi2.o)
                0x00000000080078b4                __popcountsi2
 .text          0x00000000080078dc       0x28 /usr/lib/gcc/arm-none-eabi/9.2.1/thumb/v7e-m+fp/hard/libgcc.a(_fixsfdi.o)
                0x00000000080078dc                __fixsfdi
                0x00000000080078dc                __aeabi_f2lz
 .text          0x0000000008007904       0x40 /usr/lib/gcc/arm-none-eabi/9.2.1/thumb/v7e-m+fp/hard/libgcc.a(_fixunssfdi.o)
                0x0000000008007904                __fixunssfdi
                0x0000000008007904                __aeabi_f2ulz
 .text          0x0000000008007944      0x2c4 /usr/lib/gcc/arm-none-eabi/9.2.1/thumb/v7e-m+fp/hard/libgcc.a(_udivmoddi4.o)
                0x0000000008007944                __udivmoddi4
 .text          0x0000000008007c08        0x4 /usr/lib/gcc/arm-none-eabi/9.2.1/thumb/v7e-m+fp/hard/libgcc.a(_dvmd_tls.o)
                0x0000000008007c08                __aeabi_ldiv0
                0x0000000008007c08                __aeabi_idiv0
 *(.text.*)
 .text.analogRead
                0x0000000008007c0c       0x64 src/built-in.o
                0x0000000008007c0c                analogRead
 .text.analogReadResolution
                0x0000000008007c70       0x60 src/built-in.o
                0x0000000008007c70                analogReadResolution
 .text.adcInit  0x0000000008007cd0       0x48 src/built-in.o
                0x0000000008007cd0                adcInit
 .text.analogReadVoltage
                0x0000000008007d18       0x3c src/built-in.o
                0x0000000008007d18                analogReadVoltage
 .text.DMA2_Stream5_IRQHandler
                0x0000000008007d54       0x68 src/built-in.o
                0x0000000008007d54                DMA2_Stream5_IRQHandler
 .text.DMA2_Stream0_IRQHandler
                0x0000000008007dbc       0x68 src/built-in.o
                0x0000000008007dbc                DMA2_Stream0_IRQHandler
 .text.deckdriversInit
                0x0000000008007e24       0x30 src/built-in.o
 .text.deckDriverCount
                0x0000000008007e54       0x10 src/built-in.o
                0x0000000008007e54                deckDriverCount
 .text.deckFindDriverByVidPid
                0x0000000008007e64       0x38 src/built-in.o
                0x0000000008007e64                deckFindDriverByVidPid
 .text.deckFindDriverByName
                0x0000000008007e9c       0x40 src/built-in.o
                0x0000000008007e9c                deckFindDriverByName
 .text.findType
                0x0000000008007edc       0x24 src/built-in.o
 .text.deckCount
                0x0000000008007f00        0xc src/built-in.o
                0x0000000008007f00                deckCount
 .text.deckInfo
                0x0000000008007f0c       0x1c src/built-in.o
                0x0000000008007f0c                deckInfo
 .text.deckTlvHasElement
                0x0000000008007f28        0xc src/built-in.o
                0x0000000008007f28                deckTlvHasElement
 .text.deckTlvGetString
                0x0000000008007f34       0x3c src/built-in.o
                0x0000000008007f34                deckTlvGetString
 .text.printDeckInfo
                0x0000000008007f70       0x90 src/built-in.o
                0x0000000008007f70                printDeckInfo
 .text.deckInfoInit
                0x0000000008008000      0x2fc src/built-in.o
                0x0000000008008000                deckInfoInit
 .text.deckGetRequiredEstimator
                0x00000000080082fc        0xc src/built-in.o
                0x00000000080082fc                deckGetRequiredEstimator
 .text.deckGetRequiredLowInterferenceRadioMode
                0x0000000008008308        0xc src/built-in.o
                0x0000000008008308                deckGetRequiredLowInterferenceRadioMode
 .text.handleMemGetSize
                0x0000000008008314       0x18 src/built-in.o
 .text.handleCommandForDevice
                0x000000000800832c       0x30 src/built-in.o
 .text.handleMemWrite
                0x000000000800835c      0x160 src/built-in.o
 .text.populateDeckMemoryInfoBuffer
                0x00000000080084bc       0xa6 src/built-in.o
 *fill*         0x0000000008008562        0x2 
 .text.handleMemRead
                0x0000000008008564      0x1b8 src/built-in.o
 .text.deckMemoryInit
                0x000000000800871c        0xc src/built-in.o
                0x000000000800871c                deckMemoryInit
 .text.deckInit
                0x0000000008008728       0x78 src/built-in.o
                0x0000000008008728                deckInit
 .text.deckTest
                0x00000000080087a0       0x5c src/built-in.o
                0x00000000080087a0                deckTest
 .text.decktestSaveGPIOStatesABC
                0x00000000080087fc       0x68 src/built-in.o
                0x00000000080087fc                decktestSaveGPIOStatesABC
 .text.decktestRestoreGPIOStatesABC
                0x0000000008008864       0x54 src/built-in.o
                0x0000000008008864                decktestRestoreGPIOStatesABC
 .text.exptestTestAllPins
                0x00000000080088b8       0x50 src/built-in.o
 .text.exptestRun
                0x0000000008008908      0x2e4 src/built-in.o
 .text.exptestRRTestAllPins
                0x0000000008008bec       0x50 src/built-in.o
 .text.exptestRRRun
                0x0000000008008c3c      0x100 src/built-in.o
 .text.exptestTestPin
                0x0000000008008d3c       0x30 src/built-in.o
 .text.handleLedringmemGetSize
                0x0000000008008d6c        0x4 src/built-in.o
 .text.handleTimingmemGetSize
                0x0000000008008d70        0x6 src/built-in.o
 *fill*         0x0000000008008d76        0x2 
 .text.whiteSpinEffect
                0x0000000008008d78       0x54 src/built-in.o
 .text.solidColorEffect
                0x0000000008008dcc       0x9c src/built-in.o
 .text.virtualMemEffect
                0x0000000008008e68       0x60 src/built-in.o
 .text.boatEffect
                0x0000000008008ec8       0x78 src/built-in.o
 .text.colorSpinEffect
                0x0000000008008f40       0x54 src/built-in.o
 .text.spinEffect2
                0x0000000008008f94       0x64 src/built-in.o
 .text.doubleSpinEffect
                0x0000000008008ff8       0x70 src/built-in.o
 .text.siren    0x0000000008009068       0x94 src/built-in.o
 .text.fadeColorEffect
                0x00000000080090fc      0x1d4 src/built-in.o
 .text.lighthouseEffect
                0x00000000080092d0       0x98 src/built-in.o
 .text.locSrvStatus
                0x0000000008009368       0xac src/built-in.o
 .text.rssiEffect
                0x0000000008009414       0xa0 src/built-in.o
 .text.batteryChargeEffect
                0x00000000080094b4       0xe4 src/built-in.o
 .text.brightnessEffect
                0x0000000008009598      0x130 src/built-in.o
 .text.gravityLight
                0x00000000080096c8      0x140 src/built-in.o
 .text.ledring12Timer
                0x0000000008009808       0x44 src/built-in.o
 .text.handleTimingmemWrite
                0x000000000800984c       0x24 src/built-in.o
 .text.handleTimingmemRead
                0x0000000008009870       0x24 src/built-in.o
 .text.handleLedringmemWrite
                0x0000000008009894       0x24 src/built-in.o
 .text.handleLedringmemRead
                0x00000000080098b8       0x28 src/built-in.o
 .text.blackEffect
                0x00000000080098e0       0x16 src/built-in.o
 *fill*         0x00000000080098f6        0x2 
 .text.ledTestEffect
                0x00000000080098f8       0xb0 src/built-in.o
 .text.tiltEffect
                0x00000000080099a8      0x1e8 src/built-in.o
 .text.ledring12Init
                0x0000000008009b90       0x7c src/built-in.o
 .text.ledring12Worker
                0x0000000008009c0c       0x8c src/built-in.o
                0x0000000008009c0c                ledring12Worker
 .text.timeMemEffect
                0x0000000008009c98      0x410 src/built-in.o
 .text.ledTimerHandle
                0x000000000800a0a8        0x4 src/built-in.o
 .text.lighthouseInit
                0x000000000800a0ac       0x68 src/built-in.o
 .text.ak8963EvaluateSelfTest
                0x000000000800a114       0x30 src/built-in.o
 .text.ak8963Init
                0x000000000800a144       0x14 src/built-in.o
                0x000000000800a144                ak8963Init
 .text.ak8963TestConnection
                0x000000000800a158       0x30 src/built-in.o
                0x000000000800a158                ak8963TestConnection
 .text.ak8963GetDataReady
                0x000000000800a188       0x30 src/built-in.o
                0x000000000800a188                ak8963GetDataReady
 .text.ak8963GetHeading
                0x000000000800a1b8       0x4c src/built-in.o
                0x000000000800a1b8                ak8963GetHeading
 .text.ak8963GetOverflowStatus
                0x000000000800a204       0x30 src/built-in.o
                0x000000000800a204                ak8963GetOverflowStatus
 .text.ak8963SetMode
                0x000000000800a234       0x18 src/built-in.o
                0x000000000800a234                ak8963SetMode
 .text.ak8963SetSelfTest
                0x000000000800a24c       0x24 src/built-in.o
                0x000000000800a24c                ak8963SetSelfTest
 .text.ak8963SelfTest
                0x000000000800a270       0xd4 src/built-in.o
                0x000000000800a270                ak8963SelfTest
 .text.TIM8_TRG_COM_TIM14_IRQHandler
                0x000000000800a344       0x84 src/built-in.o
                0x000000000800a344                TIM8_TRG_COM_TIM14_IRQHandler
 .text.eepromInit
                0x000000000800a3c8       0x34 src/built-in.o
                0x000000000800a3c8                eepromInit
 .text.eepromTestConnection
                0x000000000800a3fc       0x30 src/built-in.o
                0x000000000800a3fc                eepromTestConnection
 .text.eepromTest
                0x000000000800a42c       0x28 src/built-in.o
                0x000000000800a42c                eepromTest
 .text.eepromReadBuffer
                0x000000000800a454       0x30 src/built-in.o
                0x000000000800a454                eepromReadBuffer
 .text.eepromWriteBuffer
                0x000000000800a484       0xb8 src/built-in.o
                0x000000000800a484                eepromWriteBuffer
 .text.extiInit
                0x000000000800a53c       0x88 src/built-in.o
                0x000000000800a53c                extiInit
 .text.EXTI0_Callback
                0x000000000800a5c4        0x2 src/built-in.o
                0x000000000800a5c4                EXTI0_Callback
 *fill*         0x000000000800a5c6        0x2 
 .text.EXTI0_IRQHandler
                0x000000000800a5c8       0x1c src/built-in.o
                0x000000000800a5c8                EXTI0_IRQHandler
 .text.EXTI1_Callback
                0x000000000800a5e4        0x2 src/built-in.o
                0x000000000800a5e4                EXTI1_Callback
 *fill*         0x000000000800a5e6        0x2 
 .text.EXTI1_IRQHandler
                0x000000000800a5e8       0x1c src/built-in.o
                0x000000000800a5e8                EXTI1_IRQHandler
 .text.EXTI2_Callback
                0x000000000800a604        0x2 src/built-in.o
                0x000000000800a604                EXTI2_Callback
 *fill*         0x000000000800a606        0x2 
 .text.EXTI2_IRQHandler
                0x000000000800a608       0x1c src/built-in.o
                0x000000000800a608                EXTI2_IRQHandler
 .text.EXTI3_Callback
                0x000000000800a624        0x2 src/built-in.o
                0x000000000800a624                EXTI3_Callback
 *fill*         0x000000000800a626        0x2 
 .text.EXTI3_IRQHandler
                0x000000000800a628       0x1c src/built-in.o
                0x000000000800a628                EXTI3_IRQHandler
 .text.EXTI4_Callback
                0x000000000800a644        0x6 src/built-in.o
                0x000000000800a646                EXTI4_Callback
 *fill*         0x000000000800a64a        0x2 
 .text.EXTI4_IRQHandler
                0x000000000800a64c       0x1c src/built-in.o
                0x000000000800a64c                EXTI4_IRQHandler
 .text.EXTI5_Callback
                0x000000000800a668        0x2 src/built-in.o
                0x000000000800a668                EXTI5_Callback
 .text.EXTI6_Callback
                0x000000000800a66a        0x2 src/built-in.o
                0x000000000800a66a                EXTI6_Callback
 .text.EXTI7_Callback
                0x000000000800a66c        0x2 src/built-in.o
                0x000000000800a66c                EXTI7_Callback
 .text.EXTI8_Callback
                0x000000000800a66e        0x2 src/built-in.o
                0x000000000800a66e                EXTI8_Callback
 .text.EXTI9_Callback
                0x000000000800a670        0x2 src/built-in.o
                0x000000000800a670                EXTI9_Callback
 *fill*         0x000000000800a672        0x2 
 .text.EXTI9_5_IRQHandler
                0x000000000800a674       0x80 src/built-in.o
                0x000000000800a674                EXTI9_5_IRQHandler
 .text.EXTI10_Callback
                0x000000000800a6f4        0x2 src/built-in.o
                0x000000000800a6f4                EXTI10_Callback
 .text.EXTI11_Callback
                0x000000000800a6f6        0x2 src/built-in.o
                0x000000000800a6f6                EXTI11_Callback
 .text.EXTI12_Callback
                0x000000000800a6f8        0x2 src/built-in.o
                0x000000000800a6f8                EXTI12_Callback
 *fill*         0x000000000800a6fa        0x2 
 .text.EXTI13_Callback
                0x000000000800a6fc       0x44 src/built-in.o
                0x000000000800a700                EXTI13_Callback
 .text.EXTI14_Callback
                0x000000000800a740       0x10 src/built-in.o
                0x000000000800a744                EXTI14_Callback
 .text.EXTI15_Callback
                0x000000000800a750        0x2 src/built-in.o
                0x000000000800a750                EXTI15_Callback
 *fill*         0x000000000800a752        0x2 
 .text.EXTI15_10_IRQHandler
                0x000000000800a754       0xa4 src/built-in.o
                0x000000000800a754                EXTI15_10_IRQHandler
 .text.i2cdevInit
                0x000000000800a7f8        0xa src/built-in.o
                0x000000000800a7f8                i2cdevInit
 .text.i2cdevRead
                0x000000000800a802       0x1e src/built-in.o
                0x000000000800a802                i2cdevRead
 .text.i2cdevReadReg8
                0x000000000800a820       0x26 src/built-in.o
                0x000000000800a820                i2cdevReadReg8
 .text.i2cdevReadByte
                0x000000000800a846       0x10 src/built-in.o
                0x000000000800a846                i2cdevReadByte
 .text.i2cdevReadBits
                0x000000000800a856       0x2e src/built-in.o
                0x000000000800a856                i2cdevReadBits
 .text.i2cdevReadBit
                0x000000000800a884       0x24 src/built-in.o
                0x000000000800a884                i2cdevReadBit
 .text.i2cdevReadReg16
                0x000000000800a8a8       0x26 src/built-in.o
                0x000000000800a8a8                i2cdevReadReg16
 .text.i2cdevWrite
                0x000000000800a8ce       0x1e src/built-in.o
                0x000000000800a8ce                i2cdevWrite
 .text.i2cdevWriteReg8
                0x000000000800a8ec       0x26 src/built-in.o
                0x000000000800a8ec                i2cdevWriteReg8
 .text.i2cdevWriteByte
                0x000000000800a912       0x18 src/built-in.o
                0x000000000800a912                i2cdevWriteByte
 .text.i2cdevWriteBit
                0x000000000800a92a       0x48 src/built-in.o
                0x000000000800a92a                i2cdevWriteBit
 .text.i2cdevWriteBits
                0x000000000800a972       0x58 src/built-in.o
                0x000000000800a972                i2cdevWriteBits
 .text.i2cdevWriteReg16
                0x000000000800a9ca       0x26 src/built-in.o
                0x000000000800a9ca                i2cdevWriteReg16
 .text.i2cTryNextMessage.isra.0
                0x000000000800a9f0       0x18 src/built-in.o
 .text.i2cdrvClearDMA.isra.0
                0x000000000800aa08       0x3c src/built-in.o
 .text.i2cNotifyClient.isra.0
                0x000000000800aa44       0x2c src/built-in.o
 .text.i2cdrvErrorIsrHandler
                0x000000000800aa70       0x98 src/built-in.o
 .text.i2cdrvEventIsrHandler
                0x000000000800ab08      0x186 src/built-in.o
 .text.i2cdrvDmaIsrHandler
                0x000000000800ac8e       0x4e src/built-in.o
 .text.gpioWaitForHigh.constprop.0
                0x000000000800acdc       0x38 src/built-in.o
 .text.i2cdrvTryToRestartBus
                0x000000000800ad14      0x1f8 src/built-in.o
 .text.i2cdrvInit
                0x000000000800af0c       0x2c src/built-in.o
                0x000000000800af0c                i2cdrvInit
 .text.i2cdrvCreateMessage
                0x000000000800af38       0x4c src/built-in.o
                0x000000000800af38                i2cdrvCreateMessage
 .text.i2cdrvCreateMessageIntAddr
                0x000000000800af84       0x50 src/built-in.o
                0x000000000800af84                i2cdrvCreateMessageIntAddr
 .text.i2cdrvMessageTransfer
                0x000000000800afd4       0xc8 src/built-in.o
                0x000000000800afd4                i2cdrvMessageTransfer
 .text.I2C1_ER_IRQHandler
                0x000000000800b09c        0xc src/built-in.o
                0x000000000800b09c                I2C1_ER_IRQHandler
 .text.I2C1_EV_IRQHandler
                0x000000000800b0a8        0xc src/built-in.o
                0x000000000800b0a8                I2C1_EV_IRQHandler
 .text.DMA1_Stream0_IRQHandler
                0x000000000800b0b4        0xc src/built-in.o
                0x000000000800b0b4                DMA1_Stream0_IRQHandler
 .text.I2C3_ER_IRQHandler
                0x000000000800b0c0        0xc src/built-in.o
                0x000000000800b0c0                I2C3_ER_IRQHandler
 .text.I2C3_EV_IRQHandler
                0x000000000800b0cc        0xc src/built-in.o
                0x000000000800b0cc                I2C3_EV_IRQHandler
 .text.DMA1_Stream2_IRQHandler
                0x000000000800b0d8        0xc src/built-in.o
                0x000000000800b0d8                DMA1_Stream2_IRQHandler
 .text.ledSetForce.part.0
                0x000000000800b0e4       0x64 src/built-in.o
 .text.ledSet   0x000000000800b148       0x3c src/built-in.o
                0x000000000800b148                ledSet
 .text.ledInit  0x000000000800b184       0x64 src/built-in.o
                0x000000000800b184                ledInit
 .text.ledTest  0x000000000800b1e8       0x88 src/built-in.o
                0x000000000800b1e8                ledTest
 .text.ledBitmaskParamCallback
                0x000000000800b270       0x68 src/built-in.o
 .text.ledShowFaultPattern
                0x000000000800b2d8       0x2e src/built-in.o
                0x000000000800b2d8                ledShowFaultPattern
 *fill*         0x000000000800b306        0x2 
 .text.lhExchange
                0x000000000800b308       0x34 src/built-in.o
 .text.lhblFlashWriteEnable
                0x000000000800b33c       0x20 src/built-in.o
 .text.lhblFlashEraseBlock64k
                0x000000000800b35c       0x2c src/built-in.o
 .text.lhblFlashReadStatus
                0x000000000800b388       0x28 src/built-in.o
 .text.lhblFlashWaitComplete
                0x000000000800b3b0       0x2e src/built-in.o
 *fill*         0x000000000800b3de        0x2 
 .text.lhblInit
                0x000000000800b3e0       0x1c src/built-in.o
                0x000000000800b3e0                lhblInit
 .text.lhblFlashWritePage
                0x000000000800b3fc       0x8c src/built-in.o
                0x000000000800b3fc                lhblFlashWritePage
 .text.lhblBootToFW
                0x000000000800b488       0x1a src/built-in.o
                0x000000000800b488                lhblBootToFW
 .text.lhblGetVersion
                0x000000000800b4a2       0x1e src/built-in.o
                0x000000000800b4a2                lhblGetVersion
 .text.lhblFlashRead
                0x000000000800b4c0       0x38 src/built-in.o
                0x000000000800b4c0                lhblFlashRead
 .text.lhblFlashWakeup
                0x000000000800b4f8       0x20 src/built-in.o
                0x000000000800b4f8                lhblFlashWakeup
 .text.lhblFlashEraseFirmware
                0x000000000800b518       0x2e src/built-in.o
                0x000000000800b518                lhblFlashEraseFirmware
 *fill*         0x000000000800b546        0x2 
 .text.lps25hInit
                0x000000000800b548       0x2c src/built-in.o
                0x000000000800b548                lps25hInit
 .text.lps25hTestConnection
                0x000000000800b574       0x44 src/built-in.o
                0x000000000800b574                lps25hTestConnection
 .text.lps25hEvaluateSelfTest
                0x000000000800b5b8       0x70 src/built-in.o
                0x000000000800b5b8                lps25hEvaluateSelfTest
 .text.lps25hSetEnabled
                0x000000000800b628       0x80 src/built-in.o
                0x000000000800b628                lps25hSetEnabled
 .text.lps25hPressureToAltitude
                0x000000000800b6a8       0x54 src/built-in.o
                0x000000000800b6a8                lps25hPressureToAltitude
 .text.lps25hGetData
                0x000000000800b6fc       0xb4 src/built-in.o
                0x000000000800b6fc                lps25hGetData
 .text.lps25hSelfTest
                0x000000000800b7b0       0x5c src/built-in.o
                0x000000000800b7b0                lps25hSelfTest
 .text.motorsSetRatio
                0x000000000800b80c      0x100 src/built-in.o
                0x000000000800b80c                motorsSetRatio
 .text.motorsInit
                0x000000000800b90c      0x178 src/built-in.o
                0x000000000800b90c                motorsInit
 .text.motorsStop
                0x000000000800ba84       0x26 src/built-in.o
                0x000000000800ba84                motorsStop
 *fill*         0x000000000800baaa        0x2 
 .text.motorsGetRatio
                0x000000000800baac       0x54 src/built-in.o
                0x000000000800baac                motorsGetRatio
 .text.motorsBeep
                0x000000000800bb00       0x84 src/built-in.o
                0x000000000800bb00                motorsBeep
 .text.motorsTest
                0x000000000800bb84       0x64 src/built-in.o
                0x000000000800bb84                motorsTest
 .text.motorsGetHealthTestSettings
                0x000000000800bbe8       0x38 src/built-in.o
                0x000000000800bbe8                motorsGetHealthTestSettings
 .text.mpu6500Init
                0x000000000800bc20       0x24 src/built-in.o
                0x000000000800bc20                mpu6500Init
 .text.mpu6500EvaluateSelfTest
                0x000000000800bc44       0x70 src/built-in.o
                0x000000000800bc44                mpu6500EvaluateSelfTest
 .text.mpu6500SelfTest
                0x000000000800bcb4      0x464 src/built-in.o
                0x000000000800bcb4                mpu6500SelfTest
 .text.mpu6500SetRate
                0x000000000800c118       0x18 src/built-in.o
                0x000000000800c118                mpu6500SetRate
 .text.mpu6500SetDLPFMode
                0x000000000800c130       0x28 src/built-in.o
                0x000000000800c130                mpu6500SetDLPFMode
 .text.mpu6500SetFullScaleGyroRange
                0x000000000800c158       0x28 src/built-in.o
                0x000000000800c158                mpu6500SetFullScaleGyroRange
 .text.mpu6500SetFullScaleAccelRange
                0x000000000800c180       0x28 src/built-in.o
                0x000000000800c180                mpu6500SetFullScaleAccelRange
 .text.mpu6500SetAccelDLPF
                0x000000000800c1a8       0x28 src/built-in.o
                0x000000000800c1a8                mpu6500SetAccelDLPF
 .text.mpu6500SetWaitForExternalSensorEnabled
                0x000000000800c1d0       0x24 src/built-in.o
                0x000000000800c1d0                mpu6500SetWaitForExternalSensorEnabled
 .text.mpu6500SetSlaveReadWriteTransitionEnabled
                0x000000000800c1f4       0x24 src/built-in.o
                0x000000000800c1f4                mpu6500SetSlaveReadWriteTransitionEnabled
 .text.mpu6500SetMasterClockSpeed
                0x000000000800c218       0x28 src/built-in.o
                0x000000000800c218                mpu6500SetMasterClockSpeed
 .text.mpu6500SetSlaveAddress
                0x000000000800c240       0x28 src/built-in.o
                0x000000000800c240                mpu6500SetSlaveAddress
 .text.mpu6500SetSlaveRegister
                0x000000000800c268       0x28 src/built-in.o
                0x000000000800c268                mpu6500SetSlaveRegister
 .text.mpu6500SetSlaveEnabled
                0x000000000800c290       0x30 src/built-in.o
                0x000000000800c290                mpu6500SetSlaveEnabled
 .text.mpu6500SetSlaveDataLength
                0x000000000800c2c0       0x34 src/built-in.o
                0x000000000800c2c0                mpu6500SetSlaveDataLength
 .text.mpu6500SetSlave4MasterDelay
                0x000000000800c2f4       0x28 src/built-in.o
                0x000000000800c2f4                mpu6500SetSlave4MasterDelay
 .text.mpu6500SetInterruptMode
                0x000000000800c31c       0x24 src/built-in.o
                0x000000000800c31c                mpu6500SetInterruptMode
 .text.mpu6500SetInterruptDrive
                0x000000000800c340       0x24 src/built-in.o
                0x000000000800c340                mpu6500SetInterruptDrive
 .text.mpu6500SetInterruptLatch
                0x000000000800c364       0x24 src/built-in.o
                0x000000000800c364                mpu6500SetInterruptLatch
 .text.mpu6500SetInterruptLatchClear
                0x000000000800c388       0x24 src/built-in.o
                0x000000000800c388                mpu6500SetInterruptLatchClear
 .text.mpu6500SetI2CBypassEnabled
                0x000000000800c3ac       0x24 src/built-in.o
                0x000000000800c3ac                mpu6500SetI2CBypassEnabled
 .text.mpu6500SetIntEnabled
                0x000000000800c3d0       0x18 src/built-in.o
                0x000000000800c3d0                mpu6500SetIntEnabled
 .text.mpu6500SetIntDataReadyEnabled
                0x000000000800c3e8       0x24 src/built-in.o
                0x000000000800c3e8                mpu6500SetIntDataReadyEnabled
 .text.mpu6500GetMotion6
                0x000000000800c40c       0x74 src/built-in.o
                0x000000000800c40c                mpu6500GetMotion6
 .text.mpu6500SetSlaveDelayEnabled
                0x000000000800c480       0x24 src/built-in.o
                0x000000000800c480                mpu6500SetSlaveDelayEnabled
 .text.mpu6500SetI2CMasterModeEnabled
                0x000000000800c4a4       0x24 src/built-in.o
                0x000000000800c4a4                mpu6500SetI2CMasterModeEnabled
 .text.mpu6500Reset
                0x000000000800c4c8       0x24 src/built-in.o
                0x000000000800c4c8                mpu6500Reset
 .text.mpu6500SetSleepEnabled
                0x000000000800c4ec       0x24 src/built-in.o
                0x000000000800c4ec                mpu6500SetSleepEnabled
 .text.mpu6500SetTempSensorEnabled
                0x000000000800c510       0x28 src/built-in.o
                0x000000000800c510                mpu6500SetTempSensorEnabled
 .text.mpu6500SetClockSource
                0x000000000800c538       0x28 src/built-in.o
                0x000000000800c538                mpu6500SetClockSource
 .text.mpu6500GetDeviceID
                0x000000000800c560       0x2c src/built-in.o
                0x000000000800c560                mpu6500GetDeviceID
 .text.mpu6500TestConnection
                0x000000000800c58c       0x10 src/built-in.o
                0x000000000800c58c                mpu6500TestConnection
 .text.nvicInit
                0x000000000800c59c        0x8 src/built-in.o
                0x000000000800c59c                nvicInit
 .text.SysTick_Handler
                0x000000000800c5a4        0x4 src/built-in.o
                0x000000000800c5a4                SysTick_Handler
 .text.NMI_Handler
                0x000000000800c5a8        0x2 src/built-in.o
                0x000000000800c5a8                NMI_Handler
 .text.HardFault_Handler
                0x000000000800c5aa       0x14 src/built-in.o
                0x000000000800c5aa                HardFault_Handler
 *fill*         0x000000000800c5be        0x2 
 .text.printHardFault
                0x000000000800c5c0      0x118 src/built-in.o
                0x000000000800c5c0                printHardFault
 .text.MemManage_Handler
                0x000000000800c6d8       0x18 src/built-in.o
                0x000000000800c6d8                MemManage_Handler
 .text.BusFault_Handler
                0x000000000800c6f0       0x18 src/built-in.o
                0x000000000800c6f0                BusFault_Handler
 .text.UsageFault_Handler
                0x000000000800c708       0x18 src/built-in.o
                0x000000000800c708                UsageFault_Handler
 .text.DebugMon_Handler
                0x000000000800c720        0x2 src/built-in.o
                0x000000000800c720                DebugMon_Handler
 *fill*         0x000000000800c722        0x2 
 .text.uart1InitWithParity
                0x000000000800c724      0x114 src/built-in.o
                0x000000000800c724                uart1InitWithParity
 .text.uart1Init
                0x000000000800c838        0x6 src/built-in.o
                0x000000000800c838                uart1Init
 *fill*         0x000000000800c83e        0x2 
 .text.uart1GetDataWithTimeout
                0x000000000800c840       0x20 src/built-in.o
                0x000000000800c840                uart1GetDataWithTimeout
 .text.uart1SendData
                0x000000000800c860       0x28 src/built-in.o
                0x000000000800c860                uart1SendData
 .text.uart1Putchar
                0x000000000800c888       0x16 src/built-in.o
                0x000000000800c888                uart1Putchar
 *fill*         0x000000000800c89e        0x2 
 .text.uart1Getchar
                0x000000000800c8a0       0x14 src/built-in.o
                0x000000000800c8a0                uart1Getchar
 .text.USART3_IRQHandler
                0x000000000800c8b4       0x68 src/built-in.o
                0x000000000800c8b4                USART3_IRQHandler
 .text.DMA1_Stream6_IRQHandler
                0x000000000800c91c       0x60 src/built-in.o
                0x000000000800c91c                DMA1_Stream6_IRQHandler
 .text.USART2_IRQHandler
                0x000000000800c97c       0x60 src/built-in.o
                0x000000000800c97c                USART2_IRQHandler
 .text.uartslkDmaInit
                0x000000000800c9dc       0x74 src/built-in.o
                0x000000000800c9dc                uartslkDmaInit
 .text.uartslkInit
                0x000000000800ca50      0x168 src/built-in.o
                0x000000000800ca50                uartslkInit
 .text.uartslkGetPacketBlocking
                0x000000000800cbb8       0x14 src/built-in.o
                0x000000000800cbb8                uartslkGetPacketBlocking
 .text.uartslkSendDataDmaBlocking
                0x000000000800cbcc       0xa8 src/built-in.o
                0x000000000800cbcc                uartslkSendDataDmaBlocking
 .text.uartslkDmaIsr
                0x000000000800cc74       0x50 src/built-in.o
                0x000000000800cc74                uartslkDmaIsr
 .text.uartslkIsr
                0x000000000800ccc4      0x1c4 src/built-in.o
                0x000000000800ccc4                uartslkIsr
 .text.uartslkTxenFlowctrlIsr
                0x000000000800ce88       0xb8 src/built-in.o
                0x000000000800ce88                uartslkTxenFlowctrlIsr
 .text.USART6_IRQHandler
                0x000000000800cf40        0x4 src/built-in.o
                0x000000000800cf40                USART6_IRQHandler
 .text.DMA2_Stream7_IRQHandler
                0x000000000800cf44        0x4 src/built-in.o
                0x000000000800cf44                DMA2_Stream7_IRQHandler
 .text.watchdogNormalStartTest
                0x000000000800cf48       0x28 src/built-in.o
                0x000000000800cf48                watchdogNormalStartTest
 .text.watchdogInit
                0x000000000800cf70       0x22 src/built-in.o
                0x000000000800cf70                watchdogInit
 .text.fillLed  0x000000000800cf92       0x5c src/built-in.o
 *fill*         0x000000000800cfee        0x2 
 .text.ws2812Init
                0x000000000800cff0      0x16c src/built-in.o
                0x000000000800cff0                ws2812Init
 .text.ws2812Send
                0x000000000800d15c       0x84 src/built-in.o
                0x000000000800d15c                ws2812Send
 .text.ws2812DmaIsr
                0x000000000800d1e0       0xc0 src/built-in.o
                0x000000000800d1e0                ws2812DmaIsr
 .text.DMA1_Stream5_IRQHandler
                0x000000000800d2a0        0x4 src/built-in.o
                0x000000000800d2a0                DMA1_Stream5_IRQHandler
 .text.null_ptr_check
                0x000000000800d2a4       0x84 src/built-in.o
 .text.bmi088_get_accel_regs
                0x000000000800d328       0x60 src/built-in.o
                0x000000000800d328                bmi088_get_accel_regs
 .text.bmi088_accel_init
                0x000000000800d388       0x58 src/built-in.o
                0x000000000800d388                bmi088_accel_init
 .text.bmi088_set_accel_regs
                0x000000000800d3e0       0x34 src/built-in.o
                0x000000000800d3e0                bmi088_set_accel_regs
 .text.bmi088_accel_soft_reset
                0x000000000800d414       0x30 src/built-in.o
                0x000000000800d414                bmi088_accel_soft_reset
 .text.bmi088_set_accel_meas_conf
                0x000000000800d444      0x10c src/built-in.o
                0x000000000800d444                bmi088_set_accel_meas_conf
 .text.bmi088_set_accel_power_mode
                0x000000000800d550       0x4c src/built-in.o
                0x000000000800d550                bmi088_set_accel_power_mode
 .text.bmi088_get_accel_data
                0x000000000800d59c       0x36 src/built-in.o
                0x000000000800d59c                bmi088_get_accel_data
 .text.bmi088_accel_switch_control
                0x000000000800d5d2       0x2c src/built-in.o
                0x000000000800d5d2                bmi088_accel_switch_control
 .text.bmi088_set_accel_selftest
                0x000000000800d5fe       0x2e src/built-in.o
                0x000000000800d5fe                bmi088_set_accel_selftest
 .text.bmi088_perform_accel_selftest
                0x000000000800d62c      0x178 src/built-in.o
                0x000000000800d62c                bmi088_perform_accel_selftest
 .text.bmi088_get_gyro_regs
                0x000000000800d7a4       0x30 src/built-in.o
                0x000000000800d7a4                bmi088_get_gyro_regs
 .text.bmi088_gyro_init
                0x000000000800d7d4       0x44 src/built-in.o
                0x000000000800d7d4                bmi088_gyro_init
 .text.bmi088_set_gyro_regs
                0x000000000800d818       0x34 src/built-in.o
                0x000000000800d818                bmi088_set_gyro_regs
 .text.bmi088_set_gyro_meas_conf
                0x000000000800d84c       0x70 src/built-in.o
                0x000000000800d84c                bmi088_set_gyro_meas_conf
 .text.bmi088_set_gyro_power_mode
                0x000000000800d8bc       0x48 src/built-in.o
                0x000000000800d8bc                bmi088_set_gyro_power_mode
 .text.bmi088_get_gyro_data
                0x000000000800d904       0x36 src/built-in.o
                0x000000000800d904                bmi088_get_gyro_data
 .text.bmi088_set_gyro_int_config
                0x000000000800d93a      0x104 src/built-in.o
                0x000000000800d93a                bmi088_set_gyro_int_config
 .text.bmi088_set_gyro_selftest
                0x000000000800da3e       0x4e src/built-in.o
                0x000000000800da3e                bmi088_set_gyro_selftest
 .text.bmi088_perform_gyro_selftest
                0x000000000800da8c       0x62 src/built-in.o
                0x000000000800da8c                bmi088_perform_gyro_selftest
 *fill*         0x000000000800daee        0x2 
 .text.validate_osr_and_odr_settings
                0x000000000800daf0       0xb0 src/built-in.o
 .text.compensate_data
                0x000000000800dba0       0xc2 src/built-in.o
 .text.bmp3_get_regs
                0x000000000800dc62       0x6c src/built-in.o
                0x000000000800dc62                bmp3_get_regs
 .text.bmp3_set_regs
                0x000000000800dcce       0x8a src/built-in.o
                0x000000000800dcce                bmp3_set_regs
 .text.write_power_mode
                0x000000000800dd58       0x44 src/built-in.o
 .text.bmp3_set_sensor_settings
                0x000000000800dd9c      0x264 src/built-in.o
                0x000000000800dd9c                bmp3_set_sensor_settings
 .text.bmp3_soft_reset
                0x000000000800e000       0x76 src/built-in.o
                0x000000000800e000                bmp3_soft_reset
 *fill*         0x000000000800e076        0x2 
 .text.bmp3_init
                0x000000000800e078      0x22c src/built-in.o
                0x000000000800e078                bmp3_init
 .text.bmp3_get_op_mode
                0x000000000800e2a4       0x26 src/built-in.o
                0x000000000800e2a4                bmp3_get_op_mode
 .text.bmp3_set_op_mode
                0x000000000800e2ca       0xe6 src/built-in.o
                0x000000000800e2ca                bmp3_set_op_mode
 .text.bmp3_get_sensor_data
                0x000000000800e3b0       0x7c src/built-in.o
                0x000000000800e3b0                bmp3_get_sensor_data
 .text.buzzerInit
                0x000000000800e42c        0x2 src/built-in.o
                0x000000000800e42c                buzzerInit
 .text.buzzerTest
                0x000000000800e42e        0x4 src/built-in.o
                0x000000000800e42e                buzzerTest
 *fill*         0x000000000800e432        0x2 
 .text.buzzerOff
                0x000000000800e434       0x10 src/built-in.o
                0x000000000800e434                buzzerOff
 .text.buzzerOn
                0x000000000800e444       0x10 src/built-in.o
                0x000000000800e444                buzzerOn
 .text.vApplicationMallocFailedHook
                0x000000000800e454       0x44 src/built-in.o
                0x000000000800e454                vApplicationMallocFailedHook
 .text.vApplicationStackOverflowHook
                0x000000000800e498       0x44 src/built-in.o
                0x000000000800e498                vApplicationStackOverflowHook
 .text.updateActive
                0x000000000800e4dc       0x34 src/built-in.o
 .text.runLedseq
                0x000000000800e510       0xb8 src/built-in.o
 .text.ledseqTest
                0x000000000800e5c8       0x1c src/built-in.o
                0x000000000800e5c8                ledseqTest
 .text.ledseqRun
                0x000000000800e5e4       0x28 src/built-in.o
                0x000000000800e5e4                ledseqRun
 .text.ledseqRunBlocking
                0x000000000800e60c       0x4c src/built-in.o
                0x000000000800e60c                ledseqRunBlocking
 .text.ledseqSetChargeLevel
                0x000000000800e658       0x28 src/built-in.o
                0x000000000800e658                ledseqSetChargeLevel
 .text.ledseqStop
                0x000000000800e680       0x28 src/built-in.o
                0x000000000800e680                ledseqStop
 .text.ledseqStopBlocking
                0x000000000800e6a8       0x44 src/built-in.o
                0x000000000800e6a8                ledseqStopBlocking
 .text.lesdeqCmdTask
                0x000000000800e6ec       0x30 src/built-in.o
 .text.ledseqRegisterSequence
                0x000000000800e71c       0x30 src/built-in.o
                0x000000000800e71c                ledseqRegisterSequence
 .text.ledseqInit
                0x000000000800e74c       0xf8 src/built-in.o
                0x000000000800e74c                ledseqInit
 .text.handleMemGetSerialNr
                0x000000000800e844        0x4 src/built-in.o
 .text.owCommonInit
                0x000000000800e848       0x24 src/built-in.o
                0x000000000800e848                owCommonInit
 .text.owSyslinkTransfer.part.0
                0x000000000800e86c       0x10 src/built-in.o
 .text.owSyslinkTransfer
                0x000000000800e87c       0x70 src/built-in.o
 .text.owInit   0x000000000800e8ec       0x4c src/built-in.o
                0x000000000800e8ec                owInit
 .text.owSyslinkRecieve
                0x000000000800e938       0x40 src/built-in.o
                0x000000000800e938                owSyslinkRecieve
 .text.owScan   0x000000000800e978       0x3c src/built-in.o
                0x000000000800e978                owScan
 .text.owGetinfo
                0x000000000800e9b4       0x50 src/built-in.o
                0x000000000800e9b4                owGetinfo
 .text.owRead   0x000000000800ea04       0xc8 src/built-in.o
                0x000000000800ea04                owRead
 .text.owWrite  0x000000000800eacc       0xd8 src/built-in.o
                0x000000000800eacc                owWrite
 .text.pmSetBatteryVoltage
                0x000000000800eba4       0x58 src/built-in.o
 .text.pmGracefulShutdown
                0x000000000800ebfc       0x40 src/built-in.o
 .text.pmInit   0x000000000800ec3c       0x58 src/built-in.o
                0x000000000800ec3c                pmInit
 .text.pmTest   0x000000000800ec94        0xc src/built-in.o
                0x000000000800ec94                pmTest
 .text.pmGetBatteryVoltage
                0x000000000800eca0        0xc src/built-in.o
                0x000000000800eca0                pmGetBatteryVoltage
 .text.pmSyslinkUpdate
                0x000000000800ecac       0x38 src/built-in.o
                0x000000000800ecac                pmSyslinkUpdate
 .text.pmUpdateState
                0x000000000800ece4       0x40 src/built-in.o
                0x000000000800ece4                pmUpdateState
 .text.pmMeasureExtBatteryCurrent
                0x000000000800ed24       0x34 src/built-in.o
                0x000000000800ed24                pmMeasureExtBatteryCurrent
 .text.pmMeasureExtBatteryVoltage
                0x000000000800ed58       0x34 src/built-in.o
                0x000000000800ed58                pmMeasureExtBatteryVoltage
 .text.pmTask   0x000000000800ed8c      0x1b4 src/built-in.o
                0x000000000800ed8c                pmTask
 .text.pmIsChargerConnected
                0x000000000800ef40       0x14 src/built-in.o
                0x000000000800ef40                pmIsChargerConnected
 .text.radiolinkSetEnable
                0x000000000800ef54        0x4 src/built-in.o
 .text.radiolinkIsConnected
                0x000000000800ef58       0x1c src/built-in.o
 .text.radiolinkSendCRTPPacket
                0x000000000800ef74       0x54 src/built-in.o
 .text.radiolinkReceiveCRTPPacket
                0x000000000800efc8       0x1c src/built-in.o
 .text.radiolinkTest
                0x000000000800efe4        0x4 src/built-in.o
                0x000000000800efe4                radiolinkTest
 .text.radiolinkSetChannel
                0x000000000800efe8       0x20 src/built-in.o
                0x000000000800efe8                radiolinkSetChannel
 .text.radiolinkSetDatarate
                0x000000000800f008       0x22 src/built-in.o
                0x000000000800f008                radiolinkSetDatarate
 .text.radiolinkSetAddress
                0x000000000800f02a       0x2a src/built-in.o
                0x000000000800f02a                radiolinkSetAddress
 .text.radiolinkInit
                0x000000000800f054       0x80 src/built-in.o
                0x000000000800f054                radiolinkInit
 .text.radiolinkSetPowerDbm
                0x000000000800f0d4       0x22 src/built-in.o
                0x000000000800f0d4                radiolinkSetPowerDbm
 *fill*         0x000000000800f0f6        0x2 
 .text.radiolinkSyslinkDispatch
                0x000000000800f0f8      0x100 src/built-in.o
                0x000000000800f0f8                radiolinkSyslinkDispatch
 .text.radiolinkGetLink
                0x000000000800f1f8        0x8 src/built-in.o
                0x000000000800f1f8                radiolinkGetLink
 .text.sensorsAlignToAirframe
                0x000000000800f200       0xc0 src/built-in.o
 .text.bmi088_burst_read
                0x000000000800f2c0       0x24 src/built-in.o
                0x000000000800f2c0                bmi088_burst_read
 .text.bmi088_burst_write
                0x000000000800f2e4       0x24 src/built-in.o
                0x000000000800f2e4                bmi088_burst_write
 .text.bmi088_ms_delay
                0x000000000800f308        0x4 src/built-in.o
                0x000000000800f308                bmi088_ms_delay
 .text.sensorsDeviceInit
                0x000000000800f30c      0x2a0 src/built-in.o
 .text.sensorsInterruptInit
                0x000000000800f5ac       0x94 src/built-in.o
 .text.sensorsTaskInit
                0x000000000800f640       0xa0 src/built-in.o
 .text.gyroSelftest
                0x000000000800f6e0       0x7c src/built-in.o
 .text.sensorsTask
                0x000000000800f75c      0xbac src/built-in.o
 .text.sensorsBmi088Bmp388ReadGyro
                0x0000000008010308       0x1c src/built-in.o
                0x0000000008010308                sensorsBmi088Bmp388ReadGyro
 .text.sensorsBmi088Bmp388ReadAcc
                0x0000000008010324       0x1c src/built-in.o
                0x0000000008010324                sensorsBmi088Bmp388ReadAcc
 .text.sensorsBmi088Bmp388ReadMag
                0x0000000008010340       0x1c src/built-in.o
                0x0000000008010340                sensorsBmi088Bmp388ReadMag
 .text.sensorsBmi088Bmp388ReadBaro
                0x000000000801035c       0x1c src/built-in.o
                0x000000000801035c                sensorsBmi088Bmp388ReadBaro
 .text.sensorsBmi088Bmp388Acquire
                0x0000000008010378       0x30 src/built-in.o
                0x0000000008010378                sensorsBmi088Bmp388Acquire
 .text.sensorsBmi088Bmp388AreCalibrated
                0x00000000080103a8        0xc src/built-in.o
                0x00000000080103a8                sensorsBmi088Bmp388AreCalibrated
 .text.sensorsBmi088Bmp388WaitDataReady
                0x00000000080103b4       0x10 src/built-in.o
                0x00000000080103b4                sensorsBmi088Bmp388WaitDataReady
 .text.sensorsBmi088Bmp388Init_I2C
                0x00000000080103c4       0x4c src/built-in.o
                0x00000000080103c4                sensorsBmi088Bmp388Init_I2C
 .text.sensorsBmi088Bmp388Test
                0x0000000008010410       0x2c src/built-in.o
                0x0000000008010410                sensorsBmi088Bmp388Test
 .text.sensorsBmi088Bmp388ManufacturingTest
                0x000000000801043c       0x48 src/built-in.o
                0x000000000801043c                sensorsBmi088Bmp388ManufacturingTest
 .text.sensorsBmi088Bmp388SetAccMode
                0x0000000008010484       0xa8 src/built-in.o
                0x0000000008010484                sensorsBmi088Bmp388SetAccMode
 .text.sensorsBmi088Bmp388DataAvailableCallback
                0x000000000801052c       0x40 src/built-in.o
                0x000000000801052c                sensorsBmi088Bmp388DataAvailableCallback
 .text.sensorsBmi088_I2C_deviceInit
                0x000000000801056c       0x24 src/built-in.o
                0x000000000801056c                sensorsBmi088_I2C_deviceInit
 .text.processGyroBias.constprop.0
                0x0000000008010590      0x260 src/built-in.o
 .text.sensorsMpu9250Lps25hReadGyro
                0x00000000080107f0       0x1c src/built-in.o
                0x00000000080107f0                sensorsMpu9250Lps25hReadGyro
 .text.sensorsMpu9250Lps25hReadAcc
                0x000000000801080c       0x1c src/built-in.o
                0x000000000801080c                sensorsMpu9250Lps25hReadAcc
 .text.sensorsMpu9250Lps25hReadMag
                0x0000000008010828       0x1c src/built-in.o
                0x0000000008010828                sensorsMpu9250Lps25hReadMag
 .text.sensorsMpu9250Lps25hReadBaro
                0x0000000008010844       0x1c src/built-in.o
                0x0000000008010844                sensorsMpu9250Lps25hReadBaro
 .text.sensorsMpu9250Lps25hAcquire
                0x0000000008010860       0x30 src/built-in.o
                0x0000000008010860                sensorsMpu9250Lps25hAcquire
 .text.sensorsMpu9250Lps25hAreCalibrated
                0x0000000008010890        0xc src/built-in.o
                0x0000000008010890                sensorsMpu9250Lps25hAreCalibrated
 .text.sensorsMpu9250Lps25hWaitDataReady
                0x000000000801089c       0x10 src/built-in.o
                0x000000000801089c                sensorsMpu9250Lps25hWaitDataReady
 .text.sensorsMpu9250Lps25hInit
                0x00000000080108ac      0x354 src/built-in.o
                0x00000000080108ac                sensorsMpu9250Lps25hInit
 .text.sensorsMpu9250Lps25hTest
                0x0000000008010c00       0x7c src/built-in.o
                0x0000000008010c00                sensorsMpu9250Lps25hTest
 .text.sensorsMpu9250Lps25hManufacturingTest
                0x0000000008010c7c      0x16c src/built-in.o
                0x0000000008010c7c                sensorsMpu9250Lps25hManufacturingTest
 .text.sensorsMpu9250Lps25hSetAccMode
                0x0000000008010de8       0x74 src/built-in.o
                0x0000000008010de8                sensorsMpu9250Lps25hSetAccMode
 .text.nullFunction
                0x0000000008010e5c        0x2 src/built-in.o
 *fill*         0x0000000008010e5e        0x2 
 .text.sensorsInit
                0x0000000008010e60       0x34 src/built-in.o
                0x0000000008010e60                sensorsInit
 .text.sensorsTest
                0x0000000008010e94        0xc src/built-in.o
                0x0000000008010e94                sensorsTest
 .text.sensorsAreCalibrated
                0x0000000008010ea0        0xc src/built-in.o
                0x0000000008010ea0                sensorsAreCalibrated
 .text.sensorsManufacturingTest
                0x0000000008010eac       0x14 src/built-in.o
                0x0000000008010eac                sensorsManufacturingTest
 .text.sensorsAcquire
                0x0000000008010ec0        0xc src/built-in.o
                0x0000000008010ec0                sensorsAcquire
 .text.sensorsWaitDataReady
                0x0000000008010ecc        0xc src/built-in.o
                0x0000000008010ecc                sensorsWaitDataReady
 .text.sensorsReadGyro
                0x0000000008010ed8        0xc src/built-in.o
                0x0000000008010ed8                sensorsReadGyro
 .text.sensorsReadAcc
                0x0000000008010ee4        0xc src/built-in.o
                0x0000000008010ee4                sensorsReadAcc
 .text.sensorsReadMag
                0x0000000008010ef0        0xc src/built-in.o
                0x0000000008010ef0                sensorsReadMag
 .text.sensorsReadBaro
                0x0000000008010efc        0xc src/built-in.o
                0x0000000008010efc                sensorsReadBaro
 .text.sensorsSetAccMode
                0x0000000008010f08        0xc src/built-in.o
                0x0000000008010f08                sensorsSetAccMode
 .text.flushEeprom
                0x0000000008010f14        0x2 src/built-in.o
 .text.writeEeprom
                0x0000000008010f16       0x1e src/built-in.o
 .text.readEeprom
                0x0000000008010f34       0x1e src/built-in.o
 *fill*         0x0000000008010f52        0x2 
 .text.storageInit
                0x0000000008010f54       0x1c src/built-in.o
                0x0000000008010f54                storageInit
 .text.storageTest
                0x0000000008010f70       0x74 src/built-in.o
                0x0000000008010f70                storageTest
 .text.storageStore
                0x0000000008010fe4       0x48 src/built-in.o
                0x0000000008010fe4                storageStore
 .text.storageForeach
                0x000000000801102c       0x44 src/built-in.o
                0x000000000801102c                storageForeach
 .text.storageFetch
                0x0000000008011070       0x48 src/built-in.o
                0x0000000008011070                storageFetch
 .text.storageDelete
                0x00000000080110b8       0x3c src/built-in.o
                0x00000000080110b8                storageDelete
 .text.syslinkTask
                0x00000000080110f4       0x64 src/built-in.o
 .text.syslinkInit
                0x0000000008011158       0x5c src/built-in.o
                0x0000000008011158                syslinkInit
 .text.syslinkTest
                0x00000000080111b4        0xc src/built-in.o
                0x00000000080111b4                syslinkTest
 .text.isSyslinkUp
                0x00000000080111c0        0xc src/built-in.o
                0x00000000080111c0                isSyslinkUp
 .text.syslinkSendPacket
                0x00000000080111cc       0x8c src/built-in.o
                0x00000000080111cc                syslinkSendPacket
 .text.USB_OTG_BSP_Init
                0x0000000008011258       0x74 src/built-in.o
                0x0000000008011258                USB_OTG_BSP_Init
 .text.USB_OTG_BSP_EnableInterrupt
                0x00000000080112cc       0x2e src/built-in.o
                0x00000000080112cc                USB_OTG_BSP_EnableInterrupt
 .text.USB_OTG_BSP_uDelay
                0x00000000080112fa        0x2 src/built-in.o
                0x00000000080112fa                USB_OTG_BSP_uDelay
 .text.USB_OTG_BSP_mDelay
                0x00000000080112fc        0x2 src/built-in.o
                0x00000000080112fc                USB_OTG_BSP_mDelay
 *fill*         0x00000000080112fe        0x2 
 .text.USBD_USR_DeviceDescriptor
                0x0000000008011300        0xc src/built-in.o
                0x0000000008011300                USBD_USR_DeviceDescriptor
 .text.USBD_USR_LangIDStrDescriptor
                0x000000000801130c        0xc src/built-in.o
                0x000000000801130c                USBD_USR_LangIDStrDescriptor
 .text.USBD_USR_ManufacturerStrDescriptor
                0x0000000008011318       0x1c src/built-in.o
                0x0000000008011318                USBD_USR_ManufacturerStrDescriptor
 .text.USBD_USR_SerialStrDescriptor
                0x0000000008011334       0x50 src/built-in.o
                0x0000000008011334                USBD_USR_SerialStrDescriptor
 .text.USBD_USR_ProductStrDescriptor
                0x0000000008011384       0x24 src/built-in.o
                0x0000000008011384                USBD_USR_ProductStrDescriptor
 .text.USBD_USR_ConfigStrDescriptor
                0x00000000080113a8       0x1c src/built-in.o
                0x00000000080113a8                USBD_USR_ConfigStrDescriptor
 .text.USBD_USR_InterfaceStrDescriptor
                0x00000000080113c4       0x24 src/built-in.o
                0x00000000080113c4                USBD_USR_InterfaceStrDescriptor
 .text.usblinkSetEnable
                0x00000000080113e8        0x4 src/built-in.o
 .text.usblinkTask
                0x00000000080113ec       0x40 src/built-in.o
 .text.usblinkReceivePacket
                0x000000000801142c       0x2c src/built-in.o
 .text.usblinkSendPacket
                0x0000000008011458       0x4c src/built-in.o
 .text.usblinkInit
                0x00000000080114a4       0x60 src/built-in.o
                0x00000000080114a4                usblinkInit
 .text.usblinkGetLink
                0x0000000008011504        0x8 src/built-in.o
                0x0000000008011504                usblinkGetLink
 .text.usbd_cf_GetCfgDesc
                0x000000000801150c        0xc src/built-in.o
 .text.USBD_USR_Init
                0x0000000008011518        0x2 src/built-in.o
                0x0000000008011518                USBD_USR_Init
 .text.usbd_cf_DeInit
                0x000000000801151a       0x16 src/built-in.o
 .text.usbd_cf_Init
                0x0000000008011530       0x38 src/built-in.o
 .text.resetUSB
                0x0000000008011568       0x58 src/built-in.o
 .text.USBD_USR_DeviceReset
                0x00000000080115c0        0x4 src/built-in.o
                0x00000000080115c0                USBD_USR_DeviceReset
 .text.USBD_USR_DeviceSuspended
                0x00000000080115c4        0x4 src/built-in.o
                0x00000000080115c4                USBD_USR_DeviceSuspended
 .text.usbd_cf_SOF
                0x00000000080115c8       0x5c src/built-in.o
 .text.usbd_cf_DataOut
                0x0000000008011624       0x64 src/built-in.o
 .text.usbd_cf_Setup
                0x0000000008011688       0x64 src/built-in.o
 .text.USBD_USR_DeviceConnected
                0x00000000080116ec        0x2 src/built-in.o
                0x00000000080116ec                USBD_USR_DeviceConnected
 .text.USBD_USR_DeviceConfigured
                0x00000000080116ee        0x2 src/built-in.o
                0x00000000080116ee                USBD_USR_DeviceConfigured
 .text.USBD_USR_DeviceResumed
                0x00000000080116f0        0x2 src/built-in.o
                0x00000000080116f0                USBD_USR_DeviceResumed
 .text.USBD_USR_DeviceDisconnected
                0x00000000080116f2        0x4 src/built-in.o
                0x00000000080116f2                USBD_USR_DeviceDisconnected
 *fill*         0x00000000080116f6        0x2 
 .text.usbd_cf_DataIn
                0x00000000080116f8       0x58 src/built-in.o
 .text.usbInit  0x0000000008011750       0x68 src/built-in.o
                0x0000000008011750                usbInit
 .text.usbGetDataBlocking
                0x00000000080117b8       0x5c src/built-in.o
                0x00000000080117b8                usbGetDataBlocking
 .text.usbSendData
                0x0000000008011814       0x30 src/built-in.o
                0x0000000008011814                usbSendData
 .text.initUsecTimer
                0x0000000008011844       0x90 src/built-in.o
                0x0000000008011844                initUsecTimer
 .text.usecTimestamp
                0x00000000080118d4       0x40 src/built-in.o
                0x00000000080118d4                usecTimestamp
 .text.TIM7_IRQHandler
                0x0000000008011914       0x2c src/built-in.o
                0x0000000008011914                TIM7_IRQHandler
 .text.startup.main
                0x0000000008011940       0x2e src/built-in.o
                0x0000000008011940                main
 *fill*         0x000000000801196e        0x2 
 .text.Reset_Handler
                0x0000000008011970       0x80 src/built-in.o
                0x0000000008011970                Reset_Handler
 .text.Default_Handler
                0x00000000080119f0        0x2 src/built-in.o
                0x00000000080119f0                OTG_HS_WKUP_IRQHandler
                0x00000000080119f0                TIM8_UP_TIM13_IRQHandler
                0x00000000080119f0                UART4_IRQHandler
                0x00000000080119f0                OTG_FS_WKUP_IRQHandler
                0x00000000080119f0                TIM8_CC_IRQHandler
                0x00000000080119f0                ETH_IRQHandler
                0x00000000080119f0                SPI2_IRQHandler
                0x00000000080119f0                SPI1_IRQHandler
                0x00000000080119f0                PVD_IRQHandler
                0x00000000080119f0                TIM5_IRQHandler
                0x00000000080119f0                ADC_IRQHandler
                0x00000000080119f0                CRYP_IRQHandler
                0x00000000080119f0                DMA1_Stream1_IRQHandler
                0x00000000080119f0                WWDG_IRQHandler
                0x00000000080119f0                RCC_IRQHandler
                0x00000000080119f0                DMA2_Stream3_IRQHandler
                0x00000000080119f0                TIM1_UP_TIM10_IRQHandler
                0x00000000080119f0                OTG_HS_EP1_OUT_IRQHandler
                0x00000000080119f0                DMA2_Stream4_IRQHandler
                0x00000000080119f0                I2C2_EV_IRQHandler
                0x00000000080119f0                CAN1_RX0_IRQHandler
                0x00000000080119f0                TIM3_IRQHandler
                0x00000000080119f0                DMA1_Stream7_IRQHandler
                0x00000000080119f0                TIM6_DAC_IRQHandler
                0x00000000080119f0                DMA1_Stream4_IRQHandler
                0x00000000080119f0                CAN2_TX_IRQHandler
                0x00000000080119f0                FLASH_IRQHandler
                0x00000000080119f0                CAN1_TX_IRQHandler
                0x00000000080119f0                SDIO_IRQHandler
                0x00000000080119f0                TIM8_BRK_TIM12_IRQHandler
                0x00000000080119f0                USART1_IRQHandler
                0x00000000080119f0                RTC_WKUP_IRQHandler
                0x00000000080119f0                TIM2_IRQHandler
                0x00000000080119f0                FSMC_IRQHandler
                0x00000000080119f0                CAN1_SCE_IRQHandler
                0x00000000080119f0                TAMP_STAMP_IRQHandler
                0x00000000080119f0                HASH_RNG_IRQHandler
                0x00000000080119f0                DMA2_Stream6_IRQHandler
                0x00000000080119f0                OTG_HS_EP1_IN_IRQHandler
                0x00000000080119f0                Default_Handler
                0x00000000080119f0                ETH_WKUP_IRQHandler
                0x00000000080119f0                UART5_IRQHandler
                0x00000000080119f0                TIM4_IRQHandler
                0x00000000080119f0                TIM1_TRG_COM_TIM11_IRQHandler
                0x00000000080119f0                TIM1_BRK_TIM9_IRQHandler
                0x00000000080119f0                I2C2_ER_IRQHandler
                0x00000000080119f0                CAN2_RX0_IRQHandler
                0x00000000080119f0                DMA2_Stream2_IRQHandler
                0x00000000080119f0                DMA2_Stream1_IRQHandler
                0x00000000080119f0                FPU_IRQHandler
                0x00000000080119f0                DCMI_IRQHandler
                0x00000000080119f0                CAN2_RX1_IRQHandler
                0x00000000080119f0                TIM1_CC_IRQHandler
                0x00000000080119f0                SPI3_IRQHandler
                0x00000000080119f0                OTG_HS_IRQHandler
                0x00000000080119f0                DMA1_Stream3_IRQHandler
                0x00000000080119f0                RTC_Alarm_IRQHandler
                0x00000000080119f0                CAN1_RX1_IRQHandler
                0x00000000080119f0                CAN2_SCE_IRQHandler
 *fill*         0x00000000080119f2        0x2 
 .text.SystemInit
                0x00000000080119f4       0xec src/built-in.o
                0x00000000080119f4                SystemInit
 .text.ADC_DeInit
                0x0000000008011ae0       0x1a src/built-in.o
                0x0000000008011ae0                ADC_DeInit
 *fill*         0x0000000008011afa        0x2 
 .text.ADC_Init
                0x0000000008011afc       0x4c src/built-in.o
                0x0000000008011afc                ADC_Init
 .text.ADC_StructInit
                0x0000000008011b48       0x12 src/built-in.o
                0x0000000008011b48                ADC_StructInit
 *fill*         0x0000000008011b5a        0x2 
 .text.ADC_CommonInit
                0x0000000008011b5c       0x28 src/built-in.o
                0x0000000008011b5c                ADC_CommonInit
 .text.ADC_CommonStructInit
                0x0000000008011b84        0xc src/built-in.o
                0x0000000008011b84                ADC_CommonStructInit
 .text.ADC_Cmd  0x0000000008011b90       0x12 src/built-in.o
                0x0000000008011b90                ADC_Cmd
 .text.ADC_RegularChannelConfig
                0x0000000008011ba2       0x7c src/built-in.o
                0x0000000008011ba2                ADC_RegularChannelConfig
 .text.ADC_SoftwareStartConv
                0x0000000008011c1e        0xa src/built-in.o
                0x0000000008011c1e                ADC_SoftwareStartConv
 .text.ADC_GetConversionValue
                0x0000000008011c28        0x6 src/built-in.o
                0x0000000008011c28                ADC_GetConversionValue
 .text.ADC_GetFlagStatus
                0x0000000008011c2e        0xc src/built-in.o
                0x0000000008011c2e                ADC_GetFlagStatus
 *fill*         0x0000000008011c3a        0x2 
 .text.DBGMCU_APB1PeriphConfig
                0x0000000008011c3c       0x18 src/built-in.o
                0x0000000008011c3c                DBGMCU_APB1PeriphConfig
 .text.DMA_DeInit
                0x0000000008011c54      0x110 src/built-in.o
                0x0000000008011c54                DMA_DeInit
 .text.DMA_Init
                0x0000000008011d64       0x54 src/built-in.o
                0x0000000008011d64                DMA_Init
 .text.DMA_Cmd  0x0000000008011db8       0x12 src/built-in.o
                0x0000000008011db8                DMA_Cmd
 .text.DMA_SetCurrDataCounter
                0x0000000008011dca        0x4 src/built-in.o
                0x0000000008011dca                DMA_SetCurrDataCounter
 .text.DMA_GetCurrDataCounter
                0x0000000008011dce        0x6 src/built-in.o
                0x0000000008011dce                DMA_GetCurrDataCounter
 .text.DMA_GetCmdStatus
                0x0000000008011dd4        0x8 src/built-in.o
                0x0000000008011dd4                DMA_GetCmdStatus
 .text.DMA_GetFlagStatus
                0x0000000008011ddc       0x38 src/built-in.o
                0x0000000008011ddc                DMA_GetFlagStatus
 .text.DMA_ClearFlag
                0x0000000008011e14       0x30 src/built-in.o
                0x0000000008011e14                DMA_ClearFlag
 .text.DMA_ITConfig
                0x0000000008011e44       0x3e src/built-in.o
                0x0000000008011e44                DMA_ITConfig