Archive member included to satisfy reference by file (symbol)

/usr/lib/gcc/arm-none-eabi/9.2.1/thumb/v6-m/nofp/libgcc.a(_udivsi3.o)
                              nrf51_sdk/nrf51822/Source/app_common/pstorage.o (__aeabi_uidiv)
/usr/lib/gcc/arm-none-eabi/9.2.1/thumb/v6-m/nofp/libgcc.a(_divsi3.o)
                              nrf51_sdk/nrf51822/Source/app_common/pstorage.o (__aeabi_idiv)
/usr/lib/gcc/arm-none-eabi/9.2.1/thumb/v6-m/nofp/libgcc.a(_dvmd_tls.o)
                              /usr/lib/gcc/arm-none-eabi/9.2.1/thumb/v6-m/nofp/libgcc.a(_udivsi3.o) (__aeabi_idiv0)
/usr/lib/gcc/arm-none-eabi/9.2.1/thumb/v6-m/nofp/libgcc.a(_arm_cmpsf2.o)
                              src/pm.o (__aeabi_fcmplt)
/usr/lib/gcc/arm-none-eabi/9.2.1/thumb/v6-m/nofp/libgcc.a(divsf3.o)
                              src/pm.o (__aeabi_fdiv)
/usr/lib/gcc/arm-none-eabi/9.2.1/thumb/v6-m/nofp/libgcc.a(eqsf2.o)
                              /usr/lib/gcc/arm-none-eabi/9.2.1/thumb/v6-m/nofp/libgcc.a(_arm_cmpsf2.o) (__eqsf2)
/usr/lib/gcc/arm-none-eabi/9.2.1/thumb/v6-m/nofp/libgcc.a(gesf2.o)
                              /usr/lib/gcc/arm-none-eabi/9.2.1/thumb/v6-m/nofp/libgcc.a(_arm_cmpsf2.o) (__gesf2)
/usr/lib/gcc/arm-none-eabi/9.2.1/thumb/v6-m/nofp/libgcc.a(lesf2.o)
                              /usr/lib/gcc/arm-none-eabi/9.2.1/thumb/v6-m/nofp/libgcc.a(_arm_cmpsf2.o) (__lesf2)
/usr/lib/gcc/arm-none-eabi/9.2.1/thumb/v6-m/nofp/libgcc.a(mulsf3.o)
                              src/pm.o (__aeabi_fmul)
/usr/lib/gcc/arm-none-eabi/9.2.1/thumb/v6-m/nofp/libgcc.a(floatsisf.o)
                              src/pm.o (__aeabi_i2f)
/usr/lib/gcc/arm-none-eabi/9.2.1/thumb/v6-m/nofp/libgcc.a(_clzsi2.o)
                              /usr/lib/gcc/arm-none-eabi/9.2.1/thumb/v6-m/nofp/libgcc.a(divsf3.o) (__clzsi2)
/usr/lib/gcc/arm-none-eabi/9.2.1/../../../arm-none-eabi/lib/thumb/v6-m/nofp/libc_nano.a(lib_a-atexit.o)
                              /usr/lib/gcc/arm-none-eabi/9.2.1/../../../arm-none-eabi/lib/thumb/v6-m/nofp/crt0.o (atexit)
/usr/lib/gcc/arm-none-eabi/9.2.1/../../../arm-none-eabi/lib/thumb/v6-m/nofp/libc_nano.a(lib_a-errno.o)
                              src/ow.o (__errno)
/usr/lib/gcc/arm-none-eabi/9.2.1/../../../arm-none-eabi/lib/thumb/v6-m/nofp/libc_nano.a(lib_a-exit.o)
                              /usr/lib/gcc/arm-none-eabi/9.2.1/../../../arm-none-eabi/lib/thumb/v6-m/nofp/crt0.o (exit)
/usr/lib/gcc/arm-none-eabi/9.2.1/../../../arm-none-eabi/lib/thumb/v6-m/nofp/libc_nano.a(lib_a-fini.o)
                              /usr/lib/gcc/arm-none-eabi/9.2.1/../../../arm-none-eabi/lib/thumb/v6-m/nofp/crt0.o (__libc_fini_array)
/usr/lib/gcc/arm-none-eabi/9.2.1/../../../arm-none-eabi/lib/thumb/v6-m/nofp/libc_nano.a(lib_a-impure.o)
                              /usr/lib/gcc/arm-none-eabi/9.2.1/../../../arm-none-eabi/lib/thumb/v6-m/nofp/libc_nano.a(lib_a-exit.o) (_global_impure_ptr)
/usr/lib/gcc/arm-none-eabi/9.2.1/../../../arm-none-eabi/lib/thumb/v6-m/nofp/libc_nano.a(lib_a-init.o)
                              /usr/lib/gcc/arm-none-eabi/9.2.1/../../../arm-none-eabi/lib/thumb/v6-m/nofp/crt0.o (__libc_init_array)
/usr/lib/gcc/arm-none-eabi/9.2.1/../../../arm-none-eabi/lib/thumb/v6-m/nofp/libc_nano.a(lib_a-memcmp.o)
                              nrf51_sdk/nrf51822/Source/ble/device_manager/device_manager_peripheral.o (memcmp)
/usr/lib/gcc/arm-none-eabi/9.2.1/../../../arm-none-eabi/lib/thumb/v6-m/nofp/libc_nano.a(lib_a-memcpy-stub.o)
                              src/ble/ble_crazyflies.o (memcpy)
/usr/lib/gcc/arm-none-eabi/9.2.1/../../../arm-none-eabi/lib/thumb/v6-m/nofp/libc_nano.a(lib_a-memset.o)
                              /usr/lib/gcc/arm-none-eabi/9.2.1/../../../arm-none-eabi/lib/thumb/v6-m/nofp/crt0.o (memset)
/usr/lib/gcc/arm-none-eabi/9.2.1/../../../arm-none-eabi/lib/thumb/v6-m/nofp/libc_nano.a(lib_a-printf.o)
                              src/ds28e05.o (printf)
/usr/lib/gcc/arm-none-eabi/9.2.1/../../../arm-none-eabi/lib/thumb/v6-m/nofp/libc_nano.a(lib_a-strcmp.o)
                              src/platform.o (strcmp)
/usr/lib/gcc/arm-none-eabi/9.2.1/../../../arm-none-eabi/lib/thumb/v6-m/nofp/libc_nano.a(lib_a-strlen-stub.o)
                              nrf51_sdk/nrf51822/Source/ble/ble_services/ble_srv_common.o (strlen)
/usr/lib/gcc/arm-none-eabi/9.2.1/../../../arm-none-eabi/lib/thumb/v6-m/nofp/libc_nano.a(lib_a-strncpy.o)
                              src/platform.o (strncpy)
/usr/lib/gcc/arm-none-eabi/9.2.1/../../../arm-none-eabi/lib/thumb/v6-m/nofp/libc_nano.a(lib_a-strtok_r.o)
                              src/platform.o (strtok_r)
/usr/lib/gcc/arm-none-eabi/9.2.1/../../../arm-none-eabi/lib/thumb/v6-m/nofp/libc_nano.a(lib_a-__atexit.o)
                              /usr/lib/gcc/arm-none-eabi/9.2.1/../../../arm-none-eabi/lib/thumb/v6-m/nofp/libc_nano.a(lib_a-atexit.o) (__register_exitproc)
/usr/lib/gcc/arm-none-eabi/9.2.1/../../../arm-none-eabi/lib/thumb/v6-m/nofp/libc_nano.a(lib_a-__call_atexit.o)
[...]
Memory Configuration

Name             Origin             Length             Attributes
FLASH            0x0000000000016000 0x000000000002a000 xr
RAM              0x0000000020002000 0x0000000000002000 xrw
*default*        0x0000000000000000 0xffffffffffffffff

Linker script and memory map

LOAD /usr/lib/gcc/arm-none-eabi/9.2.1/thumb/v6-m/nofp/crti.o
LOAD /usr/lib/gcc/arm-none-eabi/9.2.1/thumb/v6-m/nofp/crtbegin.o
LOAD /usr/lib/gcc/arm-none-eabi/9.2.1/../../../arm-none-eabi/lib/thumb/v6-m/nofp/crt0.o
LOAD src/ble/ble.o
LOAD src/ble/ble_crazyflies.o
LOAD src/ble/timeslot.o
LOAD nrf51_sdk/nrf51822/Source/ble/ble_advdata.o
LOAD nrf51_sdk/nrf51822/Source/ble/ble_conn_params.o
LOAD nrf51_sdk/nrf51822/Source/ble/ble_services/ble_srv_common.o
LOAD nrf51_sdk/nrf51822/Source/ble/ble_services/ble_dis.o
LOAD nrf51_sdk/nrf51822/Source/sd_common/softdevice_handler.o
LOAD nrf51_sdk/nrf51822/Source/app_common/app_timer.o
LOAD nrf51_sdk/nrf51822/Source/app_common/pstorage.o
LOAD nrf51_sdk/nrf51822/Source/ble/device_manager/device_manager_peripheral.o
LOAD src/main.o
LOAD gcc_startup_nrf51.o
LOAD system_nrf51.o
LOAD src/uart.o
LOAD src/syslink.o
LOAD src/pm.o
LOAD src/systick.o
LOAD src/button.o
LOAD src/swd.o
LOAD src/ow.o
LOAD src/ow/owlnk.o
LOAD src/ow/ownet.o
LOAD src/ow/owtran.o
LOAD src/ow/crcutil.o
LOAD src/ds2431.o
LOAD src/ds28e05.o
LOAD src/esb.o
LOAD src/memory.o
LOAD src/platform.o
LOAD src/platform_cf2.o
LOAD src/debug.o
LOAD src/shutdown.o
START GROUP
LOAD /usr/lib/gcc/arm-none-eabi/9.2.1/thumb/v6-m/nofp/libgcc.a
LOAD /usr/lib/gcc/arm-none-eabi/9.2.1/../../../arm-none-eabi/lib/thumb/v6-m/nofp/libc_nano.a
END GROUP
START GROUP
LOAD /usr/lib/gcc/arm-none-eabi/9.2.1/thumb/v6-m/nofp/libgcc.a
LOAD /usr/lib/gcc/arm-none-eabi/9.2.1/../../../arm-none-eabi/lib/thumb/v6-m/nofp/libc_nano.a
END GROUP
LOAD /usr/lib/gcc/arm-none-eabi/9.2.1/thumb/v6-m/nofp/crtend.o
LOAD /usr/lib/gcc/arm-none-eabi/9.2.1/thumb/v6-m/nofp/crtn.o
START GROUP
LOAD /usr/lib/gcc/arm-none-eabi/9.2.1/thumb/v6-m/nofp/libgcc.a
LOAD /usr/lib/gcc/arm-none-eabi/9.2.1/../../../arm-none-eabi/lib/thumb/v6-m/nofp/libc.a
LOAD /usr/lib/gcc/arm-none-eabi/9.2.1/../../../arm-none-eabi/lib/thumb/v6-m/nofp/libnosys.a
END GROUP

.text           0x0000000000016000    0x10358
 *(.Vectors)
 .Vectors       0x0000000000016000       0xc0 gcc_startup_nrf51.o
                0x0000000000016000                __Vectors
 *(.text*)
 .text          0x00000000000160c0        0x0 /usr/lib/gcc/arm-none-eabi/9.2.1/thumb/v6-m/nofp/crti.o
 .text          0x00000000000160c0       0x98 /usr/lib/gcc/arm-none-eabi/9.2.1/thumb/v6-m/nofp/crtbegin.o
 .text          0x0000000000016158       0x74 /usr/lib/gcc/arm-none-eabi/9.2.1/../../../arm-none-eabi/lib/thumb/v6-m/nofp/crt0.o
                0x0000000000016158                _stack_init
                0x0000000000016164                _mainCRTStartup
                0x0000000000016164                _start
 .text          0x00000000000161cc      0xab0 src/ble/ble.o
                0x0000000000016554                app_error_handler
                0x0000000000016566                assert_nrf_callback
                0x0000000000016adc                advertising_start
                0x0000000000016b18                ble_advertising_stop
                0x0000000000016b4c                ble_sd_stop
                0x0000000000016c12                ble_init
 .text          0x0000000000016c7c      0x744 src/ble/ble_crazyflies.o
                0x0000000000016e2c                ble_crazyflies_on_ble_evt
                0x0000000000016fc0                ble_crazyflies_init
                0x00000000000171e0                bleCrazyfliesIsPacketReceived
                0x00000000000171f4                bleCrazyfliesGetRxPacket
                0x0000000000017204                bleCrazyfliesReleaseRxPacket
                0x0000000000017220                bleCrazyfliesSendPacket
 .text          0x00000000000173c0      0x2d8 src/ble/timeslot.o
                0x000000000001764c                timeslot_sd_evt_signal
                0x0000000000017674                timeslot_start
 .text          0x0000000000017698      0xc2c nrf51_sdk/nrf51822/Source/ble/ble_advdata.o
                0x00000000000181fe                ble_advdata_set
 .text          0x00000000000182c4      0x6a4 nrf51_sdk/nrf51822/Source/ble/ble_conn_params.o
                0x00000000000185c0                ble_conn_params_init
                0x0000000000018664                ble_conn_params_stop
                0x0000000000018874                ble_conn_params_on_ble_evt
                0x00000000000188c8                ble_conn_params_change_conn_params
 .text          0x0000000000018968      0x14c nrf51_sdk/nrf51822/Source/ble/ble_services/ble_srv_common.o
                0x0000000000018a10                ble_srv_report_ref_encode
                0x0000000000018a8c                ble_srv_ascii_to_utf8
 .text          0x0000000000018ab4      0x72c nrf51_sdk/nrf51822/Source/ble/ble_services/ble_dis.o
                0x0000000000018f78                ble_dis_init
 .text          0x00000000000191e0      0x604 nrf51_sdk/nrf51822/Source/sd_common/softdevice_handler.o
                0x0000000000019564                softdevice_assertion_handler
                0x000000000001958c                intern_softdevice_events_execute
                0x0000000000019698                softdevice_handler_init
                0x0000000000019724                softdevice_handler_sd_disable
                0x000000000001974c                softdevice_ble_evt_handler_set
                0x0000000000019774                softdevice_sys_evt_handler_set
                0x000000000001979c                SWI2_IRQHandler
 .text          0x00000000000197e4     0x13fc nrf51_sdk/nrf51822/Source/app_common/app_timer.o
                0x000000000001a7bc                RTC1_IRQHandler
                0x000000000001a80c                SWI0_IRQHandler
                0x000000000001a81a                app_timer_init
                0x000000000001a994                app_timer_create
                0x000000000001aa82                app_timer_start
                0x000000000001ab14                app_timer_stop
                0x000000000001ab74                app_timer_stop_all
                0x000000000001ab9c                app_timer_cnt_get
                0x000000000001abb8                app_timer_cnt_diff_compute
 .text          0x000000000001abe0     0x1384 nrf51_sdk/nrf51822/Source/app_common/pstorage.o
                0x000000000001b070                pstorage_sys_event_handler
                0x000000000001b69c                pstorage_init
                0x000000000001b774                pstorage_register
                0x000000000001b958                pstorage_block_identifier_get
                0x000000000001ba30                pstorage_store
                0x000000000001bb7c                pstorage_update
                0x000000000001bcc8                pstorage_load
                0x000000000001be30                pstorage_clear
                0x000000000001bf24                pstorage_access_status_get
 .text          0x000000000001bf64     0x221c nrf51_sdk/nrf51822/Source/ble/device_manager/device_manager_peripheral.o
                0x000000000001cbb8                dm_init
                0x000000000001cd10                dm_register
                0x000000000001cda4                dm_security_setup_req
                0x000000000001ce7c                dm_security_status_req
                0x000000000001cf68                dm_whitelist_create
                0x000000000001d0bc                dm_device_add
                0x000000000001d0d4                dm_device_delete
                0x000000000001d170                dm_device_delete_all
                0x000000000001d20c                dm_service_context_set
                0x000000000001d34c                dm_service_context_get
                0x000000000001d490                dm_service_context_delete
                0x000000000001d524                dm_application_context_set
                0x000000000001d53c                dm_application_context_get
                0x000000000001d554                dm_application_context_delete
                0x000000000001d56c                dm_application_instance_set
                0x000000000001d5e0                dm_handle_initialize
                0x000000000001d768                dm_peer_addr_set
                0x000000000001d858                dm_peer_addr_get
                0x000000000001d9b8                bond_data_load
                0x000000000001da2c                dm_ble_evt_handler
 .text          0x000000000001e180      0xda4 src/main.o
                0x000000000001e508                main
 .text          0x000000000001ef24       0x48 gcc_startup_nrf51.o
                0x000000000001ef24                Reset_Handler
                0x000000000001ef60                NMI_Handler
                0x000000000001ef62                HardFault_Handler
                0x000000000001ef64                SVC_Handler
                0x000000000001ef66                PendSV_Handler
                0x000000000001ef68                SysTick_Handler
                0x000000000001ef6a                SPI0_TWI0_IRQHandler
                0x000000000001ef6a                RTC0_IRQHandler
                0x000000000001ef6a                GPIOTE_IRQHandler
                0x000000000001ef6a                POWER_CLOCK_IRQHandler
                0x000000000001ef6a                LPCOMP_IRQHandler
                0x000000000001ef6a                SWI4_IRQHandler
                0x000000000001ef6a                TEMP_IRQHandler
                0x000000000001ef6a                QDEC_IRQHandler
                0x000000000001ef6a                SWI5_IRQHandler
                0x000000000001ef6a                TIMER0_IRQHandler
                0x000000000001ef6a                ECB_IRQHandler
                0x000000000001ef6a                Default_Handler
                0x000000000001ef6a                ADC_IRQHandler
                0x000000000001ef6a                SWI3_IRQHandler
                0x000000000001ef6a                CCM_AAR_IRQHandler
                0x000000000001ef6a                WDT_IRQHandler
                0x000000000001ef6a                RNG_IRQHandler
                0x000000000001ef6a                SPI1_TWI1_IRQHandler
                0x000000000001ef6a                SWI1_IRQHandler
 .text          0x000000000001ef6c      0x124 system_nrf51.o
                0x000000000001ef6c                SystemCoreClockUpdate
                0x000000000001ef84                SystemInit
 .text          0x000000000001f090      0x488 src/uart.o
                0x000000000001f1c4                UART0_IRQHandler
                0x000000000001f250                uartInit
                0x000000000001f368                uartDeinit
                0x000000000001f3a8                uartPuts
                0x000000000001f3e4                uartSend
                0x000000000001f424                uartPutc
                0x000000000001f478                uartIsDataReceived
                0x000000000001f4b0                uartGetc
 .text          0x000000000001f518      0x2f8 src/syslink.o
                0x000000000001f518                syslinkReset
                0x000000000001f52c                syslinkReceive
                0x000000000001f70c                syslinkSend
                0x000000000001f7fc                syslinkDeactivateUntilPacketReceived
 .text          0x000000000001f810      0x8dc src/pm.o
                0x000000000001fa5c                pmInit
                0x000000000001faa8                pmUSBPower
                0x000000000001fad8                pmIsCharging
                0x000000000001fda4                pmSetState
                0x000000000001fdc4                pmGetState
                0x000000000001fdd8                pmGetVBAT
                0x000000000001fdec                pmGetISET
                0x000000000001fe00                pmGetTemp
                0x000000000001fe14                pmSysBootloader
                0x000000000001fe34                pmProcess
 .text          0x00000000000200ec      0x198 src/systick.o
                0x00000000000201f4                TIMER2_IRQHandler
                0x000000000002021c                systickInit
                0x0000000000020270                systickGetTick
 .text          0x0000000000020284      0x13c src/button.o
                0x00000000000202b0                buttonInit
                0x00000000000202f4                buttonProcess
                0x000000000002039c                buttonGetState
 .text          0x00000000000203c0      0x2c8 src/swd.o
                0x000000000002040c                swdInit
                0x000000000002047c                swdTest
 .text          0x0000000000020688      0x1b4 src/ow.o
                0x00000000000207b0                owInit
                0x0000000000020820                owRaiseError
 .text          0x000000000002083c      0x2b4 src/ow/owlnk.o
                0x000000000002083c                TIMER1_IRQHandler
                0x00000000000208e4                owTouchReset
                0x0000000000020964                owTouchBit
                0x00000000000209d8                owTouchByte
                0x0000000000020a2a                owWriteByte
                0x0000000000020a54                owReadByte
                0x0000000000020a70                owSpeed
                0x0000000000020a84                owLevel
                0x0000000000020a98                owProgramPulse
                0x0000000000020aaa                msDelay
                0x0000000000020ad6                msGettick
 .text          0x0000000000020af0      0x92c src/ow/ownet.o
                0x0000000000020af0                owFirst
                0x0000000000020b3c                owNext
                0x0000000000020e5c                owSerialNum
                0x0000000000020ef0                owFamilySearchSetup
                0x0000000000020f60                owSkipFamily
                0x0000000000020fac                owAccess
                0x000000000002108c                owVerify
                0x0000000000021264                owOverdriveAccess
                0x0000000000021380                bitacc
 .text          0x000000000002141c      0x284 src/ow/owtran.o
                0x000000000002141c                owBlock
                0x00000000000214a6                owProgramByte
 .text          0x00000000000216a0      0x1a8 src/ow/crcutil.o
                0x00000000000216a0                setcrc16
                0x00000000000216cc                setcrc8
                0x00000000000216f4                docrc16
                0x00000000000217fc                docrc8
 .text          0x0000000000021848      0x35e src/ds2431.o
                0x0000000000021848                ds2431ReadScratchpad
                0x0000000000021924                ds2431WriteScratchpad
                0x000000000002198c                ds2431ReadMemory
                0x0000000000021a00                ds2431CopyScratchpad
                0x0000000000021a8a                ds2431WriteMemory
 *fill*         0x0000000000021ba6        0x2 
 .text          0x0000000000021ba8      0x41c src/ds28e05.o
                0x0000000000021ba8                ds28e05ReadMemory
                0x0000000000021c2c                ds28e05WriteMemory
 .text          0x0000000000021fc4      0xf58 src/esb.o
                0x0000000000022650                RADIO_IRQHandler
                0x000000000002265e                esbInterruptHandler
                0x0000000000022908                esbInit
                0x0000000000022b10                esbReset
                0x0000000000022b6c                esbDeinit
                0x0000000000022bb4                esbIsRxPacket
                0x0000000000022bd8                esbGetRxPacket
                0x0000000000022c0c                esbReleaseRxPacket
                0x0000000000022c3c                esbCanTxPacket
                0x0000000000022c78                esbGetTxPacket
                0x0000000000022cac                esbSendTxPacket
                0x0000000000022cdc                esbSendP2PPacket
                0x0000000000022d9c                esbSetDatarate
                0x0000000000022dc0                esbSetContwave
                0x0000000000022e04                esbSetChannel
                0x0000000000022e2c                esbSetTxPower
                0x0000000000022e4c                esbSetTxPowerDbm
                0x0000000000022ef8                esbSetAddress
 .text          0x0000000000022f1c      0x374 src/memory.o
                0x0000000000022fb8                owScan
                0x0000000000023016                memoryInit
                0x0000000000023044                memorySyslink
 .text          0x0000000000023290      0x260 src/platform.o
                0x0000000000023290                platformGetDeviceTypeString
                0x0000000000023358                platformInitByDeviceType
                0x00000000000234cc                platformHasRfx2411n
                0x00000000000234e0                platformGetPmConfig
 .text          0x00000000000234f0       0x10 src/platform_cf2.o
                0x00000000000234f0                platformInit
 .text          0x0000000000023500        0xa src/debug.o
                0x0000000000023500                debugInit
 *fill*         0x000000000002350a        0x2 
 .text          0x000000000002350c       0xc8 src/shutdown.o
                0x000000000002350c                shutdownSendRequest
                0x0000000000023558                shutdownReceivedAck
                0x0000000000023578                shutdownProcess
 .text          0x00000000000235d4      0x114 /usr/lib/gcc/arm-none-eabi/9.2.1/thumb/v6-m/nofp/libgcc.a(_udivsi3.o)
                0x00000000000235d4                __udivsi3
                0x00000000000235d4                __aeabi_uidiv
                0x00000000000236e0                __aeabi_uidivmod
 .text          0x00000000000236e8      0x1d4 /usr/lib/gcc/arm-none-eabi/9.2.1/thumb/v6-m/nofp/libgcc.a(_divsi3.o)
                0x00000000000236e8                __aeabi_idiv
                0x00000000000236e8                __divsi3
                0x00000000000238b4                __aeabi_idivmod
 .text          0x00000000000238bc        0x4 /usr/lib/gcc/arm-none-eabi/9.2.1/thumb/v6-m/nofp/libgcc.a(_dvmd_tls.o)
                0x00000000000238bc                __aeabi_ldiv0
                0x00000000000238bc                __aeabi_idiv0
 .text          0x00000000000238c0       0x74 /usr/lib/gcc/arm-none-eabi/9.2.1/thumb/v6-m/nofp/libgcc.a(_arm_cmpsf2.o)
                0x00000000000238c0                __aeabi_cfrcmple
                0x00000000000238c8                __aeabi_cfcmple
                0x00000000000238c8                __aeabi_cfcmpeq
                0x00000000000238d8                __aeabi_fcmpeq
                0x00000000000238e4                __aeabi_fcmplt
                0x00000000000238f8                __aeabi_fcmple
                0x000000000002390c                __aeabi_fcmpgt
                0x0000000000023920                __aeabi_fcmpge
 .text          0x0000000000023934      0x218 /usr/lib/gcc/arm-none-eabi/9.2.1/thumb/v6-m/nofp/libgcc.a(divsf3.o)
                0x0000000000023934                __aeabi_fdiv
 .text          0x0000000000023b4c       0x50 /usr/lib/gcc/arm-none-eabi/9.2.1/thumb/v6-m/nofp/libgcc.a(eqsf2.o)
                0x0000000000023b4c                __nesf2
                0x0000000000023b4c                __eqsf2
 .text          0x0000000000023b9c       0x98 /usr/lib/gcc/arm-none-eabi/9.2.1/thumb/v6-m/nofp/libgcc.a(gesf2.o)
                0x0000000000023b9c                __gtsf2
                0x0000000000023b9c                __gesf2
 .text          0x0000000000023c34       0x94 /usr/lib/gcc/arm-none-eabi/9.2.1/thumb/v6-m/nofp/libgcc.a(lesf2.o)
                0x0000000000023c34                __lesf2
                0x0000000000023c34                __ltsf2
 .text          0x0000000000023cc8      0x234 /usr/lib/gcc/arm-none-eabi/9.2.1/thumb/v6-m/nofp/libgcc.a(mulsf3.o)
                0x0000000000023cc8                __aeabi_fmul
 .text          0x0000000000023efc       0x8c /usr/lib/gcc/arm-none-eabi/9.2.1/thumb/v6-m/nofp/libgcc.a(floatsisf.o)
                0x0000000000023efc                __aeabi_i2f
 .text          0x0000000000023f88       0x3c /usr/lib/gcc/arm-none-eabi/9.2.1/thumb/v6-m/nofp/libgcc.a(_clzsi2.o)
                0x0000000000023f88                __clzsi2
 .text          0x0000000000023fc4       0x10 /usr/lib/gcc/arm-none-eabi/9.2.1/../../../arm-none-eabi/lib/thumb/v6-m/nofp/libc_nano.a(lib_a-atexit.o)
                0x0000000000023fc4                atexit
 .text          0x0000000000023fd4        0xc /usr/lib/gcc/arm-none-eabi/9.2.1/../../../arm-none-eabi/lib/thumb/v6-m/nofp/libc_nano.a(lib_a-errno.o)
                0x0000000000023fd4                __errno
 .text          0x0000000000023fe0       0x2c /usr/lib/gcc/arm-none-eabi/9.2.1/../../../arm-none-eabi/lib/thumb/v6-m/nofp/libc_nano.a(lib_a-exit.o)
                0x0000000000023fe0                exit
 .text          0x000000000002400c       0x28 /usr/lib/gcc/arm-none-eabi/9.2.1/../../../arm-none-eabi/lib/thumb/v6-m/nofp/libc_nano.a(lib_a-fini.o)
                0x000000000002400c                __libc_fini_array
 .text          0x0000000000024034        0x0 /usr/lib/gcc/arm-none-eabi/9.2.1/../../../arm-none-eabi/lib/thumb/v6-m/nofp/libc_nano.a(lib_a-impure.o)
 .text          0x0000000000024034       0x44 /usr/lib/gcc/arm-none-eabi/9.2.1/../../../arm-none-eabi/lib/thumb/v6-m/nofp/libc_nano.a(lib_a-init.o)
                0x0000000000024034                __libc_init_array
 .text          0x0000000000024078       0x50 /usr/lib/gcc/arm-none-eabi/9.2.1/../../../arm-none-eabi/lib/thumb/v6-m/nofp/libc_nano.a(lib_a-memcmp.o)
                0x0000000000024078                memcmp
 .text          0x00000000000240c8       0xa8 /usr/lib/gcc/arm-none-eabi/9.2.1/../../../arm-none-eabi/lib/thumb/v6-m/nofp/libc_nano.a(lib_a-memcpy-stub.o)
                0x00000000000240c8                memcpy
 .text          0x0000000000024170       0xa8 /usr/lib/gcc/arm-none-eabi/9.2.1/../../../arm-none-eabi/lib/thumb/v6-m/nofp/libc_nano.a(lib_a-memset.o)
                0x0000000000024170                memset
 .text          0x0000000000024218       0x68 /usr/lib/gcc/arm-none-eabi/9.2.1/../../../arm-none-eabi/lib/thumb/v6-m/nofp/libc_nano.a(lib_a-printf.o)
                0x0000000000024218                _printf_r
                0x0000000000024218                _iprintf_r
                0x0000000000024248                printf
                0x0000000000024248                iprintf
 .text          0x0000000000024280       0x88 /usr/lib/gcc/arm-none-eabi/9.2.1/../../../arm-none-eabi/lib/thumb/v6-m/nofp/libc_nano.a(lib_a-strcmp.o)
                0x0000000000024280                strcmp
 .text          0x0000000000024308       0x68 /usr/lib/gcc/arm-none-eabi/9.2.1/../../../arm-none-eabi/lib/thumb/v6-m/nofp/libc_nano.a(lib_a-strlen-stub.o)
                0x0000000000024308                strlen
 .text          0x0000000000024370       0x80 /usr/lib/gcc/arm-none-eabi/9.2.1/../../../arm-none-eabi/lib/thumb/v6-m/nofp/libc_nano.a(lib_a-strncpy.o)
                0x0000000000024370                strncpy
 .text          0x00000000000243f0       0x78 /usr/lib/gcc/arm-none-eabi/9.2.1/../../../arm-none-eabi/lib/thumb/v6-m/nofp/libc_nano.a(lib_a-strtok_r.o)
                0x00000000000243f0                __strtok_r
                0x000000000002445c                strtok_r
 .text          0x0000000000024468       0xdc /usr/lib/gcc/arm-none-eabi/9.2.1/../../../arm-none-eabi/lib/thumb/v6-m/nofp/libc_nano.a(lib_a-__atexit.o)
                0x0000000000024468                __register_exitproc
 .text          0x0000000000024544       0xbc /usr/lib/gcc/arm-none-eabi/9.2.1/../../../arm-none-eabi/lib/thumb/v6-m/nofp/libc_nano.a(lib_a-__call_atexit.o)
                0x0000000000024544                __call_exitprocs
 .text          0x0000000000024600      0x240 /usr/lib/gcc/arm-none-eabi/9.2.1/../../../arm-none-eabi/lib/thumb/v6-m/nofp/libc_nano.a(lib_a-findfp.o)
                0x0000000000024604                _cleanup_r
                0x0000000000024618                __sfmoreglue
                0x0000000000024648                __sfp
                0x00000000000247d8                _cleanup
                0x00000000000247f0                __sinit
                0x0000000000024800                __sfp_lock_acquire
                0x0000000000024804                __sfp_lock_release
                0x0000000000024808                __sinit_lock_acquire
                0x000000000002480c                __sinit_lock_release
                0x0000000000024810                __fp_lock_all
                0x0000000000024828                __fp_unlock_all
 .text          0x0000000000024840       0x90 /usr/lib/gcc/arm-none-eabi/9.2.1/../../../arm-none-eabi/lib/thumb/v6-m/nofp/libc_nano.a(lib_a-fwalk.o)
                0x0000000000024840                _fwalk
                0x0000000000024884                _fwalk_reent
 .text          0x00000000000248d0       0xcc /usr/lib/gcc/arm-none-eabi/9.2.1/../../../arm-none-eabi/lib/thumb/v6-m/nofp/libc_nano.a(lib_a-nano-mallocr.o)
                0x00000000000248d0                _malloc_r
 .text          0x000000000002499c      0x384 /usr/lib/gcc/arm-none-eabi/9.2.1/../../../arm-none-eabi/lib/thumb/v6-m/nofp/libc_nano.a(lib_a-nano-vfprintf.o)
                0x00000000000249c4                __sfputs_r
                0x00000000000249f0                __sprint_r
                0x0000000000024a0c                _vfiprintf_r
                0x0000000000024a0c                _vfprintf_r
                0x0000000000024d08                vfiprintf
                0x0000000000024d08                vfprintf
 .text          0x0000000000024d20      0x3d8 /usr/lib/gcc/arm-none-eabi/9.2.1/../../../arm-none-eabi/lib/thumb/v6-m/nofp/libc_nano.a(lib_a-nano-vfprintf_i.o)
                0x0000000000024d20                _printf_common
                0x0000000000024e50                _printf_i
 .text          0x00000000000250f8       0x24 /usr/lib/gcc/arm-none-eabi/9.2.1/../../../arm-none-eabi/lib/thumb/v6-m/nofp/libc_nano.a(lib_a-sbrkr.o)
                0x00000000000250f8                _sbrk_r
 .text          0x000000000002511c       0xa4 /usr/lib/gcc/arm-none-eabi/9.2.1/../../../arm-none-eabi/lib/thumb/v6-m/nofp/libc_nano.a(lib_a-stdio.o)
                0x000000000002511c                __sread
                0x0000000000025144                __seofread
                0x0000000000025148                __swrite
                0x0000000000025188                __sseek
                0x00000000000251b4                __sclose
 .text          0x00000000000251c0       0xec /usr/lib/gcc/arm-none-eabi/9.2.1/../../../arm-none-eabi/lib/thumb/v6-m/nofp/libc_nano.a(lib_a-wbuf.o)
                0x00000000000251c0                __swbuf_r
                0x0000000000025294                __swbuf
 .text          0x00000000000252ac       0x28 /usr/lib/gcc/arm-none-eabi/9.2.1/../../../arm-none-eabi/lib/thumb/v6-m/nofp/libc_nano.a(lib_a-writer.o)
                0x00000000000252ac                _write_r
 .text          0x00000000000252d4      0x10c /usr/lib/gcc/arm-none-eabi/9.2.1/../../../arm-none-eabi/lib/thumb/v6-m/nofp/libc_nano.a(lib_a-wsetup.o)
                0x00000000000252d4                __swsetup_r
 .text          0x00000000000253e0       0x24 /usr/lib/gcc/arm-none-eabi/9.2.1/../../../arm-none-eabi/lib/thumb/v6-m/nofp/libc_nano.a(lib_a-closer.o)
                0x00000000000253e0                _close_r
 .text          0x0000000000025404      0x1b8 /usr/lib/gcc/arm-none-eabi/9.2.1/../../../arm-none-eabi/lib/thumb/v6-m/nofp/libc_nano.a(lib_a-fflush.o)
                0x0000000000025404                __sflush_r
                0x0000000000025538                _fflush_r
                0x0000000000025594                fflush
 .text          0x00000000000255bc      0x320 /usr/lib/gcc/arm-none-eabi/9.2.1/../../../arm-none-eabi/lib/thumb/v6-m/nofp/libc_nano.a(lib_a-fvwrite.o)
                0x00000000000255bc                __sfvwrite_r
 .text          0x00000000000258dc       0x28 /usr/lib/gcc/arm-none-eabi/9.2.1/../../../arm-none-eabi/lib/thumb/v6-m/nofp/libc_nano.a(lib_a-lseekr.o)
                0x00000000000258dc                _lseek_r
 .text          0x0000000000025904       0xe0 /usr/lib/gcc/arm-none-eabi/9.2.1/../../../arm-none-eabi/lib/thumb/v6-m/nofp/libc_nano.a(lib_a-makebuf.o)
                0x0000000000025904                __swhatbuf_r
                0x0000000000025954                __smakebuf_r
 .text          0x00000000000259e4       0x80 /usr/lib/gcc/arm-none-eabi/9.2.1/../../../arm-none-eabi/lib/thumb/v6-m/nofp/libc_nano.a(lib_a-memchr-stub.o)
                0x00000000000259e4                memchr
 .text          0x0000000000025a64       0xbc /usr/lib/gcc/arm-none-eabi/9.2.1/../../../arm-none-eabi/lib/thumb/v6-m/nofp/libc_nano.a(lib_a-memmove.o)
                0x0000000000025a64                memmove
 .text          0x0000000000025b20        0x8 /usr/lib/gcc/arm-none-eabi/9.2.1/../../../arm-none-eabi/lib/thumb/v6-m/nofp/libc_nano.a(lib_a-mlock.o)
                0x0000000000025b20                __malloc_lock
                0x0000000000025b24                __malloc_unlock
 .text          0x0000000000025b28       0xac /usr/lib/gcc/arm-none-eabi/9.2.1/../../../arm-none-eabi/lib/thumb/v6-m/nofp/libc_nano.a(lib_a-nano-freer.o)
                0x0000000000025b28                _free_r
 .text          0x0000000000025bd4       0x50 /usr/lib/gcc/arm-none-eabi/9.2.1/../../../arm-none-eabi/lib/thumb/v6-m/nofp/libc_nano.a(lib_a-nano-reallocr.o)
                0x0000000000025bd4                _realloc_r
 .text          0x0000000000025c24       0x28 /usr/lib/gcc/arm-none-eabi/9.2.1/../../../arm-none-eabi/lib/thumb/v6-m/nofp/libc_nano.a(lib_a-readr.o)
                0x0000000000025c24                _read_r
 .text          0x0000000000025c4c       0xf8 /usr/lib/gcc/arm-none-eabi/9.2.1/../../../arm-none-eabi/lib/thumb/v6-m/nofp/libc_nano.a(lib_a-reent.o)
                0x0000000000025c4c                cleanup_glue
                0x0000000000025c68                _reclaim_reent
 .text          0x0000000000025d44       0x28 /usr/lib/gcc/arm-none-eabi/9.2.1/../../../arm-none-eabi/lib/thumb/v6-m/nofp/libc_nano.a(lib_a-fstatr.o)
                0x0000000000025d44                _fstat_r
 .text          0x0000000000025d6c       0x24 /usr/lib/gcc/arm-none-eabi/9.2.1/../../../arm-none-eabi/lib/thumb/v6-m/nofp/libc_nano.a(lib_a-isattyr.o)
                0x0000000000025d6c                _isatty_r
 .text          0x0000000000025d90       0x14 /usr/lib/gcc/arm-none-eabi/9.2.1/../../../arm-none-eabi/lib/thumb/v6-m/nofp/libc_nano.a(lib_a-nano-msizer.o)
                0x0000000000025d90                _malloc_usable_size_r
 .text          0x0000000000025da4        0x0 /usr/lib/gcc/arm-none-eabi/9.2.1/thumb/v6-m/nofp/crtend.o
 .text          0x0000000000025da4        0x0 /usr/lib/gcc/arm-none-eabi/9.2.1/thumb/v6-m/nofp/crtn.o
 .text          0x0000000000025da4       0x10 /usr/lib/gcc/arm-none-eabi/9.2.1/../../../arm-none-eabi/lib/thumb/v6-m/nofp/libnosys.a(close.o)
                0x0000000000025da4                _close
 .text          0x0000000000025db4       0x10 /usr/lib/gcc/arm-none-eabi/9.2.1/../../../arm-none-eabi/lib/thumb/v6-m/nofp/libnosys.a(fstat.o)
                0x0000000000025db4                _fstat
 .text          0x0000000000025dc4       0x10 /usr/lib/gcc/arm-none-eabi/9.2.1/../../../arm-none-eabi/lib/thumb/v6-m/nofp/libnosys.a(isatty.o)
                0x0000000000025dc4                _isatty
 .text          0x0000000000025dd4       0x10 /usr/lib/gcc/arm-none-eabi/9.2.1/../../../arm-none-eabi/lib/thumb/v6-m/nofp/libnosys.a(lseek.o)
                0x0000000000025dd4                _lseek
 .text          0x0000000000025de4       0x10 /usr/lib/gcc/arm-none-eabi/9.2.1/../../../arm-none-eabi/lib/thumb/v6-m/nofp/libnosys.a(read.o)
                0x0000000000025de4                _read
 .text          0x0000000000025df4       0x1c /usr/lib/gcc/arm-none-eabi/9.2.1/../../../arm-none-eabi/lib/thumb/v6-m/nofp/libnosys.a(sbrk.o)
                0x0000000000025df4                _sbrk
 .text          0x0000000000025e10       0x10 /usr/lib/gcc/arm-none-eabi/9.2.1/../../../arm-none-eabi/lib/thumb/v6-m/nofp/libnosys.a(write.o)
                0x0000000000025e10                _write
 .text          0x0000000000025e20        0x4 /usr/lib/gcc/arm-none-eabi/9.2.1/../../../arm-none-eabi/lib/thumb/v6-m/nofp/libnosys.a(_exit.o)
                0x0000000000025e20                _exit
 *(.init)
 .init          0x0000000000025e24        0x4 /usr/lib/gcc/arm-none-eabi/9.2.1/thumb/v6-m/nofp/crti.o
                0x0000000000025e24                _init
 .init          0x0000000000025e28        0x8 /usr/lib/gcc/arm-none-eabi/9.2.1/thumb/v6-m/nofp/crtn.o
 *(.fini)
 .fini          0x0000000000025e30        0x4 /usr/lib/gcc/arm-none-eabi/9.2.1/thumb/v6-m/nofp/crti.o
                0x0000000000025e30                _fini
 .fini          0x0000000000025e34        0x8 /usr/lib/gcc/arm-none-eabi/9.2.1/thumb/v6-m/nofp/crtn.o
 *crtbegin.o(.ctors)
 *crtbegin?.o(.ctors)
 *(EXCLUDE_FILE(*crtend.o *crtend?.o) .ctors)
 *(SORT_BY_NAME(.ctors.*))
 *(.ctors)
 *crtbegin.o(.dtors)
 *crtbegin?.o(.dtors)
 *(EXCLUDE_FILE(*crtend.o *crtend?.o) .dtors)
 *(SORT_BY_NAME(.dtors.*))
 *(.dtors)
 *(.rodata*)
 .rodata        0x0000000000025e3c       0x3c src/ble/ble.o
 .rodata        0x0000000000025e78       0x14 src/ble/timeslot.o
 .rodata        0x0000000000025e8c       0x3c nrf51_sdk/nrf51822/Source/ble/ble_services/ble_srv_common.o
 .rodata        0x0000000000025ec8       0x35 nrf51_sdk/nrf51822/Source/ble/ble_services/ble_dis.o
 *fill*         0x0000000000025efd        0x3 
 .rodata        0x0000000000025f00       0x39 nrf51_sdk/nrf51822/Source/sd_common/softdevice_handler.o
 *fill*         0x0000000000025f39        0x3 
 .rodata        0x0000000000025f3c       0x31 nrf51_sdk/nrf51822/Source/app_common/app_timer.o
 *fill*         0x0000000000025f6d        0x3 
 .rodata        0x0000000000025f70       0x1c nrf51_sdk/nrf51822/Source/app_common/pstorage.o
 .rodata        0x0000000000025f8c       0xa4 nrf51_sdk/nrf51822/Source/ble/device_manager/device_manager_peripheral.o
                0x0000000000025f8c                m_service_context_store
                0x0000000000025f9c                m_service_context_load
                0x0000000000025fac                m_service_context_apply
                0x0000000000025fbc                m_context_init_len
 .rodata        0x0000000000026030       0xe8 src/main.o
 .rodata        0x0000000000026118       0x23 src/syslink.o
 *fill*         0x000000000002613b        0x1 
 .rodata        0x000000000002613c       0x3c src/pm.o
                0x000000000002613c                statesFunctions
 .rodata        0x0000000000026178       0x35 src/ds28e05.o
 *fill*         0x00000000000261ad        0x3 
 .rodata        0x00000000000261b0       0x41 src/platform.o
 *fill*         0x00000000000261f1        0x3 
 .rodata        0x00000000000261f4       0x80 /usr/lib/gcc/arm-none-eabi/9.2.1/thumb/v6-m/nofp/libgcc.a(divsf3.o)
 .rodata        0x0000000000026274       0x40 /usr/lib/gcc/arm-none-eabi/9.2.1/thumb/v6-m/nofp/libgcc.a(mulsf3.o)
 .rodata        0x00000000000262b4        0x4 /usr/lib/gcc/arm-none-eabi/9.2.1/../../../arm-none-eabi/lib/thumb/v6-m/nofp/libc_nano.a(lib_a-impure.o)
                0x00000000000262b4                _global_impure_ptr
 .rodata        0x00000000000262b8       0x60 /usr/lib/gcc/arm-none-eabi/9.2.1/../../../arm-none-eabi/lib/thumb/v6-m/nofp/libc_nano.a(lib_a-findfp.o)
                0x00000000000262b8                __sf_fake_stderr
                0x00000000000262d8                __sf_fake_stdout
                0x00000000000262f8                __sf_fake_stdin
 .rodata.str1.4
                0x0000000000026318       0x13 /usr/lib/gcc/arm-none-eabi/9.2.1/../../../arm-none-eabi/lib/thumb/v6-m/nofp/libc_nano.a(lib_a-nano-vfprintf.o)
 *fill*         0x000000000002632b        0x1 
 .rodata.str1.4
                0x000000000002632c       0x25 /usr/lib/gcc/arm-none-eabi/9.2.1/../../../arm-none-eabi/lib/thumb/v6-m/nofp/libc_nano.a(lib_a-nano-vfprintf_i.o)
 *(.eh_frame*)
 *fill*         0x0000000000026351        0x3 
 .eh_frame      0x0000000000026354        0x0 /usr/lib/gcc/arm-none-eabi/9.2.1/thumb/v6-m/nofp/crtbegin.o
 .eh_frame      0x0000000000026354        0x4 /usr/lib/gcc/arm-none-eabi/9.2.1/thumb/v6-m/nofp/crtend.o

.glue_7         0x0000000000026358        0x0
 .glue_7        0x0000000000026358        0x0 linker stubs

.glue_7t        0x0000000000026358        0x0
 .glue_7t       0x0000000000026358        0x0 linker stubs

.vfp11_veneer   0x0000000000026358        0x0
 .vfp11_veneer  0x0000000000026358        0x0 linker stubs

.v4_bx          0x0000000000026358        0x0
 .v4_bx         0x0000000000026358        0x0 linker stubs

.iplt           0x0000000000026358        0x0
 .iplt          0x0000000000026358        0x0 /usr/lib/gcc/arm-none-eabi/9.2.1/thumb/v6-m/nofp/crtbegin.o

.ARM.extab      0x0000000000026358        0x0
 *(.ARM.extab* .gnu.linkonce.armextab.*)
 .ARM.extab     0x0000000000026358        0x0 /usr/lib/gcc/arm-none-eabi/9.2.1/../../../arm-none-eabi/lib/thumb/v6-m/nofp/crt0.o
 .ARM.extab     0x0000000000026358        0x0 gcc_startup_nrf51.o
                0x0000000000026358                __exidx_start = .

.ARM.exidx      0x0000000000026358        0x8
 *(.ARM.exidx* .gnu.linkonce.armexidx.*)
 .ARM.exidx     0x0000000000026358        0x8 /usr/lib/gcc/arm-none-eabi/9.2.1/../../../arm-none-eabi/lib/thumb/v6-m/nofp/crt0.o
                                         0x10 (size before relaxing)
 .ARM.exidx     0x0000000000026360        0x0 gcc_startup_nrf51.o
                                          0x8 (size before relaxing)
                0x0000000000026360                __exidx_end = .
                0x0000000000026360                __etext = .

.rel.dyn        0x0000000000026360        0x0
 .rel.iplt      0x0000000000026360        0x0 /usr/lib/gcc/arm-none-eabi/9.2.1/thumb/v6-m/nofp/crtbegin.o

.data           0x0000000020002000      0x268 load address 0x0000000000026360
                0x0000000020002000                __data_start__ = .
 *(vtable)
 *(.data*)
 .data          0x0000000020002000        0x0 /usr/lib/gcc/arm-none-eabi/9.2.1/thumb/v6-m/nofp/crti.o
 .data          0x0000000020002000        0x4 /usr/lib/gcc/arm-none-eabi/9.2.1/thumb/v6-m/nofp/crtbegin.o
                0x0000000020002000                __dso_handle
 .data          0x0000000020002004        0x0 /usr/lib/gcc/arm-none-eabi/9.2.1/../../../arm-none-eabi/lib/thumb/v6-m/nofp/crt0.o
 .data          0x0000000020002004        0x0 src/ble/ble.o
 .data          0x0000000020002004       0x89 src/ble/ble_crazyflies.o
 *fill*         0x000000002000208d        0x3 
 .data          0x0000000020002090       0x10 src/ble/timeslot.o
 .data          0x00000000200020a0        0x0 nrf51_sdk/nrf51822/Source/ble/ble_advdata.o
 .data          0x00000000200020a0        0x0 nrf51_sdk/nrf51822/Source/ble/ble_conn_params.o
 .data          0x00000000200020a0        0x0 nrf51_sdk/nrf51822/Source/ble/ble_services/ble_srv_common.o
 .data          0x00000000200020a0        0x0 nrf51_sdk/nrf51822/Source/ble/ble_services/ble_dis.o
 .data          0x00000000200020a0        0x0 nrf51_sdk/nrf51822/Source/sd_common/softdevice_handler.o
 .data          0x00000000200020a0        0x0 nrf51_sdk/nrf51822/Source/app_common/app_timer.o
 .data          0x00000000200020a0        0x0 nrf51_sdk/nrf51822/Source/app_common/pstorage.o
 .data          0x00000000200020a0        0x0 nrf51_sdk/nrf51822/Source/ble/device_manager/device_manager_peripheral.o
 .data          0x00000000200020a0        0x8 src/main.o
 .data          0x00000000200020a8        0x0 gcc_startup_nrf51.o
 .data          0x00000000200020a8        0x4 system_nrf51.o
                0x00000000200020a8                SystemCoreClock
 .data          0x00000000200020ac        0x0 src/uart.o
 .data          0x00000000200020ac        0x0 src/syslink.o
 .data          0x00000000200020ac        0x0 src/pm.o
 .data          0x00000000200020ac        0x0 src/systick.o
 .data          0x00000000200020ac        0x0 src/button.o
 .data          0x00000000200020ac        0x0 src/swd.o
 .data          0x00000000200020ac        0x0 src/ow.o
 .data          0x00000000200020ac        0x0 src/ow/owlnk.o
 .data          0x00000000200020ac        0x0 src/ow/ownet.o
 .data          0x00000000200020ac        0x0 src/ow/owtran.o
 .data          0x00000000200020ac      0x120 src/ow/crcutil.o
 .data          0x00000000200021cc        0x0 src/ds2431.o
 .data          0x00000000200021cc        0x0 src/ds28e05.o
 *fill*         0x00000000200021cc        0x4 
 .data          0x00000000200021d0       0x20 src/esb.o
 .data          0x00000000200021f0        0x0 src/memory.o
 .data          0x00000000200021f0        0x8 src/platform.o
 .data          0x00000000200021f8        0x0 src/platform_cf2.o
 .data          0x00000000200021f8        0x0 src/debug.o
 .data          0x00000000200021f8        0x0 src/shutdown.o
 .data          0x00000000200021f8        0x0 /usr/lib/gcc/arm-none-eabi/9.2.1/thumb/v6-m/nofp/libgcc.a(_udivsi3.o)
 .data          0x00000000200021f8        0x0 /usr/lib/gcc/arm-none-eabi/9.2.1/thumb/v6-m/nofp/libgcc.a(_divsi3.o)
 .data          0x00000000200021f8        0x0 /usr/lib/gcc/arm-none-eabi/9.2.1/thumb/v6-m/nofp/libgcc.a(_dvmd_tls.o)
 .data          0x00000000200021f8        0x0 /usr/lib/gcc/arm-none-eabi/9.2.1/thumb/v6-m/nofp/libgcc.a(_arm_cmpsf2.o)
 .data          0x00000000200021f8        0x0 /usr/lib/gcc/arm-none-eabi/9.2.1/thumb/v6-m/nofp/libgcc.a(divsf3.o)
 .data          0x00000000200021f8        0x0 /usr/lib/gcc/arm-none-eabi/9.2.1/thumb/v6-m/nofp/libgcc.a(eqsf2.o)
 .data          0x00000000200021f8        0x0 /usr/lib/gcc/arm-none-eabi/9.2.1/thumb/v6-m/nofp/libgcc.a(gesf2.o)
 .data          0x00000000200021f8        0x0 /usr/lib/gcc/arm-none-eabi/9.2.1/thumb/v6-m/nofp/libgcc.a(lesf2.o)
 .data          0x00000000200021f8        0x0 /usr/lib/gcc/arm-none-eabi/9.2.1/thumb/v6-m/nofp/libgcc.a(mulsf3.o)
 .data          0x00000000200021f8        0x0 /usr/lib/gcc/arm-none-eabi/9.2.1/thumb/v6-m/nofp/libgcc.a(floatsisf.o)
 .data          0x00000000200021f8        0x0 /usr/lib/gcc/arm-none-eabi/9.2.1/thumb/v6-m/nofp/libgcc.a(_clzsi2.o)
 .data          0x00000000200021f8        0x0 /usr/lib/gcc/arm-none-eabi/9.2.1/../../../arm-none-eabi/lib/thumb/v6-m/nofp/libc_nano.a(lib_a-atexit.o)
 .data          0x00000000200021f8        0x0 /usr/lib/gcc/arm-none-eabi/9.2.1/../../../arm-none-eabi/lib/thumb/v6-m/nofp/libc_nano.a(lib_a-errno.o)
 .data          0x00000000200021f8        0x0 /usr/lib/gcc/arm-none-eabi/9.2.1/../../../arm-none-eabi/lib/thumb/v6-m/nofp/libc_nano.a(lib_a-exit.o)
 .data          0x00000000200021f8        0x0 /usr/lib/gcc/arm-none-eabi/9.2.1/../../../arm-none-eabi/lib/thumb/v6-m/nofp/libc_nano.a(lib_a-fini.o)
 .data          0x00000000200021f8       0x64 /usr/lib/gcc/arm-none-eabi/9.2.1/../../../arm-none-eabi/lib/thumb/v6-m/nofp/libc_nano.a(lib_a-impure.o)
                0x00000000200021f8                _impure_ptr
 .data          0x000000002000225c        0x0 /usr/lib/gcc/arm-none-eabi/9.2.1/../../../arm-none-eabi/lib/thumb/v6-m/nofp/libc_nano.a(lib_a-init.o)
 .data          0x000000002000225c        0x0 /usr/lib/gcc/arm-none-eabi/9.2.1/../../../arm-none-eabi/lib/thumb/v6-m/nofp/libc_nano.a(lib_a-memcmp.o)
 .data          0x000000002000225c        0x0 /usr/lib/gcc/arm-none-eabi/9.2.1/../../../arm-none-eabi/lib/thumb/v6-m/nofp/libc_nano.a(lib_a-memcpy-stub.o)
 .data          0x000000002000225c        0x0 /usr/lib/gcc/arm-none-eabi/9.2.1/../../../arm-none-eabi/lib/thumb/v6-m/nofp/libc_nano.a(lib_a-memset.o)
 .data          0x000000002000225c        0x0 /usr/lib/gcc/arm-none-eabi/9.2.1/../../../arm-none-eabi/lib/thumb/v6-m/nofp/libc_nano.a(lib_a-printf.o)
 .data          0x000000002000225c        0x0 /usr/lib/gcc/arm-none-eabi/9.2.1/../../../arm-none-eabi/lib/thumb/v6-m/nofp/libc_nano.a(lib_a-strcmp.o)
 .data          0x000000002000225c        0x0 /usr/lib/gcc/arm-none-eabi/9.2.1/../../../arm-none-eabi/lib/thumb/v6-m/nofp/libc_nano.a(lib_a-strlen-stub.o)
 .data          0x000000002000225c        0x0 /usr/lib/gcc/arm-none-eabi/9.2.1/../../../arm-none-eabi/lib/thumb/v6-m/nofp/libc_nano.a(lib_a-strncpy.o)
 .data          0x000000002000225c        0x0 /usr/lib/gcc/arm-none-eabi/9.2.1/../../../arm-none-eabi/lib/thumb/v6-m/nofp/libc_nano.a(lib_a-strtok_r.o)
 .data          0x000000002000225c        0x4 /usr/lib/gcc/arm-none-eabi/9.2.1/../../../arm-none-eabi/lib/thumb/v6-m/nofp/libc_nano.a(lib_a-__atexit.o)
                0x000000002000225c                __atexit_dummy
 .data          0x0000000020002260        0x0 /usr/lib/gcc/arm-none-eabi/9.2.1/../../../arm-none-eabi/lib/thumb/v6-m/nofp/libc_nano.a(lib_a-__call_atexit.o)
 .data          0x0000000020002260        0x0 /usr/lib/gcc/arm-none-eabi/9.2.1/../../../arm-none-eabi/lib/thumb/v6-m/nofp/libc_nano.a(lib_a-findfp.o)
 .data          0x0000000020002260        0x0 /usr/lib/gcc/arm-none-eabi/9.2.1/../../../arm-none-eabi/lib/thumb/v6-m/nofp/libc_nano.a(lib_a-fwalk.o)
 .data          0x0000000020002260        0x0 /usr/lib/gcc/arm-none-eabi/9.2.1/../../../arm-none-eabi/lib/thumb/v6-m/nofp/libc_nano.a(lib_a-nano-mallocr.o)
 .data          0x0000000020002260        0x0 /usr/lib/gcc/arm-none-eabi/9.2.1/../../../arm-none-eabi/lib/thumb/v6-m/nofp/libc_nano.a(lib_a-nano-vfprintf.o)
 .data          0x0000000020002260        0x0 /usr/lib/gcc/arm-none-eabi/9.2.1/../../../arm-none-eabi/lib/thumb/v6-m/nofp/libc_nano.a(lib_a-nano-vfprintf_i.o)
 .data          0x0000000020002260        0x0 /usr/lib/gcc/arm-none-eabi/9.2.1/../../../arm-none-eabi/lib/thumb/v6-m/nofp/libc_nano.a(lib_a-sbrkr.o)
 .data          0x0000000020002260        0x0 /usr/lib/gcc/arm-none-eabi/9.2.1/../../../arm-none-eabi/lib/thumb/v6-m/nofp/libc_nano.a(lib_a-stdio.o)
 .data          0x0000000020002260        0x0 /usr/lib/gcc/arm-none-eabi/9.2.1/../../../arm-none-eabi/lib/thumb/v6-m/nofp/libc_nano.a(lib_a-wbuf.o)
 .data          0x0000000020002260        0x0 /usr/lib/gcc/arm-none-eabi/9.2.1/../../../arm-none-eabi/lib/thumb/v6-m/nofp/libc_nano.a(lib_a-writer.o)
 .data          0x0000000020002260        0x0 /usr/lib/gcc/arm-none-eabi/9.2.1/../../../arm-none-eabi/lib/thumb/v6-m/nofp/libc_nano.a(lib_a-wsetup.o)
 .data          0x0000000020002260        0x0 /usr/lib/gcc/arm-none-eabi/9.2.1/../../../arm-none-eabi/lib/thumb/v6-m/nofp/libc_nano.a(lib_a-closer.o)
 .data          0x0000000020002260        0x0 /usr/lib/gcc/arm-none-eabi/9.2.1/../../../arm-none-eabi/lib/thumb/v6-m/nofp/libc_nano.a(lib_a-fflush.o)
 .data          0x0000000020002260        0x0 /usr/lib/gcc/arm-none-eabi/9.2.1/../../../arm-none-eabi/lib/thumb/v6-m/nofp/libc_nano.a(lib_a-fvwrite.o)
 .data          0x0000000020002260        0x0 /usr/lib/gcc/arm-none-eabi/9.2.1/../../../arm-none-eabi/lib/thumb/v6-m/nofp/libc_nano.a(lib_a-lseekr.o)
 .data          0x0000000020002260        0x0 /usr/lib/gcc/arm-none-eabi/9.2.1/../../../arm-none-eabi/lib/thumb/v6-m/nofp/libc_nano.a(lib_a-makebuf.o)
 .data          0x0000000020002260        0x0 /usr/lib/gcc/arm-none-eabi/9.2.1/../../../arm-none-eabi/lib/thumb/v6-m/nofp/libc_nano.a(lib_a-memchr-stub.o)
 .data          0x0000000020002260        0x0 /usr/lib/gcc/arm-none-eabi/9.2.1/../../../arm-none-eabi/lib/thumb/v6-m/nofp/libc_nano.a(lib_a-memmove.o)
 .data          0x0000000020002260        0x0 /usr/lib/gcc/arm-none-eabi/9.2.1/../../../arm-none-eabi/lib/thumb/v6-m/nofp/libc_nano.a(lib_a-mlock.o)
 .data          0x0000000020002260        0x0 /usr/lib/gcc/arm-none-eabi/9.2.1/../../../arm-none-eabi/lib/thumb/v6-m/nofp/libc_nano.a(lib_a-nano-freer.o)
 .data          0x0000000020002260        0x0 /usr/lib/gcc/arm-none-eabi/9.2.1/../../../arm-none-eabi/lib/thumb/v6-m/nofp/libc_nano.a(lib_a-nano-reallocr.o)
 .data          0x0000000020002260        0x0 /usr/lib/gcc/arm-none-eabi/9.2.1/../../../arm-none-eabi/lib/thumb/v6-m/nofp/libc_nano.a(lib_a-readr.o)
 .data          0x0000000020002260        0x0 /usr/lib/gcc/arm-none-eabi/9.2.1/../../../arm-none-eabi/lib/thumb/v6-m/nofp/libc_nano.a(lib_a-reent.o)
 .data          0x0000000020002260        0x0 /usr/lib/gcc/arm-none-eabi/9.2.1/../../../arm-none-eabi/lib/thumb/v6-m/nofp/libc_nano.a(lib_a-fstatr.o)
 .data          0x0000000020002260        0x0 /usr/lib/gcc/arm-none-eabi/9.2.1/../../../arm-none-eabi/lib/thumb/v6-m/nofp/libc_nano.a(lib_a-isattyr.o)
 .data          0x0000000020002260        0x0 /usr/lib/gcc/arm-none-eabi/9.2.1/../../../arm-none-eabi/lib/thumb/v6-m/nofp/libc_nano.a(lib_a-nano-msizer.o)
 .data          0x0000000020002260        0x0 /usr/lib/gcc/arm-none-eabi/9.2.1/thumb/v6-m/nofp/crtend.o
 .data          0x0000000020002260        0x0 /usr/lib/gcc/arm-none-eabi/9.2.1/thumb/v6-m/nofp/crtn.o
 .data          0x0000000020002260        0x0 /usr/lib/gcc/arm-none-eabi/9.2.1/../../../arm-none-eabi/lib/thumb/v6-m/nofp/libnosys.a(close.o)
 .data          0x0000000020002260        0x0 /usr/lib/gcc/arm-none-eabi/9.2.1/../../../arm-none-eabi/lib/thumb/v6-m/nofp/libnosys.a(fstat.o)
 .data          0x0000000020002260        0x0 /usr/lib/gcc/arm-none-eabi/9.2.1/../../../arm-none-eabi/lib/thumb/v6-m/nofp/libnosys.a(isatty.o)
 .data          0x0000000020002260        0x0 /usr/lib/gcc/arm-none-eabi/9.2.1/../../../arm-none-eabi/lib/thumb/v6-m/nofp/libnosys.a(lseek.o)
 .data          0x0000000020002260        0x0 /usr/lib/gcc/arm-none-eabi/9.2.1/../../../arm-none-eabi/lib/thumb/v6-m/nofp/libnosys.a(read.o)
 .data          0x0000000020002260        0x0 /usr/lib/gcc/arm-none-eabi/9.2.1/../../../arm-none-eabi/lib/thumb/v6-m/nofp/libnosys.a(sbrk.o)
 .data          0x0000000020002260        0x0 /usr/lib/gcc/arm-none-eabi/9.2.1/../../../arm-none-eabi/lib/thumb/v6-m/nofp/libnosys.a(write.o)
 .data          0x0000000020002260        0x0 /usr/lib/gcc/arm-none-eabi/9.2.1/../../../arm-none-eabi/lib/thumb/v6-m/nofp/libnosys.a(_exit.o)
                0x0000000020002260                . = ALIGN (0x4)
                0x0000000020002260                PROVIDE (__preinit_array_start = .)
 *(.preinit_array)
                0x0000000020002260                PROVIDE (__preinit_array_end = .)
                0x0000000020002260                . = ALIGN (0x4)
                0x0000000020002260                PROVIDE (__init_array_start = .)
 *(SORT_BY_NAME(.init_array.*))
 *(.init_array)
 .init_array    0x0000000020002260        0x4 /usr/lib/gcc/arm-none-eabi/9.2.1/thumb/v6-m/nofp/crtbegin.o
                0x0000000020002264                PROVIDE (__init_array_end = .)
                0x0000000020002264                . = ALIGN (0x4)
                0x0000000020002264                PROVIDE (__fini_array_start = .)
 *(SORT_BY_NAME(.fini_array.*))
 *(.fini_array)
 .fini_array    0x0000000020002264        0x4 /usr/lib/gcc/arm-none-eabi/9.2.1/thumb/v6-m/nofp/crtbegin.o
                0x0000000020002268                PROVIDE (__fini_array_end = .)
 *(.jcr)
                0x0000000020002268                . = ALIGN (0x4)
                0x0000000020002268                __data_end__ = .

.tm_clone_table
                0x0000000020002268        0x0 load address 0x00000000000265c8
 .tm_clone_table
                0x0000000020002268        0x0 /usr/lib/gcc/arm-none-eabi/9.2.1/thumb/v6-m/nofp/crtbegin.o
 .tm_clone_table
                0x0000000020002268        0x0 /usr/lib/gcc/arm-none-eabi/9.2.1/thumb/v6-m/nofp/crtend.o

.igot.plt       0x0000000020002268        0x0 load address 0x00000000000265c8
 .igot.plt      0x0000000020002268        0x0 /usr/lib/gcc/arm-none-eabi/9.2.1/thumb/v6-m/nofp/crtbegin.o

.bss            0x0000000020002268     0x1398 load address 0x00000000000265c8
                0x0000000020002268                . = ALIGN (0x4)
                0x0000000020002268                __bss_start__ = .
 *(.bss*)
 .bss           0x0000000020002268        0x0 /usr/lib/gcc/arm-none-eabi/9.2.1/thumb/v6-m/nofp/crti.o
 .bss           0x0000000020002268       0x1c /usr/lib/gcc/arm-none-eabi/9.2.1/thumb/v6-m/nofp/crtbegin.o
 .bss           0x0000000020002284        0x0 /usr/lib/gcc/arm-none-eabi/9.2.1/../../../arm-none-eabi/lib/thumb/v6-m/nofp/crt0.o
 .bss           0x0000000020002284      0x320 src/ble/ble.o
 .bss           0x00000000200025a4       0xa4 src/ble/ble_crazyflies.o
 .bss           0x0000000020002648        0x8 src/ble/timeslot.o
 .bss           0x0000000020002650        0x0 nrf51_sdk/nrf51822/Source/ble/ble_advdata.o
 .bss           0x0000000020002650       0x35 nrf51_sdk/nrf51822/Source/ble/ble_conn_params.o
 .bss           0x0000000020002685        0x0 nrf51_sdk/nrf51822/Source/ble/ble_services/ble_srv_common.o
 *fill*         0x0000000020002685        0x3 
 .bss           0x0000000020002688       0x4c nrf51_sdk/nrf51822/Source/ble/ble_services/ble_dis.o
 .bss           0x00000000200026d4       0x14 nrf51_sdk/nrf51822/Source/sd_common/softdevice_handler.o
 .bss           0x00000000200026e8       0x29 nrf51_sdk/nrf51822/Source/app_common/app_timer.o
 *fill*         0x0000000020002711        0x3 
 .bss           0x0000000020002714       0xe8 nrf51_sdk/nrf51822/Source/app_common/pstorage.o
 .bss           0x00000000200027fc      0x11f nrf51_sdk/nrf51822/Source/ble/device_manager/device_manager_peripheral.o
 *fill*         0x000000002000291b        0x1 
 .bss           0x000000002000291c      0x178 src/main.o
                0x000000002000291c                bleEnabled
 .bss           0x0000000020002a94        0x0 gcc_startup_nrf51.o
 .bss           0x0000000020002a94        0x0 system_nrf51.o
 .bss           0x0000000020002a94       0x98 src/uart.o
                0x0000000020002b28                error
 .bss           0x0000000020002b2c       0x10 src/syslink.o
 .bss           0x0000000020002b3c       0x1c src/pm.o
 .bss           0x0000000020002b58        0x4 src/systick.o
 .bss           0x0000000020002b5c       0x10 src/button.o
 .bss           0x0000000020002b6c        0x0 src/swd.o
 .bss           0x0000000020002b6c        0x0 src/ow.o
 .bss           0x0000000020002b6c        0x8 src/ow/owlnk.o
 .bss           0x0000000020002b74       0xc0 src/ow/ownet.o
 .bss           0x0000000020002c34        0x0 src/ow/owtran.o
 .bss           0x0000000020002c34        0x0 src/ow/crcutil.o
 .bss           0x0000000020002c34        0x0 src/ds2431.o
 .bss           0x0000000020002c34        0x0 src/ds28e05.o
 .bss           0x0000000020002c34      0x5c4 src/esb.o
 .bss           0x00000000200031f8      0x210 src/memory.o
 .bss           0x0000000020003408       0x57 src/platform.o
 .bss           0x000000002000345f        0x0 src/platform_cf2.o
 .bss           0x000000002000345f        0x0 src/debug.o
 *fill*         0x000000002000345f        0x1 
 .bss           0x0000000020003460        0x8 src/shutdown.o
 .bss           0x0000000020003468        0x0 /usr/lib/gcc/arm-none-eabi/9.2.1/thumb/v6-m/nofp/libgcc.a(_udivsi3.o)
 .bss           0x0000000020003468        0x0 /usr/lib/gcc/arm-none-eabi/9.2.1/thumb/v6-m/nofp/libgcc.a(_divsi3.o)
 .bss           0x0000000020003468        0x0 /usr/lib/gcc/arm-none-eabi/9.2.1/thumb/v6-m/nofp/libgcc.a(_dvmd_tls.o)
 .bss           0x0000000020003468        0x0 /usr/lib/gcc/arm-none-eabi/9.2.1/thumb/v6-m/nofp/libgcc.a(_arm_cmpsf2.o)
 .bss           0x0000000020003468        0x0 /usr/lib/gcc/arm-none-eabi/9.2.1/thumb/v6-m/nofp/libgcc.a(divsf3.o)
 .bss           0x0000000020003468        0x0 /usr/lib/gcc/arm-none-eabi/9.2.1/thumb/v6-m/nofp/libgcc.a(eqsf2.o)
 .bss           0x0000000020003468        0x0 /usr/lib/gcc/arm-none-eabi/9.2.1/thumb/v6-m/nofp/libgcc.a(gesf2.o)
 .bss           0x0000000020003468        0x0 /usr/lib/gcc/arm-none-eabi/9.2.1/thumb/v6-m/nofp/libgcc.a(lesf2.o)
 .bss           0x0000000020003468        0x0 /usr/lib/gcc/arm-none-eabi/9.2.1/thumb/v6-m/nofp/libgcc.a(mulsf3.o)
 .bss           0x0000000020003468        0x0 /usr/lib/gcc/arm-none-eabi/9.2.1/thumb/v6-m/nofp/libgcc.a(floatsisf.o)
 .bss           0x0000000020003468        0x0 /usr/lib/gcc/arm-none-eabi/9.2.1/thumb/v6-m/nofp/libgcc.a(_clzsi2.o)
 .bss           0x0000000020003468        0x0 /usr/lib/gcc/arm-none-eabi/9.2.1/../../../arm-none-eabi/lib/thumb/v6-m/nofp/libc_nano.a(lib_a-atexit.o)
 .bss           0x0000000020003468        0x0 /usr/lib/gcc/arm-none-eabi/9.2.1/../../../arm-none-eabi/lib/thumb/v6-m/nofp/libc_nano.a(lib_a-errno.o)
 .bss           0x0000000020003468        0x0 /usr/lib/gcc/arm-none-eabi/9.2.1/../../../arm-none-eabi/lib/thumb/v6-m/nofp/libc_nano.a(lib_a-exit.o)
 .bss           0x0000000020003468        0x0 /usr/lib/gcc/arm-none-eabi/9.2.1/../../../arm-none-eabi/lib/thumb/v6-m/nofp/libc_nano.a(lib_a-fini.o)
 .bss           0x0000000020003468        0x0 /usr/lib/gcc/arm-none-eabi/9.2.1/../../../arm-none-eabi/lib/thumb/v6-m/nofp/libc_nano.a(lib_a-impure.o)
 .bss           0x0000000020003468        0x0 /usr/lib/gcc/arm-none-eabi/9.2.1/../../../arm-none-eabi/lib/thumb/v6-m/nofp/libc_nano.a(lib_a-init.o)
 .bss           0x0000000020003468        0x0 /usr/lib/gcc/arm-none-eabi/9.2.1/../../../arm-none-eabi/lib/thumb/v6-m/nofp/libc_nano.a(lib_a-memcmp.o)
 .bss           0x0000000020003468        0x0 /usr/lib/gcc/arm-none-eabi/9.2.1/../../../arm-none-eabi/lib/thumb/v6-m/nofp/libc_nano.a(lib_a-memcpy-stub.o)
 .bss           0x0000000020003468        0x0 /usr/lib/gcc/arm-none-eabi/9.2.1/../../../arm-none-eabi/lib/thumb/v6-m/nofp/libc_nano.a(lib_a-memset.o)
 .bss           0x0000000020003468        0x0 /usr/lib/gcc/arm-none-eabi/9.2.1/../../../arm-none-eabi/lib/thumb/v6-m/nofp/libc_nano.a(lib_a-printf.o)
 .bss           0x0000000020003468        0x0 /usr/lib/gcc/arm-none-eabi/9.2.1/../../../arm-none-eabi/lib/thumb/v6-m/nofp/libc_nano.a(lib_a-strcmp.o)
 .bss           0x0000000020003468        0x0 /usr/lib/gcc/arm-none-eabi/9.2.1/../../../arm-none-eabi/lib/thumb/v6-m/nofp/libc_nano.a(lib_a-strlen-stub.o)
 .bss           0x0000000020003468        0x0 /usr/lib/gcc/arm-none-eabi/9.2.1/../../../arm-none-eabi/lib/thumb/v6-m/nofp/libc_nano.a(lib_a-strncpy.o)
 .bss           0x0000000020003468        0x0 /usr/lib/gcc/arm-none-eabi/9.2.1/../../../arm-none-eabi/lib/thumb/v6-m/nofp/libc_nano.a(lib_a-strtok_r.o)
 .bss           0x0000000020003468       0x8c /usr/lib/gcc/arm-none-eabi/9.2.1/../../../arm-none-eabi/lib/thumb/v6-m/nofp/libc_nano.a(lib_a-__atexit.o)
 .bss           0x00000000200034f4        0x4 /usr/lib/gcc/arm-none-eabi/9.2.1/../../../arm-none-eabi/lib/thumb/v6-m/nofp/libc_nano.a(lib_a-__call_atexit.o)
                0x00000000200034f4                _global_atexit
 .bss           0x00000000200034f8        0x0 /usr/lib/gcc/arm-none-eabi/9.2.1/../../../arm-none-eabi/lib/thumb/v6-m/nofp/libc_nano.a(lib_a-findfp.o)
 .bss           0x00000000200034f8        0x0 /usr/lib/gcc/arm-none-eabi/9.2.1/../../../arm-none-eabi/lib/thumb/v6-m/nofp/libc_nano.a(lib_a-fwalk.o)
 .bss           0x00000000200034f8        0x8 /usr/lib/gcc/arm-none-eabi/9.2.1/../../../arm-none-eabi/lib/thumb/v6-m/nofp/libc_nano.a(lib_a-nano-mallocr.o)
                0x00000000200034f8                __malloc_free_list
                0x00000000200034fc                __malloc_sbrk_start
 .bss           0x0000000020003500        0x0 /usr/lib/gcc/arm-none-eabi/9.2.1/../../../arm-none-eabi/lib/thumb/v6-m/nofp/libc_nano.a(lib_a-nano-vfprintf.o)
 .bss           0x0000000020003500        0x0 /usr/lib/gcc/arm-none-eabi/9.2.1/../../../arm-none-eabi/lib/thumb/v6-m/nofp/libc_nano.a(lib_a-nano-vfprintf_i.o)
 .bss           0x0000000020003500        0x0 /usr/lib/gcc/arm-none-eabi/9.2.1/../../../arm-none-eabi/lib/thumb/v6-m/nofp/libc_nano.a(lib_a-sbrkr.o)
 .bss           0x0000000020003500        0x0 /usr/lib/gcc/arm-none-eabi/9.2.1/../../../arm-none-eabi/lib/thumb/v6-m/nofp/libc_nano.a(lib_a-stdio.o)
 .bss           0x0000000020003500        0x0 /usr/lib/gcc/arm-none-eabi/9.2.1/../../../arm-none-eabi/lib/thumb/v6-m/nofp/libc_nano.a(lib_a-wbuf.o)
 .bss           0x0000000020003500        0x0 /usr/lib/gcc/arm-none-eabi/9.2.1/../../../arm-none-eabi/lib/thumb/v6-m/nofp/libc_nano.a(lib_a-writer.o)
 .bss           0x0000000020003500        0x0 /usr/lib/gcc/arm-none-eabi/9.2.1/../../../arm-none-eabi/lib/thumb/v6-m/nofp/libc_nano.a(lib_a-wsetup.o)
 .bss           0x0000000020003500        0x0 /usr/lib/gcc/arm-none-eabi/9.2.1/../../../arm-none-eabi/lib/thumb/v6-m/nofp/libc_nano.a(lib_a-closer.o)
 .bss           0x0000000020003500        0x0 /usr/lib/gcc/arm-none-eabi/9.2.1/../../../arm-none-eabi/lib/thumb/v6-m/nofp/libc_nano.a(lib_a-fflush.o)
 .bss           0x0000000020003500        0x0 /usr/lib/gcc/arm-none-eabi/9.2.1/../../../arm-none-eabi/lib/thumb/v6-m/nofp/libc_nano.a(lib_a-fvwrite.o)
 .bss           0x0000000020003500        0x0 /usr/lib/gcc/arm-none-eabi/9.2.1/../../../arm-none-eabi/lib/thumb/v6-m/nofp/libc_nano.a(lib_a-lseekr.o)
 .bss           0x0000000020003500        0x0 /usr/lib/gcc/arm-none-eabi/9.2.1/../../../arm-none-eabi/lib/thumb/v6-m/nofp/libc_nano.a(lib_a-makebuf.o)
 .bss           0x0000000020003500        0x0 /usr/lib/gcc/arm-none-eabi/9.2.1/../../../arm-none-eabi/lib/thumb/v6-m/nofp/libc_nano.a(lib_a-memchr-stub.o)
 .bss           0x0000000020003500        0x0 /usr/lib/gcc/arm-none-eabi/9.2.1/../../../arm-none-eabi/lib/thumb/v6-m/nofp/libc_nano.a(lib_a-memmove.o)
 .bss           0x0000000020003500        0x0 /usr/lib/gcc/arm-none-eabi/9.2.1/../../../arm-none-eabi/lib/thumb/v6-m/nofp/libc_nano.a(lib_a-mlock.o)
 .bss           0x0000000020003500        0x0 /usr/lib/gcc/arm-none-eabi/9.2.1/../../../arm-none-eabi/lib/thumb/v6-m/nofp/libc_nano.a(lib_a-nano-freer.o)
 .bss           0x0000000020003500        0x0 /usr/lib/gcc/arm-none-eabi/9.2.1/../../../arm-none-eabi/lib/thumb/v6-m/nofp/libc_nano.a(lib_a-nano-reallocr.o)
 .bss           0x0000000020003500        0x0 /usr/lib/gcc/arm-none-eabi/9.2.1/../../../arm-none-eabi/lib/thumb/v6-m/nofp/libc_nano.a(lib_a-readr.o)
 .bss           0x0000000020003500        0x0 /usr/lib/gcc/arm-none-eabi/9.2.1/../../../arm-none-eabi/lib/thumb/v6-m/nofp/libc_nano.a(lib_a-reent.o)
 .bss           0x0000000020003500        0x0 /usr/lib/gcc/arm-none-eabi/9.2.1/../../../arm-none-eabi/lib/thumb/v6-m/nofp/libc_nano.a(lib_a-fstatr.o)
 .bss           0x0000000020003500        0x0 /usr/lib/gcc/arm-none-eabi/9.2.1/../../../arm-none-eabi/lib/thumb/v6-m/nofp/libc_nano.a(lib_a-isattyr.o)
 .bss           0x0000000020003500        0x0 /usr/lib/gcc/arm-none-eabi/9.2.1/../../../arm-none-eabi/lib/thumb/v6-m/nofp/libc_nano.a(lib_a-nano-msizer.o)
 .bss           0x0000000020003500        0x0 /usr/lib/gcc/arm-none-eabi/9.2.1/thumb/v6-m/nofp/crtend.o
 .bss           0x0000000020003500        0x0 /usr/lib/gcc/arm-none-eabi/9.2.1/thumb/v6-m/nofp/crtn.o
 .bss           0x0000000020003500        0x0 /usr/lib/gcc/arm-none-eabi/9.2.1/../../../arm-none-eabi/lib/thumb/v6-m/nofp/libnosys.a(close.o)
 .bss           0x0000000020003500        0x0 /usr/lib/gcc/arm-none-eabi/9.2.1/../../../arm-none-eabi/lib/thumb/v6-m/nofp/libnosys.a(fstat.o)
 .bss           0x0000000020003500        0x0 /usr/lib/gcc/arm-none-eabi/9.2.1/../../../arm-none-eabi/lib/thumb/v6-m/nofp/libnosys.a(isatty.o)
 .bss           0x0000000020003500        0x0 /usr/lib/gcc/arm-none-eabi/9.2.1/../../../arm-none-eabi/lib/thumb/v6-m/nofp/libnosys.a(lseek.o)
 .bss           0x0000000020003500        0x0 /usr/lib/gcc/arm-none-eabi/9.2.1/../../../arm-none-eabi/lib/thumb/v6-m/nofp/libnosys.a(read.o)
 .bss           0x0000000020003500        0x4 /usr/lib/gcc/arm-none-eabi/9.2.1/../../../arm-none-eabi/lib/thumb/v6-m/nofp/libnosys.a(sbrk.o)
 .bss           0x0000000020003504        0x0 /usr/lib/gcc/arm-none-eabi/9.2.1/../../../arm-none-eabi/lib/thumb/v6-m/nofp/libnosys.a(write.o)
 .bss           0x0000000020003504        0x0 /usr/lib/gcc/arm-none-eabi/9.2.1/../../../arm-none-eabi/lib/thumb/v6-m/nofp/libnosys.a(_exit.o)
 *(COMMON)
 COMMON         0x0000000020003504       0x47 src/swd.o
                0x0000000020003504                rx_data
                0x0000000020003528                tx_data
 *fill*         0x000000002000354b        0x1 
 COMMON         0x000000002000354c       0x80 src/ow/ownet.o
                0x000000002000354c                SerialNum
 COMMON         0x00000000200035cc       0x30 src/ow/crcutil.o
                0x00000000200035cc                utilcrc8
                0x00000000200035dc                utilcrc16
 COMMON         0x00000000200035fc        0x4 /usr/lib/gcc/arm-none-eabi/9.2.1/../../../arm-none-eabi/lib/thumb/v6-m/nofp/libc_nano.a(lib_a-reent.o)
                0x00000000200035fc                errno
                0x0000000020003600                . = ALIGN (0x4)
                0x0000000020003600                __bss_end__ = .

.heap           0x0000000020003600       0x80
                0x0000000020003600                __end__ = .
                0x0000000020003600                end = __end__
 *(.heap*)
 .heap          0x0000000020003600       0x80 gcc_startup_nrf51.o
                0x0000000020003600                __HeapBase
                0x0000000020003680                __HeapLimit = .

.stack_dummy    0x0000000020003600      0x800
 *(.stack*)
 .stack         0x0000000020003600      0x800 gcc_startup_nrf51.o
                0x0000000020004000                __StackTop = (ORIGIN (RAM) + LENGTH (RAM))
                0x0000000020003800                __StackLimit = (__StackTop - SIZEOF (.stack_dummy))
                0x0000000020004000                PROVIDE (__stack = __StackTop)
                0x0000000000000001                ASSERT ((__StackLimit >= __HeapLimit), region RAM overflowed with stack)
OUTPUT(cf2_nrf.elf elf32-littlearm)
LOAD linker stubs

.ARM.attributes
                0x0000000000000000       0x28
 .ARM.attributes
                0x0000000000000000       0x1e /usr/lib/gcc/arm-none-eabi/9.2.1/thumb/v6-m/nofp/crti.o
 .ARM.attributes
                0x000000000000001e       0x2c /usr/lib/gcc/arm-none-eabi/9.2.1/thumb/v6-m/nofp/crtbegin.o
 .ARM.attributes
                0x000000000000004a       0x1b /usr/lib/gcc/arm-none-eabi/9.2.1/../../../arm-none-eabi/lib/thumb/v6-m/nofp/crt0.o
 .ARM.attributes
                0x0000000000000065       0x28 src/ble/ble.o
 .ARM.attributes
                0x000000000000008d       0x28 src/ble/ble_crazyflies.o
 .ARM.attributes
                0x00000000000000b5       0x28 src/ble/timeslot.o
 .ARM.attributes
                0x00000000000000dd       0x28 nrf51_sdk/nrf51822/Source/ble/ble_advdata.o
 .ARM.attributes
                0x0000000000000105       0x28 nrf51_sdk/nrf51822/Source/ble/ble_conn_params.o
 .ARM.attributes
                0x000000000000012d       0x28 nrf51_sdk/nrf51822/Source/ble/ble_services/ble_srv_common.o
 .ARM.attributes
                0x0000000000000155       0x28 nrf51_sdk/nrf51822/Source/ble/ble_services/ble_dis.o
 .ARM.attributes
                0x000000000000017d       0x28 nrf51_sdk/nrf51822/Source/sd_common/softdevice_handler.o
 .ARM.attributes
                0x00000000000001a5       0x28 nrf51_sdk/nrf51822/Source/app_common/app_timer.o
 .ARM.attributes
                0x00000000000001cd       0x28 nrf51_sdk/nrf51822/Source/app_common/pstorage.o
 .ARM.attributes
                0x00000000000001f5       0x28 nrf51_sdk/nrf51822/Source/ble/device_manager/device_manager_peripheral.o
 .ARM.attributes
                0x000000000000021d       0x28 src/main.o
 .ARM.attributes
                0x0000000000000245       0x1b gcc_startup_nrf51.o
 .ARM.attributes
                0x0000000000000260       0x28 system_nrf51.o
 .ARM.attributes
                0x0000000000000288       0x28 src/uart.o
 .ARM.attributes
                0x00000000000002b0       0x28 src/syslink.o
 .ARM.attributes
                0x00000000000002d8       0x28 src/pm.o
 .ARM.attributes
                0x0000000000000300       0x28 src/systick.o
 .ARM.attributes
                0x0000000000000328       0x28 src/button.o
 .ARM.attributes
                0x0000000000000350       0x28 src/swd.o
 .ARM.attributes
                0x0000000000000378       0x28 src/ow.o
 .ARM.attributes
                0x00000000000003a0       0x28 src/ow/owlnk.o
 .ARM.attributes
                0x00000000000003c8       0x28 src/ow/ownet.o
 .ARM.attributes
                0x00000000000003f0       0x28 src/ow/owtran.o
 .ARM.attributes
                0x0000000000000418       0x28 src/ow/crcutil.o
 .ARM.attributes
                0x0000000000000440       0x28 src/ds2431.o
 .ARM.attributes
                0x0000000000000468       0x28 src/ds28e05.o
 .ARM.attributes
                0x0000000000000490       0x28 src/esb.o
 .ARM.attributes
                0x00000000000004b8       0x28 src/memory.o
 .ARM.attributes
                0x00000000000004e0       0x28 src/platform.o
 .ARM.attributes
                0x0000000000000508       0x28 src/platform_cf2.o
 .ARM.attributes
                0x0000000000000530       0x28 src/debug.o
 .ARM.attributes
                0x0000000000000558       0x28 src/shutdown.o
 .ARM.attributes
                0x0000000000000580       0x1e /usr/lib/gcc/arm-none-eabi/9.2.1/thumb/v6-m/nofp/libgcc.a(_udivsi3.o)
 .ARM.attributes
                0x000000000000059e       0x1e /usr/lib/gcc/arm-none-eabi/9.2.1/thumb/v6-m/nofp/libgcc.a(_divsi3.o)
 .ARM.attributes
                0x00000000000005bc       0x1e /usr/lib/gcc/arm-none-eabi/9.2.1/thumb/v6-m/nofp/libgcc.a(_dvmd_tls.o)
 .ARM.attributes
                0x00000000000005da       0x1e /usr/lib/gcc/arm-none-eabi/9.2.1/thumb/v6-m/nofp/libgcc.a(_arm_cmpsf2.o)
 .ARM.attributes
                0x00000000000005f8       0x2c /usr/lib/gcc/arm-none-eabi/9.2.1/thumb/v6-m/nofp/libgcc.a(divsf3.o)
 .ARM.attributes
                0x0000000000000624       0x2c /usr/lib/gcc/arm-none-eabi/9.2.1/thumb/v6-m/nofp/libgcc.a(eqsf2.o)
 .ARM.attributes
                0x0000000000000650       0x2c /usr/lib/gcc/arm-none-eabi/9.2.1/thumb/v6-m/nofp/libgcc.a(gesf2.o)
 .ARM.attributes
                0x000000000000067c       0x2c /usr/lib/gcc/arm-none-eabi/9.2.1/thumb/v6-m/nofp/libgcc.a(lesf2.o)
 .ARM.attributes
                0x00000000000006a8       0x2c /usr/lib/gcc/arm-none-eabi/9.2.1/thumb/v6-m/nofp/libgcc.a(mulsf3.o)
 .ARM.attributes
                0x00000000000006d4       0x2c /usr/lib/gcc/arm-none-eabi/9.2.1/thumb/v6-m/nofp/libgcc.a(floatsisf.o)
 .ARM.attributes
                0x0000000000000700       0x1e /usr/lib/gcc/arm-none-eabi/9.2.1/thumb/v6-m/nofp/libgcc.a(_clzsi2.o)
 .ARM.attributes
                0x000000000000071e       0x2c /usr/lib/gcc/arm-none-eabi/9.2.1/../../../arm-none-eabi/lib/thumb/v6-m/nofp/libc_nano.a(lib_a-atexit.o)
 .ARM.attributes
                0x000000000000074a       0x2c /usr/lib/gcc/arm-none-eabi/9.2.1/../../../arm-none-eabi/lib/thumb/v6-m/nofp/libc_nano.a(lib_a-errno.o)
 .ARM.attributes
                0x0000000000000776       0x2c /usr/lib/gcc/arm-none-eabi/9.2.1/../../../arm-none-eabi/lib/thumb/v6-m/nofp/libc_nano.a(lib_a-exit.o)
 .ARM.attributes
                0x00000000000007a2       0x2c /usr/lib/gcc/arm-none-eabi/9.2.1/../../../arm-none-eabi/lib/thumb/v6-m/nofp/libc_nano.a(lib_a-fini.o)
 .ARM.attributes
                0x00000000000007ce       0x2c /usr/lib/gcc/arm-none-eabi/9.2.1/../../../arm-none-eabi/lib/thumb/v6-m/nofp/libc_nano.a(lib_a-impure.o)
 .ARM.attributes
                0x00000000000007fa       0x2c /usr/lib/gcc/arm-none-eabi/9.2.1/../../../arm-none-eabi/lib/thumb/v6-m/nofp/libc_nano.a(lib_a-init.o)
 .ARM.attributes
                0x0000000000000826       0x2c /usr/lib/gcc/arm-none-eabi/9.2.1/../../../arm-none-eabi/lib/thumb/v6-m/nofp/libc_nano.a(lib_a-memcmp.o)
 .ARM.attributes
                0x0000000000000852       0x2c /usr/lib/gcc/arm-none-eabi/9.2.1/../../../arm-none-eabi/lib/thumb/v6-m/nofp/libc_nano.a(lib_a-memcpy-stub.o)
 .ARM.attributes
                0x000000000000087e       0x2c /usr/lib/gcc/arm-none-eabi/9.2.1/../../../arm-none-eabi/lib/thumb/v6-m/nofp/libc_nano.a(lib_a-memset.o)
 .ARM.attributes
                0x00000000000008aa       0x2c /usr/lib/gcc/arm-none-eabi/9.2.1/../../../arm-none-eabi/lib/thumb/v6-m/nofp/libc_nano.a(lib_a-printf.o)
 .ARM.attributes
                0x00000000000008d6       0x1b /usr/lib/gcc/arm-none-eabi/9.2.1/../../../arm-none-eabi/lib/thumb/v6-m/nofp/libc_nano.a(lib_a-strcmp.o)
 .ARM.attributes
                0x00000000000008f1       0x2c /usr/lib/gcc/arm-none-eabi/9.2.1/../../../arm-none-eabi/lib/thumb/v6-m/nofp/libc_nano.a(lib_a-strlen-stub.o)
 .ARM.attributes
                0x000000000000091d       0x2c /usr/lib/gcc/arm-none-eabi/9.2.1/../../../arm-none-eabi/lib/thumb/v6-m/nofp/libc_nano.a(lib_a-strncpy.o)
 .ARM.attributes
                0x0000000000000949       0x2c /usr/lib/gcc/arm-none-eabi/9.2.1/../../../arm-none-eabi/lib/thumb/v6-m/nofp/libc_nano.a(lib_a-strtok_r.o)
 .ARM.attributes
                0x0000000000000975       0x2c /usr/lib/gcc/arm-none-eabi/9.2.1/../../../arm-none-eabi/lib/thumb/v6-m/nofp/libc_nano.a(lib_a-__atexit.o)
 .ARM.attributes
                0x00000000000009a1       0x2c /usr/lib/gcc/arm-none-eabi/9.2.1/../../../arm-none-eabi/lib/thumb/v6-m/nofp/libc_nano.a(lib_a-__call_atexit.o)
 .ARM.attributes
                0x00000000000009cd       0x2c /usr/lib/gcc/arm-none-eabi/9.2.1/../../../arm-none-eabi/lib/thumb/v6-m/nofp/libc_nano.a(lib_a-findfp.o)
 .ARM.attributes
                0x00000000000009f9       0x2c /usr/lib/gcc/arm-none-eabi/9.2.1/../../../arm-none-eabi/lib/thumb/v6-m/nofp/libc_nano.a(lib_a-fwalk.o)
 .ARM.attributes
                0x0000000000000a25       0x2c /usr/lib/gcc/arm-none-eabi/9.2.1/../../../arm-none-eabi/lib/thumb/v6-m/nofp/libc_nano.a(lib_a-nano-mallocr.o)
 .ARM.attributes
                0x0000000000000a51       0x2c /usr/lib/gcc/arm-none-eabi/9.2.1/../../../arm-none-eabi/lib/thumb/v6-m/nofp/libc_nano.a(lib_a-nano-vfprintf.o)
 .ARM.attributes
                0x0000000000000a7d       0x2c /usr/lib/gcc/arm-none-eabi/9.2.1/../../../arm-none-eabi/lib/thumb/v6-m/nofp/libc_nano.a(lib_a-nano-vfprintf_i.o)
 .ARM.attributes
                0x0000000000000aa9       0x2c /usr/lib/gcc/arm-none-eabi/9.2.1/../../../arm-none-eabi/lib/thumb/v6-m/nofp/libc_nano.a(lib_a-sbrkr.o)
 .ARM.attributes
                0x0000000000000ad5       0x2c /usr/lib/gcc/arm-none-eabi/9.2.1/../../../arm-none-eabi/lib/thumb/v6-m/nofp/libc_nano.a(lib_a-stdio.o)
 .ARM.attributes
                0x0000000000000b01       0x2c /usr/lib/gcc/arm-none-eabi/9.2.1/../../../arm-none-eabi/lib/thumb/v6-m/nofp/libc_nano.a(lib_a-wbuf.o)
 .ARM.attributes
                0x0000000000000b2d       0x2c /usr/lib/gcc/arm-none-eabi/9.2.1/../../../arm-none-eabi/lib/thumb/v6-m/nofp/libc_nano.a(lib_a-writer.o)
 .ARM.attributes
                0x0000000000000b59       0x2c /usr/lib/gcc/arm-none-eabi/9.2.1/../../../arm-none-eabi/lib/thumb/v6-m/nofp/libc_nano.a(lib_a-wsetup.o)
 .ARM.attributes
                0x0000000000000b85       0x2c /usr/lib/gcc/arm-none-eabi/9.2.1/../../../arm-none-eabi/lib/thumb/v6-m/nofp/libc_nano.a(lib_a-closer.o)
 .ARM.attributes
                0x0000000000000bb1       0x2c /usr/lib/gcc/arm-none-eabi/9.2.1/../../../arm-none-eabi/lib/thumb/v6-m/nofp/libc_nano.a(lib_a-fflush.o)
 .ARM.attributes
                0x0000000000000bdd       0x2c /usr/lib/gcc/arm-none-eabi/9.2.1/../../../arm-none-eabi/lib/thumb/v6-m/nofp/libc_nano.a(lib_a-fvwrite.o)
 .ARM.attributes
                0x0000000000000c09       0x2c /usr/lib/gcc/arm-none-eabi/9.2.1/../../../arm-none-eabi/lib/thumb/v6-m/nofp/libc_nano.a(lib_a-lseekr.o)
 .ARM.attributes
                0x0000000000000c35       0x2c /usr/lib/gcc/arm-none-eabi/9.2.1/../../../arm-none-eabi/lib/thumb/v6-m/nofp/libc_nano.a(lib_a-makebuf.o)
 .ARM.attributes
                0x0000000000000c61       0x2c /usr/lib/gcc/arm-none-eabi/9.2.1/../../../arm-none-eabi/lib/thumb/v6-m/nofp/libc_nano.a(lib_a-memchr-stub.o)
 .ARM.attributes
                0x0000000000000c8d       0x2c /usr/lib/gcc/arm-none-eabi/9.2.1/../../../arm-none-eabi/lib/thumb/v6-m/nofp/libc_nano.a(lib_a-memmove.o)
 .ARM.attributes
                0x0000000000000cb9       0x2c /usr/lib/gcc/arm-none-eabi/9.2.1/../../../arm-none-eabi/lib/thumb/v6-m/nofp/libc_nano.a(lib_a-mlock.o)
 .ARM.attributes
                0x0000000000000ce5       0x2c /usr/lib/gcc/arm-none-eabi/9.2.1/../../../arm-none-eabi/lib/thumb/v6-m/nofp/libc_nano.a(lib_a-nano-freer.o)
 .ARM.attributes
                0x0000000000000d11       0x2c /usr/lib/gcc/arm-none-eabi/9.2.1/../../../arm-none-eabi/lib/thumb/v6-m/nofp/libc_nano.a(lib_a-nano-reallocr.o)
 .ARM.attributes
                0x0000000000000d3d       0x2c /usr/lib/gcc/arm-none-eabi/9.2.1/../../../arm-none-eabi/lib/thumb/v6-m/nofp/libc_nano.a(lib_a-readr.o)
 .ARM.attributes
                0x0000000000000d69       0x2c /usr/lib/gcc/arm-none-eabi/9.2.1/../../../arm-none-eabi/lib/thumb/v6-m/nofp/libc_nano.a(lib_a-reent.o)
 .ARM.attributes
                0x0000000000000d95       0x2c /usr/lib/gcc/arm-none-eabi/9.2.1/../../../arm-none-eabi/lib/thumb/v6-m/nofp/libc_nano.a(lib_a-fstatr.o)
 .ARM.attributes
                0x0000000000000dc1       0x2c /usr/lib/gcc/arm-none-eabi/9.2.1/../../../arm-none-eabi/lib/thumb/v6-m/nofp/libc_nano.a(lib_a-isattyr.o)
 .ARM.attributes
                0x0000000000000ded       0x2c /usr/lib/gcc/arm-none-eabi/9.2.1/../../../arm-none-eabi/lib/thumb/v6-m/nofp/libc_nano.a(lib_a-nano-msizer.o)
 .ARM.attributes
                0x0000000000000e19       0x2c /usr/lib/gcc/arm-none-eabi/9.2.1/thumb/v6-m/nofp/crtend.o
 .ARM.attributes
                0x0000000000000e45       0x1e /usr/lib/gcc/arm-none-eabi/9.2.1/thumb/v6-m/nofp/crtn.o
 .ARM.attributes
                0x0000000000000e63       0x2c /usr/lib/gcc/arm-none-eabi/9.2.1/../../../arm-none-eabi/lib/thumb/v6-m/nofp/libnosys.a(close.o)
 .ARM.attributes
                0x0000000000000e8f       0x2c /usr/lib/gcc/arm-none-eabi/9.2.1/../../../arm-none-eabi/lib/thumb/v6-m/nofp/libnosys.a(fstat.o)
 .ARM.attributes
                0x0000000000000ebb       0x2c /usr/lib/gcc/arm-none-eabi/9.2.1/../../../arm-none-eabi/lib/thumb/v6-m/nofp/libnosys.a(isatty.o)
 .ARM.attributes
                0x0000000000000ee7       0x2c /usr/lib/gcc/arm-none-eabi/9.2.1/../../../arm-none-eabi/lib/thumb/v6-m/nofp/libnosys.a(lseek.o)
 .ARM.attributes
                0x0000000000000f13       0x2c /usr/lib/gcc/arm-none-eabi/9.2.1/../../../arm-none-eabi/lib/thumb/v6-m/nofp/libnosys.a(read.o)
 .ARM.attributes
                0x0000000000000f3f       0x2c /usr/lib/gcc/arm-none-eabi/9.2.1/../../../arm-none-eabi/lib/thumb/v6-m/nofp/libnosys.a(sbrk.o)
 .ARM.attributes
                0x0000000000000f6b       0x2c /usr/lib/gcc/arm-none-eabi/9.2.1/../../../arm-none-eabi/lib/thumb/v6-m/nofp/libnosys.a(write.o)
 .ARM.attributes
                0x0000000000000f97       0x2c /usr/lib/gcc/arm-none-eabi/9.2.1/../../../arm-none-eabi/lib/thumb/v6-m/nofp/libnosys.a(_exit.o)

.comment        0x0000000000000000       0xa7
 .comment       0x0000000000000000       0x59 /usr/lib/gcc/arm-none-eabi/9.2.1/thumb/v6-m/nofp/crtbegin.o
                                         0x5a (size before relaxing)
 .comment       0x0000000000000059       0x5a src/ble/ble.o
 .comment       0x0000000000000059       0x5a src/ble/ble_crazyflies.o
 .comment       0x0000000000000059       0x5a src/ble/timeslot.o
 .comment       0x0000000000000059       0x5a nrf51_sdk/nrf51822/Source/ble/ble_advdata.o
 .comment       0x0000000000000059       0x5a nrf51_sdk/nrf51822/Source/ble/ble_conn_params.o
 .comment       0x0000000000000059       0x5a nrf51_sdk/nrf51822/Source/ble/ble_services/ble_srv_common.o
 .comment       0x0000000000000059       0x5a nrf51_sdk/nrf51822/Source/ble/ble_services/ble_dis.o
 .comment       0x0000000000000059       0x5a nrf51_sdk/nrf51822/Source/sd_common/softdevice_handler.o
 .comment       0x0000000000000059       0x5a nrf51_sdk/nrf51822/Source/app_common/app_timer.o
 .comment       0x0000000000000059       0x5a nrf51_sdk/nrf51822/Source/app_common/pstorage.o
 .comment       0x0000000000000059       0x5a nrf51_sdk/nrf51822/Source/ble/device_manager/device_manager_peripheral.o
 .comment       0x0000000000000059       0x5a src/main.o
 .comment       0x0000000000000059       0x5a system_nrf51.o
 .comment       0x0000000000000059       0x5a src/uart.o
 .comment       0x0000000000000059       0x5a src/syslink.o
 .comment       0x0000000000000059       0x5a src/pm.o
 .comment       0x0000000000000059       0x5a src/systick.o
 .comment       0x0000000000000059       0x5a src/button.o
 .comment       0x0000000000000059       0x5a src/swd.o
 .comment       0x0000000000000059       0x5a src/ow.o
 .comment       0x0000000000000059       0x5a src/ow/owlnk.o
 .comment       0x0000000000000059       0x5a src/ow/ownet.o
 .comment       0x0000000000000059       0x5a src/ow/owtran.o
 .comment       0x0000000000000059       0x5a src/ow/crcutil.o
 .comment       0x0000000000000059       0x5a src/ds2431.o
 .comment       0x0000000000000059       0x5a src/ds28e05.o
 .comment       0x0000000000000059       0x5a src/esb.o
 .comment       0x0000000000000059       0x5a src/memory.o
 .comment       0x0000000000000059       0x5a src/platform.o
 .comment       0x0000000000000059       0x5a src/platform_cf2.o
 .comment       0x0000000000000059       0x5a src/debug.o
 .comment       0x0000000000000059       0x5a src/shutdown.o
 .comment       0x0000000000000059       0x5a /usr/lib/gcc/arm-none-eabi/9.2.1/thumb/v6-m/nofp/libgcc.a(divsf3.o)
 .comment       0x0000000000000059       0x5a /usr/lib/gcc/arm-none-eabi/9.2.1/thumb/v6-m/nofp/libgcc.a(eqsf2.o)
 .comment       0x0000000000000059       0x5a /usr/lib/gcc/arm-none-eabi/9.2.1/thumb/v6-m/nofp/libgcc.a(gesf2.o)
 .comment       0x0000000000000059       0x5a /usr/lib/gcc/arm-none-eabi/9.2.1/thumb/v6-m/nofp/libgcc.a(lesf2.o)
 .comment       0x0000000000000059       0x5a /usr/lib/gcc/arm-none-eabi/9.2.1/thumb/v6-m/nofp/libgcc.a(mulsf3.o)
 .comment       0x0000000000000059       0x5a /usr/lib/gcc/arm-none-eabi/9.2.1/thumb/v6-m/nofp/libgcc.a(floatsisf.o)
 .comment       0x0000000000000059       0x4e /usr/lib/gcc/arm-none-eabi/9.2.1/../../../arm-none-eabi/lib/thumb/v6-m/nofp/libc_nano.a(lib_a-atexit.o)
                                         0x4f (size before relaxing)
 .comment       0x00000000000000a7       0x4f /usr/lib/gcc/arm-none-eabi/9.2.1/../../../arm-none-eabi/lib/thumb/v6-m/nofp/libc_nano.a(lib_a-errno.o)
 .comment       0x00000000000000a7       0x4f /usr/lib/gcc/arm-none-eabi/9.2.1/../../../arm-none-eabi/lib/thumb/v6-m/nofp/libc_nano.a(lib_a-exit.o)
 .comment       0x00000000000000a7       0x4f /usr/lib/gcc/arm-none-eabi/9.2.1/../../../arm-none-eabi/lib/thumb/v6-m/nofp/libc_nano.a(lib_a-fini.o)
 .comment       0x00000000000000a7       0x4f /usr/lib/gcc/arm-none-eabi/9.2.1/../../../arm-none-eabi/lib/thumb/v6-m/nofp/libc_nano.a(lib_a-impure.o)
 .comment       0x00000000000000a7       0x4f /usr/lib/gcc/arm-none-eabi/9.2.1/../../../arm-none-eabi/lib/thumb/v6-m/nofp/libc_nano.a(lib_a-init.o)
 .comment       0x00000000000000a7       0x4f /usr/lib/gcc/arm-none-eabi/9.2.1/../../../arm-none-eabi/lib/thumb/v6-m/nofp/libc_nano.a(lib_a-memcmp.o)
 .comment       0x00000000000000a7       0x4f /usr/lib/gcc/arm-none-eabi/9.2.1/../../../arm-none-eabi/lib/thumb/v6-m/nofp/libc_nano.a(lib_a-memcpy-stub.o)
 .comment       0x00000000000000a7       0x4f /usr/lib/gcc/arm-none-eabi/9.2.1/../../../arm-none-eabi/lib/thumb/v6-m/nofp/libc_nano.a(lib_a-memset.o)
 .comment       0x00000000000000a7       0x4f /usr/lib/gcc/arm-none-eabi/9.2.1/../../../arm-none-eabi/lib/thumb/v6-m/nofp/libc_nano.a(lib_a-printf.o)
 .comment       0x00000000000000a7       0x4f /usr/lib/gcc/arm-none-eabi/9.2.1/../../../arm-none-eabi/lib/thumb/v6-m/nofp/libc_nano.a(lib_a-strlen-stub.o)
 .comment       0x00000000000000a7       0x4f /usr/lib/gcc/arm-none-eabi/9.2.1/../../../arm-none-eabi/lib/thumb/v6-m/nofp/libc_nano.a(lib_a-strncpy.o)
 .comment       0x00000000000000a7       0x4f /usr/lib/gcc/arm-none-eabi/9.2.1/../../../arm-none-eabi/lib/thumb/v6-m/nofp/libc_nano.a(lib_a-strtok_r.o)
 .comment       0x00000000000000a7       0x4f /usr/lib/gcc/arm-none-eabi/9.2.1/../../../arm-none-eabi/lib/thumb/v6-m/nofp/libc_nano.a(lib_a-__atexit.o)
 .comment       0x00000000000000a7       0x4f /usr/lib/gcc/arm-none-eabi/9.2.1/../../../arm-none-eabi/lib/thumb/v6-m/nofp/libc_nano.a(lib_a-__call_atexit.o)
 .comment       0x00000000000000a7       0x4f /usr/lib/gcc/arm-none-eabi/9.2.1/../../../arm-none-eabi/lib/thumb/v6-m/nofp/libc_nano.a(lib_a-findfp.o)
 .comment       0x00000000000000a7       0x4f /usr/lib/gcc/arm-none-eabi/9.2.1/../../../arm-none-eabi/lib/thumb/v6-m/nofp/libc_nano.a(lib_a-fwalk.o)
 .comment       0x00000000000000a7       0x4f /usr/lib/gcc/arm-none-eabi/9.2.1/../../../arm-none-eabi/lib/thumb/v6-m/nofp/libc_nano.a(lib_a-nano-mallocr.o)
 .comment       0x00000000000000a7       0x4f /usr/lib/gcc/arm-none-eabi/9.2.1/../../../arm-none-eabi/lib/thumb/v6-m/nofp/libc_nano.a(lib_a-nano-vfprintf.o)
 .comment       0x00000000000000a7       0x4f /usr/lib/gcc/arm-none-eabi/9.2.1/../../../arm-none-eabi/lib/thumb/v6-m/nofp/libc_nano.a(lib_a-nano-vfprintf_i.o)
 .comment       0x00000000000000a7       0x4f /usr/lib/gcc/arm-none-eabi/9.2.1/../../../arm-none-eabi/lib/thumb/v6-m/nofp/libc_nano.a(lib_a-sbrkr.o)
 .comment       0x00000000000000a7       0x4f /usr/lib/gcc/arm-none-eabi/9.2.1/../../../arm-none-eabi/lib/thumb/v6-m/nofp/libc_nano.a(lib_a-stdio.o)
 .comment       0x00000000000000a7       0x4f /usr/lib/gcc/arm-none-eabi/9.2.1/../../../arm-none-eabi/lib/thumb/v6-m/nofp/libc_nano.a(lib_a-wbuf.o)
 .comment       0x00000000000000a7       0x4f /usr/lib/gcc/arm-none-eabi/9.2.1/../../../arm-none-eabi/lib/thumb/v6-m/nofp/libc_nano.a(lib_a-writer.o)
 .comment       0x00000000000000a7       0x4f /usr/lib/gcc/arm-none-eabi/9.2.1/../../../arm-none-eabi/lib/thumb/v6-m/nofp/libc_nano.a(lib_a-wsetup.o)
 .comment       0x00000000000000a7       0x4f /usr/lib/gcc/arm-none-eabi/9.2.1/../../../arm-none-eabi/lib/thumb/v6-m/nofp/libc_nano.a(lib_a-closer.o)
 .comment       0x00000000000000a7       0x4f /usr/lib/gcc/arm-none-eabi/9.2.1/../../../arm-none-eabi/lib/thumb/v6-m/nofp/libc_nano.a(lib_a-fflush.o)
 .comment       0x00000000000000a7       0x4f /usr/lib/gcc/arm-none-eabi/9.2.1/../../../arm-none-eabi/lib/thumb/v6-m/nofp/libc_nano.a(lib_a-fvwrite.o)
 .comment       0x00000000000000a7       0x4f /usr/lib/gcc/arm-none-eabi/9.2.1/../../../arm-none-eabi/lib/thumb/v6-m/nofp/libc_nano.a(lib_a-lseekr.o)
 .comment       0x00000000000000a7       0x4f /usr/lib/gcc/arm-none-eabi/9.2.1/../../../arm-none-eabi/lib/thumb/v6-m/nofp/libc_nano.a(lib_a-makebuf.o)
 .comment       0x00000000000000a7       0x4f /usr/lib/gcc/arm-none-eabi/9.2.1/../../../arm-none-eabi/lib/thumb/v6-m/nofp/libc_nano.a(lib_a-memchr-stub.o)
 .comment       0x00000000000000a7       0x4f /usr/lib/gcc/arm-none-eabi/9.2.1/../../../arm-none-eabi/lib/thumb/v6-m/nofp/libc_nano.a(lib_a-memmove.o)
 .comment       0x00000000000000a7       0x4f /usr/lib/gcc/arm-none-eabi/9.2.1/../../../arm-none-eabi/lib/thumb/v6-m/nofp/libc_nano.a(lib_a-mlock.o)
 .comment       0x00000000000000a7       0x4f /usr/lib/gcc/arm-none-eabi/9.2.1/../../../arm-none-eabi/lib/thumb/v6-m/nofp/libc_nano.a(lib_a-nano-freer.o)
 .comment       0x00000000000000a7       0x4f /usr/lib/gcc/arm-none-eabi/9.2.1/../../../arm-none-eabi/lib/thumb/v6-m/nofp/libc_nano.a(lib_a-nano-reallocr.o)
 .comment       0x00000000000000a7       0x4f /usr/lib/gcc/arm-none-eabi/9.2.1/../../../arm-none-eabi/lib/thumb/v6-m/nofp/libc_nano.a(lib_a-readr.o)
 .comment       0x00000000000000a7       0x4f /usr/lib/gcc/arm-none-eabi/9.2.1/../../../arm-none-eabi/lib/thumb/v6-m/nofp/libc_nano.a(lib_a-reent.o)
 .comment       0x00000000000000a7       0x4f /usr/lib/gcc/arm-none-eabi/9.2.1/../../../arm-none-eabi/lib/thumb/v6-m/nofp/libc_nano.a(lib_a-fstatr.o)
 .comment       0x00000000000000a7       0x4f /usr/lib/gcc/arm-none-eabi/9.2.1/../../../arm-none-eabi/lib/thumb/v6-m/nofp/libc_nano.a(lib_a-isattyr.o)
 .comment       0x00000000000000a7       0x4f /usr/lib/gcc/arm-none-eabi/9.2.1/../../../arm-none-eabi/lib/thumb/v6-m/nofp/libc_nano.a(lib_a-nano-msizer.o)
 .comment       0x00000000000000a7       0x5a /usr/lib/gcc/arm-none-eabi/9.2.1/thumb/v6-m/nofp/crtend.o
 .comment       0x00000000000000a7       0x4f /usr/lib/gcc/arm-none-eabi/9.2.1/../../../arm-none-eabi/lib/thumb/v6-m/nofp/libnosys.a(close.o)
 .comment       0x00000000000000a7       0x4f /usr/lib/gcc/arm-none-eabi/9.2.1/../../../arm-none-eabi/lib/thumb/v6-m/nofp/libnosys.a(fstat.o)
 .comment       0x00000000000000a7       0x4f /usr/lib/gcc/arm-none-eabi/9.2.1/../../../arm-none-eabi/lib/thumb/v6-m/nofp/libnosys.a(isatty.o)
 .comment       0x00000000000000a7       0x4f /usr/lib/gcc/arm-none-eabi/9.2.1/../../../arm-none-eabi/lib/thumb/v6-m/nofp/libnosys.a(lseek.o)
 .comment       0x00000000000000a7       0x4f /usr/lib/gcc/arm-none-eabi/9.2.1/../../../arm-none-eabi/lib/thumb/v6-m/nofp/libnosys.a(read.o)
 .comment       0x00000000000000a7       0x4f /usr/lib/gcc/arm-none-eabi/9.2.1/../../../arm-none-eabi/lib/thumb/v6-m/nofp/libnosys.a(sbrk.o)
 .comment       0x00000000000000a7       0x4f /usr/lib/gcc/arm-none-eabi/9.2.1/../../../arm-none-eabi/lib/thumb/v6-m/nofp/libnosys.a(write.o)
 .comment       0x00000000000000a7       0x4f /usr/lib/gcc/arm-none-eabi/9.2.1/../../../arm-none-eabi/lib/thumb/v6-m/nofp/libnosys.a(_exit.o)

.debug_line     0x0000000000000000    0x13265
 .debug_line    0x0000000000000000       0x8c /usr/lib/gcc/arm-none-eabi/9.2.1/../../../arm-none-eabi/lib/thumb/v6-m/nofp/crt0.o
 .debug_line    0x000000000000008c      0xb08 src/ble/ble.o
 .debug_line    0x0000000000000b94      0x60e src/ble/ble_crazyflies.o
 .debug_line    0x00000000000011a2      0x3fe src/ble/timeslot.o
 .debug_line    0x00000000000015a0      0x95a nrf51_sdk/nrf51822/Source/ble/ble_advdata.o
 .debug_line    0x0000000000001efa      0x757 nrf51_sdk/nrf51822/Source/ble/ble_conn_params.o
 .debug_line    0x0000000000002651      0x3b0 nrf51_sdk/nrf51822/Source/ble/ble_services/ble_srv_common.o
 .debug_line    0x0000000000002a01      0x5c8 nrf51_sdk/nrf51822/Source/ble/ble_services/ble_dis.o
 .debug_line    0x0000000000002fc9      0x702 nrf51_sdk/nrf51822/Source/sd_common/softdevice_handler.o
 .debug_line    0x00000000000036cb      0xd8c nrf51_sdk/nrf51822/Source/app_common/app_timer.o
 .debug_line    0x0000000000004457      0xc2a nrf51_sdk/nrf51822/Source/app_common/pstorage.o
 .debug_line    0x0000000000005081     0x11d2 nrf51_sdk/nrf51822/Source/ble/device_manager/device_manager_peripheral.o
 .debug_line    0x0000000000006253      0xc01 src/main.o
 .debug_line    0x0000000000006e54      0x22a system_nrf51.o
 .debug_line    0x000000000000707e      0x35b src/uart.o
 .debug_line    0x00000000000073d9      0x2ab src/syslink.o
 .debug_line    0x0000000000007684      0x5c0 src/pm.o
 .debug_line    0x0000000000007c44      0x1e0 src/systick.o
 .debug_line    0x0000000000007e24      0x1fc src/button.o
 .debug_line    0x0000000000008020      0x288 src/swd.o
 .debug_line    0x00000000000082a8      0x32a src/ow.o
 .debug_line    0x00000000000085d2      0x4fd src/ow/owlnk.o
 .debug_line    0x0000000000008acf      0x629 src/ow/ownet.o
 .debug_line    0x00000000000090f8      0x342 src/ow/owtran.o
 .debug_line    0x000000000000943a      0x2ce src/ow/crcutil.o
 .debug_line    0x0000000000009708      0x3dc src/ds2431.o
 .debug_line    0x0000000000009ae4      0x42c src/ds28e05.o
 .debug_line    0x0000000000009f10      0xa57 src/esb.o
 .debug_line    0x000000000000a967      0x4b9 src/memory.o
 .debug_line    0x000000000000ae20      0x36e src/platform.o
 .debug_line    0x000000000000b18e       0xa2 src/platform_cf2.o
 .debug_line    0x000000000000b230       0x53 src/debug.o
 .debug_line    0x000000000000b283      0x10e src/shutdown.o
 .debug_line    0x000000000000b391       0x6c /usr/lib/gcc/arm-none-eabi/9.2.1/thumb/v6-m/nofp/libgcc.a(_udivsi3.o)
 .debug_line    0x000000000000b3fd       0x73 /usr/lib/gcc/arm-none-eabi/9.2.1/thumb/v6-m/nofp/libgcc.a(_divsi3.o)
 .debug_line    0x000000000000b470       0x60 /usr/lib/gcc/arm-none-eabi/9.2.1/thumb/v6-m/nofp/libgcc.a(_dvmd_tls.o)
 .debug_line    0x000000000000b4d0       0x75 /usr/lib/gcc/arm-none-eabi/9.2.1/thumb/v6-m/nofp/libgcc.a(_arm_cmpsf2.o)
 .debug_line    0x000000000000b545      0x54e /usr/lib/gcc/arm-none-eabi/9.2.1/thumb/v6-m/nofp/libgcc.a(divsf3.o)
 .debug_line    0x000000000000ba93      0x154 /usr/lib/gcc/arm-none-eabi/9.2.1/thumb/v6-m/nofp/libgcc.a(eqsf2.o)
 .debug_line    0x000000000000bbe7      0x1a3 /usr/lib/gcc/arm-none-eabi/9.2.1/thumb/v6-m/nofp/libgcc.a(gesf2.o)
 .debug_line    0x000000000000bd8a      0x19b /usr/lib/gcc/arm-none-eabi/9.2.1/thumb/v6-m/nofp/libgcc.a(lesf2.o)
 .debug_line    0x000000000000bf25      0x57a /usr/lib/gcc/arm-none-eabi/9.2.1/thumb/v6-m/nofp/libgcc.a(mulsf3.o)
 .debug_line    0x000000000000c49f      0x230 /usr/lib/gcc/arm-none-eabi/9.2.1/thumb/v6-m/nofp/libgcc.a(floatsisf.o)
 .debug_line    0x000000000000c6cf       0x74 /usr/lib/gcc/arm-none-eabi/9.2.1/thumb/v6-m/nofp/libgcc.a(_clzsi2.o)
 .debug_line    0x000000000000c743      0x152 /usr/lib/gcc/arm-none-eabi/9.2.1/../../../arm-none-eabi/lib/thumb/v6-m/nofp/libc_nano.a(lib_a-atexit.o)
 .debug_line    0x000000000000c895      0x10e /usr/lib/gcc/arm-none-eabi/9.2.1/../../../arm-none-eabi/lib/thumb/v6-m/nofp/libc_nano.a(lib_a-errno.o)
 .debug_line    0x000000000000c9a3      0x16a /usr/lib/gcc/arm-none-eabi/9.2.1/../../../arm-none-eabi/lib/thumb/v6-m/nofp/libc_nano.a(lib_a-exit.o)
 .debug_line    0x000000000000cb0d       0xd4 /usr/lib/gcc/arm-none-eabi/9.2.1/../../../arm-none-eabi/lib/thumb/v6-m/nofp/libc_nano.a(lib_a-fini.o)
 .debug_line    0x000000000000cbe1       0xe3 /usr/lib/gcc/arm-none-eabi/9.2.1/../../../arm-none-eabi/lib/thumb/v6-m/nofp/libc_nano.a(lib_a-impure.o)
 .debug_line    0x000000000000ccc4       0xfc /usr/lib/gcc/arm-none-eabi/9.2.1/../../../arm-none-eabi/lib/thumb/v6-m/nofp/libc_nano.a(lib_a-init.o)
 .debug_line    0x000000000000cdc0      0x1c3 /usr/lib/gcc/arm-none-eabi/9.2.1/../../../arm-none-eabi/lib/thumb/v6-m/nofp/libc_nano.a(lib_a-memcmp.o)